../Core/Src/hal/CTRL.c:82:7:Get_NowSpeed	4	static
../Core/Src/hal/CTRL.c:86:7:Get_NowDist	4	static
../Core/Src/hal/CTRL.c:90:7:Get_TrgtDist	4	static
../Core/Src/hal/CTRL.c:94:7:Get_TrgtSpeed	4	static
../Core/Src/hal/CTRL.c:98:6:Set_TrgtSpeed	16	static
../Core/Src/hal/CTRL.c:102:7:Get_NowDistR	4	static
../Core/Src/hal/CTRL.c:106:7:Get_NowAngle	4	static
../Core/Src/hal/CTRL.c:110:7:Get_TrgtAngle	4	static
../Core/Src/hal/CTRL.c:114:7:Get_TrgtAngleS	4	static
../Core/Src/hal/CTRL.c:118:6:INTC_sys	8	static
../Core/Src/hal/CTRL.c:133:6:CTRL_sta	4	static
../Core/Src/hal/CTRL.c:138:6:CTRL_stop	8	static
../Core/Src/hal/CTRL.c:145:6:CTRL_clrData	4	static
../Core/Src/hal/CTRL.c:180:6:CTRL_clrAngleErrSum	4	static
../Core/Src/hal/CTRL.c:185:6:CTRL_clrSpeedErrSum	4	static
../Core/Src/hal/CTRL.c:190:6:CTRL_clrNowData	8	static
../Core/Src/hal/CTRL.c:206:6:CTRL_setNowData_Err	16	static
../Core/Src/hal/CTRL.c:223:6:CTRL_setData	16	static
../Core/Src/hal/CTRL.c:271:6:CTRL_refNow	24	static
../Core/Src/hal/CTRL.c:294:6:CTRL_refTarget	24	static
../Core/Src/hal/CTRL.c:632:14:Chg_ParamID	16	static
../Core/Src/hal/CTRL.c:657:6:CTRL_getFF_speed	16	static
../Core/Src/hal/CTRL.c:695:6:CTRL_getFF_angle	16	static
../Core/Src/hal/CTRL.c:732:6:CTRL_getSpeedFB	32	static
../Core/Src/hal/CTRL.c:762:6:CTRL_getAngleSpeedFB	40	static
../Core/Src/hal/CTRL.c:798:6:CTRL_getAngleFB	40	static
../Core/Src/hal/CTRL.c:823:6:CTRL_getSenFB	32	static
../Core/Src/hal/CTRL.c:866:6:CTRL_get_frontwall_v_FB	48	static
../Core/Src/hal/CTRL.c:897:6:CTRL_get_frontwall_omega_FB	48	static
../Core/Src/hal/CTRL.c:928:6:CTRL_getFloorFriction	24	static
../Core/Src/hal/CTRL.c:1064:6:CTRL_outMot	24	static
../Core/Src/hal/CTRL.c:1101:6:CTRL_pol	88	static
../Core/Src/hal/CTRL.c:1274:6:Failsafe_flag	8	static
../Core/Src/hal/CTRL.c:1280:6:Failsafe_flag_off	4	static
../Core/Src/hal/CTRL.c:1285:6:SYS_isOutOfCtrl	4	static
