../Core/Src/hal/gyro.c:24:10:Get_s_gyro	4	static
../Core/Src/hal/gyro.c:28:6:ICM_42688_whoami	8	static
../Core/Src/hal/gyro.c:37:6:ICM_42688_WriteByte	16	static
../Core/Src/hal/gyro.c:45:6:ICM_42688_ReadByte	16	static
../Core/Src/hal/gyro.c:55:6:ICM_42688_init	16	static
../Core/Src/hal/gyro.c:112:6:ICM_42688_GyroRead_DMA	16	static
../Core/Src/hal/gyro.c:117:6:ICM_42688_GyroData	16	static
../Core/Src/hal/gyro.c:122:6:GYRO_SetRef	16	static
../Core/Src/hal/gyro.c:137:7:GYRO_getSpeedErr	24	static
../Core/Src/hal/gyro.c:156:7:GYRO_getNowAngle	4	static
../Core/Src/hal/gyro.c:161:7:GYRO_getRef	4	static
../Core/Src/hal/gyro.c:166:6:GYRO_Pol	24	static
../Core/Src/hal/gyro.c:187:6:ACCEL_SetRef	16	static
../Core/Src/hal/gyro.c:203:7:Accel_getSpeedErr	24	static
../Core/Src/hal/gyro.c:213:6:ACCEL_Pol	4	static
../Core/Src/hal/gyro.c:223:6:GYRO_staErrChkAngle	4	static
../Core/Src/hal/gyro.c:230:6:GYRO_endErrChkAngle	4	static
