../Core/Src/hal/mode.c:34:6:SYS_start	8	static
../Core/Src/hal/mode.c:68:6:MODE_inc	8	static
../Core/Src/hal/mode.c:117:6:CountUP_mode	8	static
../Core/Src/hal/mode.c:126:6:MODE_speed_parameter	32	static
../Core/Src/hal/mode.c:147:6:MODE_exe_m0	24	static
../Core/Src/hal/mode.c:405:6:MODE_exe_m1	32	static
../Core/Src/hal/mode.c:468:6:MODE_exe_m2	32	static
../Core/Src/hal/mode.c:756:6:MODE_exe_m3	32	static
../Core/Src/hal/mode.c:1017:6:MODE_exe_m4	32	static
../Core/Src/hal/mode.c:1193:6:MODE_exe_m5	32	static
../Core/Src/hal/mode.c:1476:6:MODE_exe	8	static
../Core/Src/hal/mode.c:1659:6:MODE_DistRightCheck	16	static
../Core/Src/hal/mode.c:1676:6:MODE_DistLeftCheck	16	static
../Core/Src/hal/mode.c:1694:6:MODE_setWaitCheck	16	static
../Core/Src/hal/mode.c:1715:6:MODE_CheckExe	16	static
