../Core/Src/hal/mode.c:34:6:SYS_start	8	static
../Core/Src/hal/mode.c:68:6:MODE_inc	8	static
../Core/Src/hal/mode.c:117:6:CountUP_mode	8	static
../Core/Src/hal/mode.c:126:6:MODE_speed_parameter	32	static
../Core/Src/hal/mode.c:147:6:MODE_exe_m0	24	static
../Core/Src/hal/mode.c:404:6:MODE_exe_m1	32	static
../Core/Src/hal/mode.c:467:6:MODE_exe_m2	32	static
../Core/Src/hal/mode.c:755:6:MODE_exe_m3	32	static
../Core/Src/hal/mode.c:1016:6:MODE_exe_m4	32	static
../Core/Src/hal/mode.c:1192:6:MODE_exe_m5	32	static
../Core/Src/hal/mode.c:1475:6:MODE_exe	8	static
../Core/Src/hal/mode.c:1658:6:MODE_DistRightCheck	16	static
../Core/Src/hal/mode.c:1675:6:MODE_DistLeftCheck	16	static
../Core/Src/hal/mode.c:1693:6:MODE_setWaitCheck	16	static
../Core/Src/hal/mode.c:1714:6:MODE_CheckExe	16	static
