../Core/Src/hal/run.c:105:7:MOT_getAcc1	8	static
../Core/Src/hal/run.c:110:7:MOT_getAcc3	8	static
../Core/Src/hal/run.c:115:7:MOT_getJerk	8	static
../Core/Src/hal/run.c:120:6:MOT_goBlock_AccConstDec	80	static
../Core/Src/hal/run.c:448:6:MOT_setData_ACC_CONST_DEC	88	static
../Core/Src/hal/run.c:520:6:MOT_setData_MOT_ACC_CONST_DEC_CUSTOM	112	static
../Core/Src/hal/run.c:606:6:MOT_setData_MOT_ACC_CONST	48	static
../Core/Src/hal/run.c:654:6:MOT_setData_MOT_ACC_CONST_CUSTOM	64	static
../Core/Src/hal/run.c:707:6:MOT_setData_MOT_CONST_DEC	72	static
../Core/Src/hal/run.c:755:6:MOT_setData_MOT_CONST_DEC_CUSTOM	80	static
../Core/Src/hal/run.c:807:15:MOT_getStType	152	static
../Core/Src/hal/run.c:958:6:MOT_go_FinSpeed	32	static
../Core/Src/hal/run.c:1000:6:MOT_goBlock_FinSpeed	16	static
../Core/Src/hal/run.c:1005:6:MOT_goSkewBlock_FinSpeed	16	static
../Core/Src/hal/run.c:1010:6:MOT_goBlock_Const	240	static
../Core/Src/hal/run.c:1146:6:testrun	72	static
../Core/Src/hal/run.c:1162:7:MOT_getAccAngle1	8	static
../Core/Src/hal/run.c:1167:7:MOT_getAccAngle3	8	static
../Core/Src/hal/run.c:1172:7:MOT_getJerkAngle	8	static
../Core/Src/hal/run.c:1177:6:MOT_turn	328	static
../Core/Src/hal/run.c:1618:6:MOT_setSlaStaSpeed	16	static
../Core/Src/hal/run.c:1632:7:MOT_getSlaStaSpeed	24	static
../Core/Src/hal/run.c:1648:7:MOT_setTrgtSpeed	16	static
../Core/Src/hal/run.c:1654:6:MOT_setNowSpeed	16	static
../Core/Src/hal/run.c:1659:6:MOT_goHitBackWall	232	static
../Core/Src/hal/run.c:1714:6:MOT_goSla	272	static
../Core/Src/hal/run.c:2205:6:turntable	72	static
../Core/Src/hal/run.c:2237:6:MOT_setWallEdgeType	16	static
../Core/Src/hal/run.c:2244:22:MOT_getWallEdgeType	4	static
../Core/Src/hal/run.c:2249:6:MOT_setWallEdge	16	static
../Core/Src/hal/run.c:2255:6:MOT_setWallEdgeDist	16	static
../Core/Src/hal/run.c:2281:6:MOT_setWallEdgeDist_LoopWait	4	static
../Core/Src/hal/run.c:2295:6:DIST_Front_Wall_correction	232	static
