../Core/Src/hal/run.c:105:7:MOT_getAcc1	8	static
../Core/Src/hal/run.c:110:7:MOT_getAcc3	8	static
../Core/Src/hal/run.c:115:7:MOT_getJerk	8	static
../Core/Src/hal/run.c:120:6:MOT_goBlock_AccConstDec	80	static
../Core/Src/hal/run.c:445:6:MOT_setData_ACC_CONST_DEC	80	static
../Core/Src/hal/run.c:513:6:MOT_setData_MOT_ACC_CONST_DEC_CUSTOM	112	static
../Core/Src/hal/run.c:599:6:MOT_setData_MOT_ACC_CONST	48	static
../Core/Src/hal/run.c:647:6:MOT_setData_MOT_ACC_CONST_CUSTOM	64	static
../Core/Src/hal/run.c:700:6:MOT_setData_MOT_CONST_DEC	72	static
../Core/Src/hal/run.c:748:6:MOT_setData_MOT_CONST_DEC_CUSTOM	80	static
../Core/Src/hal/run.c:800:15:MOT_getStType	152	static
../Core/Src/hal/run.c:941:6:MOT_go_FinSpeed	32	static
../Core/Src/hal/run.c:983:6:MOT_goBlock_FinSpeed	16	static
../Core/Src/hal/run.c:988:6:MOT_goSkewBlock_FinSpeed	16	static
../Core/Src/hal/run.c:993:6:MOT_goBlock_Const	240	static
../Core/Src/hal/run.c:1129:6:testrun	72	static
../Core/Src/hal/run.c:1145:7:MOT_getAccAngle1	8	static
../Core/Src/hal/run.c:1150:7:MOT_getAccAngle3	8	static
../Core/Src/hal/run.c:1155:7:MOT_getJerkAngle	8	static
../Core/Src/hal/run.c:1160:6:MOT_turn	328	static
../Core/Src/hal/run.c:1601:6:MOT_setSlaStaSpeed	16	static
../Core/Src/hal/run.c:1615:7:MOT_getSlaStaSpeed	24	static
../Core/Src/hal/run.c:1631:7:MOT_setTrgtSpeed	16	static
../Core/Src/hal/run.c:1637:6:MOT_setNowSpeed	16	static
../Core/Src/hal/run.c:1642:6:MOT_goHitBackWall	232	static
../Core/Src/hal/run.c:1697:6:MOT_goSla	272	static
../Core/Src/hal/run.c:2188:6:turntable	72	static
../Core/Src/hal/run.c:2220:6:MOT_setWallEdgeType	16	static
../Core/Src/hal/run.c:2227:22:MOT_getWallEdgeType	4	static
../Core/Src/hal/run.c:2232:6:MOT_setWallEdge	16	static
../Core/Src/hal/run.c:2238:6:MOT_setWallEdgeDist	16	static
../Core/Src/hal/run.c:2264:6:MOT_setWallEdgeDist_LoopWait	4	static
../Core/Src/hal/run.c:2278:6:DIST_Front_Wall_correction	232	static
