Archive member included to satisfy reference by file (symbol)

C:/ST/STM32CubeIDE_1.10.1/STM32CubeIDE/plugins/com.st.stm32cube.ide.mcu.externaltools.gnu-tools-for-stm32.12.3.rel1.win32_1.0.100.202403111256/tools/bin/../lib/gcc/arm-none-eabi/12.3.1/../../../../arm-none-eabi/lib/thumb/v7e-m+fp/hard\libm.a(libm_a-w_sqrt.o)
                              ./Core/Src/hal/run.o (sqrt)
C:/ST/STM32CubeIDE_1.10.1/STM32CubeIDE/plugins/com.st.stm32cube.ide.mcu.externaltools.gnu-tools-for-stm32.12.3.rel1.win32_1.0.100.202403111256/tools/bin/../lib/gcc/arm-none-eabi/12.3.1/../../../../arm-none-eabi/lib/thumb/v7e-m+fp/hard\libm.a(libm_a-s_cos.o)
                              ./Core/Src/parameter.o (cos)
C:/ST/STM32CubeIDE_1.10.1/STM32CubeIDE/plugins/com.st.stm32cube.ide.mcu.externaltools.gnu-tools-for-stm32.12.3.rel1.win32_1.0.100.202403111256/tools/bin/../lib/gcc/arm-none-eabi/12.3.1/../../../../arm-none-eabi/lib/thumb/v7e-m+fp/hard\libm.a(libm_a-s_sin.o)
                              ./Core/Src/parameter.o (sin)
C:/ST/STM32CubeIDE_1.10.1/STM32CubeIDE/plugins/com.st.stm32cube.ide.mcu.externaltools.gnu-tools-for-stm32.12.3.rel1.win32_1.0.100.202403111256/tools/bin/../lib/gcc/arm-none-eabi/12.3.1/../../../../arm-none-eabi/lib/thumb/v7e-m+fp/hard\libm.a(libm_a-e_sqrt.o)
                              C:/ST/STM32CubeIDE_1.10.1/STM32CubeIDE/plugins/com.st.stm32cube.ide.mcu.externaltools.gnu-tools-for-stm32.12.3.rel1.win32_1.0.100.202403111256/tools/bin/../lib/gcc/arm-none-eabi/12.3.1/../../../../arm-none-eabi/lib/thumb/v7e-m+fp/hard\libm.a(libm_a-w_sqrt.o) (__ieee754_sqrt)
C:/ST/STM32CubeIDE_1.10.1/STM32CubeIDE/plugins/com.st.stm32cube.ide.mcu.externaltools.gnu-tools-for-stm32.12.3.rel1.win32_1.0.100.202403111256/tools/bin/../lib/gcc/arm-none-eabi/12.3.1/../../../../arm-none-eabi/lib/thumb/v7e-m+fp/hard\libm.a(libm_a-k_cos.o)
                              C:/ST/STM32CubeIDE_1.10.1/STM32CubeIDE/plugins/com.st.stm32cube.ide.mcu.externaltools.gnu-tools-for-stm32.12.3.rel1.win32_1.0.100.202403111256/tools/bin/../lib/gcc/arm-none-eabi/12.3.1/../../../../arm-none-eabi/lib/thumb/v7e-m+fp/hard\libm.a(libm_a-s_cos.o) (__kernel_cos)
C:/ST/STM32CubeIDE_1.10.1/STM32CubeIDE/plugins/com.st.stm32cube.ide.mcu.externaltools.gnu-tools-for-stm32.12.3.rel1.win32_1.0.100.202403111256/tools/bin/../lib/gcc/arm-none-eabi/12.3.1/../../../../arm-none-eabi/lib/thumb/v7e-m+fp/hard\libm.a(libm_a-k_sin.o)
                              C:/ST/STM32CubeIDE_1.10.1/STM32CubeIDE/plugins/com.st.stm32cube.ide.mcu.externaltools.gnu-tools-for-stm32.12.3.rel1.win32_1.0.100.202403111256/tools/bin/../lib/gcc/arm-none-eabi/12.3.1/../../../../arm-none-eabi/lib/thumb/v7e-m+fp/hard\libm.a(libm_a-s_cos.o) (__kernel_sin)
C:/ST/STM32CubeIDE_1.10.1/STM32CubeIDE/plugins/com.st.stm32cube.ide.mcu.externaltools.gnu-tools-for-stm32.12.3.rel1.win32_1.0.100.202403111256/tools/bin/../lib/gcc/arm-none-eabi/12.3.1/../../../../arm-none-eabi/lib/thumb/v7e-m+fp/hard\libm.a(libm_a-e_rem_pio2.o)
                              C:/ST/STM32CubeIDE_1.10.1/STM32CubeIDE/plugins/com.st.stm32cube.ide.mcu.externaltools.gnu-tools-for-stm32.12.3.rel1.win32_1.0.100.202403111256/tools/bin/../lib/gcc/arm-none-eabi/12.3.1/../../../../arm-none-eabi/lib/thumb/v7e-m+fp/hard\libm.a(libm_a-s_cos.o) (__ieee754_rem_pio2)
C:/ST/STM32CubeIDE_1.10.1/STM32CubeIDE/plugins/com.st.stm32cube.ide.mcu.externaltools.gnu-tools-for-stm32.12.3.rel1.win32_1.0.100.202403111256/tools/bin/../lib/gcc/arm-none-eabi/12.3.1/../../../../arm-none-eabi/lib/thumb/v7e-m+fp/hard\libm.a(libm_a-s_fabs.o)
                              C:/ST/STM32CubeIDE_1.10.1/STM32CubeIDE/plugins/com.st.stm32cube.ide.mcu.externaltools.gnu-tools-for-stm32.12.3.rel1.win32_1.0.100.202403111256/tools/bin/../lib/gcc/arm-none-eabi/12.3.1/../../../../arm-none-eabi/lib/thumb/v7e-m+fp/hard\libm.a(libm_a-e_rem_pio2.o) (fabs)
C:/ST/STM32CubeIDE_1.10.1/STM32CubeIDE/plugins/com.st.stm32cube.ide.mcu.externaltools.gnu-tools-for-stm32.12.3.rel1.win32_1.0.100.202403111256/tools/bin/../lib/gcc/arm-none-eabi/12.3.1/../../../../arm-none-eabi/lib/thumb/v7e-m+fp/hard\libm.a(libm_a-k_rem_pio2.o)
                              C:/ST/STM32CubeIDE_1.10.1/STM32CubeIDE/plugins/com.st.stm32cube.ide.mcu.externaltools.gnu-tools-for-stm32.12.3.rel1.win32_1.0.100.202403111256/tools/bin/../lib/gcc/arm-none-eabi/12.3.1/../../../../arm-none-eabi/lib/thumb/v7e-m+fp/hard\libm.a(libm_a-e_rem_pio2.o) (__kernel_rem_pio2)
C:/ST/STM32CubeIDE_1.10.1/STM32CubeIDE/plugins/com.st.stm32cube.ide.mcu.externaltools.gnu-tools-for-stm32.12.3.rel1.win32_1.0.100.202403111256/tools/bin/../lib/gcc/arm-none-eabi/12.3.1/../../../../arm-none-eabi/lib/thumb/v7e-m+fp/hard\libm.a(libm_a-s_scalbn.o)
                              C:/ST/STM32CubeIDE_1.10.1/STM32CubeIDE/plugins/com.st.stm32cube.ide.mcu.externaltools.gnu-tools-for-stm32.12.3.rel1.win32_1.0.100.202403111256/tools/bin/../lib/gcc/arm-none-eabi/12.3.1/../../../../arm-none-eabi/lib/thumb/v7e-m+fp/hard\libm.a(libm_a-k_rem_pio2.o) (scalbn)
[...]
Memory Configuration

Name             Origin             Length             Attributes
RAM              0x20000000         0x00020000         xrw
FLASH            0x08000000         0x00080000         xr
*default*        0x00000000         0xffffffff

Linker script and memory map

LOAD C:/ST/STM32CubeIDE_1.10.1/STM32CubeIDE/plugins/com.st.stm32cube.ide.mcu.externaltools.gnu-tools-for-stm32.12.3.rel1.win32_1.0.100.202403111256/tools/bin/../lib/gcc/arm-none-eabi/12.3.1/thumb/v7e-m+fp/hard/crti.o
LOAD C:/ST/STM32CubeIDE_1.10.1/STM32CubeIDE/plugins/com.st.stm32cube.ide.mcu.externaltools.gnu-tools-for-stm32.12.3.rel1.win32_1.0.100.202403111256/tools/bin/../lib/gcc/arm-none-eabi/12.3.1/thumb/v7e-m+fp/hard/crtbegin.o
LOAD C:/ST/STM32CubeIDE_1.10.1/STM32CubeIDE/plugins/com.st.stm32cube.ide.mcu.externaltools.gnu-tools-for-stm32.12.3.rel1.win32_1.0.100.202403111256/tools/bin/../lib/gcc/arm-none-eabi/12.3.1/../../../../arm-none-eabi/lib/thumb/v7e-m+fp/hard/crt0.o
LOAD ./Core/Src/adc.o
LOAD ./Core/Src/dma.o
LOAD ./Core/Src/flash.o
LOAD ./Core/Src/gpio.o
LOAD ./Core/Src/main.o
LOAD ./Core/Src/parameter.o
LOAD ./Core/Src/queue.o
LOAD ./Core/Src/spi.o
LOAD ./Core/Src/stm32g4xx_it.o
LOAD ./Core/Src/syscalls.o
LOAD ./Core/Src/sysmem.o
LOAD ./Core/Src/system_stm32g4xx.o
LOAD ./Core/Src/tim.o
LOAD ./Core/Src/usart.o
LOAD ./Core/Src/hal/CTRL.o
LOAD ./Core/Src/hal/DCM.o
LOAD ./Core/Src/hal/encoder.o
LOAD ./Core/Src/hal/gyro.o
LOAD ./Core/Src/hal/init.o
LOAD ./Core/Src/hal/log.o
LOAD ./Core/Src/hal/mode.o
LOAD ./Core/Src/hal/run.o
LOAD ./Core/Src/hal/sen_batt.o
LOAD ./Core/Src/hal/sen_dist.o
LOAD ./Core/Src/search/map_cmd.o
LOAD ./Core/Src/search/map_flash.o
LOAD ./Core/Src/search/search.o
LOAD ./Core/Startup/startup_stm32g474ceux.o
LOAD ./Drivers/STM32G4xx_HAL_Driver/Src/stm32g4xx_ll_adc.o
LOAD ./Drivers/STM32G4xx_HAL_Driver/Src/stm32g4xx_ll_dma.o
LOAD ./Drivers/STM32G4xx_HAL_Driver/Src/stm32g4xx_ll_exti.o
LOAD ./Drivers/STM32G4xx_HAL_Driver/Src/stm32g4xx_ll_gpio.o
LOAD ./Drivers/STM32G4xx_HAL_Driver/Src/stm32g4xx_ll_pwr.o
LOAD ./Drivers/STM32G4xx_HAL_Driver/Src/stm32g4xx_ll_rcc.o
LOAD ./Drivers/STM32G4xx_HAL_Driver/Src/stm32g4xx_ll_spi.o
LOAD ./Drivers/STM32G4xx_HAL_Driver/Src/stm32g4xx_ll_tim.o
LOAD ./Drivers/STM32G4xx_HAL_Driver/Src/stm32g4xx_ll_usart.o
LOAD ./Drivers/STM32G4xx_HAL_Driver/Src/stm32g4xx_ll_utils.o
LOAD C:\Users\shohe\STM32CubeIDE\BF01\BF01\libarm_cortexM4lf_math.a
START GROUP
LOAD C:/ST/STM32CubeIDE_1.10.1/STM32CubeIDE/plugins/com.st.stm32cube.ide.mcu.externaltools.gnu-tools-for-stm32.12.3.rel1.win32_1.0.100.202403111256/tools/bin/../lib/gcc/arm-none-eabi/12.3.1/../../../../arm-none-eabi/lib/thumb/v7e-m+fp/hard\libstdc++_nano.a
LOAD C:/ST/STM32CubeIDE_1.10.1/STM32CubeIDE/plugins/com.st.stm32cube.ide.mcu.externaltools.gnu-tools-for-stm32.12.3.rel1.win32_1.0.100.202403111256/tools/bin/../lib/gcc/arm-none-eabi/12.3.1/../../../../arm-none-eabi/lib/thumb/v7e-m+fp/hard\libsupc++_nano.a
END GROUP
LOAD C:/ST/STM32CubeIDE_1.10.1/STM32CubeIDE/plugins/com.st.stm32cube.ide.mcu.externaltools.gnu-tools-for-stm32.12.3.rel1.win32_1.0.100.202403111256/tools/bin/../lib/gcc/arm-none-eabi/12.3.1/../../../../arm-none-eabi/lib/thumb/v7e-m+fp/hard\libstdc++_nano.a
LOAD C:/ST/STM32CubeIDE_1.10.1/STM32CubeIDE/plugins/com.st.stm32cube.ide.mcu.externaltools.gnu-tools-for-stm32.12.3.rel1.win32_1.0.100.202403111256/tools/bin/../lib/gcc/arm-none-eabi/12.3.1/../../../../arm-none-eabi/lib/thumb/v7e-m+fp/hard\libm.a
LOAD C:/ST/STM32CubeIDE_1.10.1/STM32CubeIDE/plugins/com.st.stm32cube.ide.mcu.externaltools.gnu-tools-for-stm32.12.3.rel1.win32_1.0.100.202403111256/tools/bin/../lib/gcc/arm-none-eabi/12.3.1/../../../../arm-none-eabi/lib/thumb/v7e-m+fp/hard\libc_nano.a
START GROUP
LOAD C:/ST/STM32CubeIDE_1.10.1/STM32CubeIDE/plugins/com.st.stm32cube.ide.mcu.externaltools.gnu-tools-for-stm32.12.3.rel1.win32_1.0.100.202403111256/tools/bin/../lib/gcc/arm-none-eabi/12.3.1/thumb/v7e-m+fp/hard\libgcc.a
LOAD C:/ST/STM32CubeIDE_1.10.1/STM32CubeIDE/plugins/com.st.stm32cube.ide.mcu.externaltools.gnu-tools-for-stm32.12.3.rel1.win32_1.0.100.202403111256/tools/bin/../lib/gcc/arm-none-eabi/12.3.1/../../../../arm-none-eabi/lib/thumb/v7e-m+fp/hard\libc_nano.a
END GROUP
START GROUP
LOAD C:/ST/STM32CubeIDE_1.10.1/STM32CubeIDE/plugins/com.st.stm32cube.ide.mcu.externaltools.gnu-tools-for-stm32.12.3.rel1.win32_1.0.100.202403111256/tools/bin/../lib/gcc/arm-none-eabi/12.3.1/thumb/v7e-m+fp/hard\libgcc.a
LOAD C:/ST/STM32CubeIDE_1.10.1/STM32CubeIDE/plugins/com.st.stm32cube.ide.mcu.externaltools.gnu-tools-for-stm32.12.3.rel1.win32_1.0.100.202403111256/tools/bin/../lib/gcc/arm-none-eabi/12.3.1/../../../../arm-none-eabi/lib/thumb/v7e-m+fp/hard\libc_nano.a
LOAD C:/ST/STM32CubeIDE_1.10.1/STM32CubeIDE/plugins/com.st.stm32cube.ide.mcu.externaltools.gnu-tools-for-stm32.12.3.rel1.win32_1.0.100.202403111256/tools/bin/../lib/gcc/arm-none-eabi/12.3.1/../../../../arm-none-eabi/lib/thumb/v7e-m+fp/hard\libnosys.a
END GROUP
START GROUP
LOAD C:/ST/STM32CubeIDE_1.10.1/STM32CubeIDE/plugins/com.st.stm32cube.ide.mcu.externaltools.gnu-tools-for-stm32.12.3.rel1.win32_1.0.100.202403111256/tools/bin/../lib/gcc/arm-none-eabi/12.3.1/thumb/v7e-m+fp/hard\libgcc.a
LOAD C:/ST/STM32CubeIDE_1.10.1/STM32CubeIDE/plugins/com.st.stm32cube.ide.mcu.externaltools.gnu-tools-for-stm32.12.3.rel1.win32_1.0.100.202403111256/tools/bin/../lib/gcc/arm-none-eabi/12.3.1/../../../../arm-none-eabi/lib/thumb/v7e-m+fp/hard\libc_nano.a
LOAD C:/ST/STM32CubeIDE_1.10.1/STM32CubeIDE/plugins/com.st.stm32cube.ide.mcu.externaltools.gnu-tools-for-stm32.12.3.rel1.win32_1.0.100.202403111256/tools/bin/../lib/gcc/arm-none-eabi/12.3.1/../../../../arm-none-eabi/lib/thumb/v7e-m+fp/hard\libnosys.a
END GROUP
LOAD C:/ST/STM32CubeIDE_1.10.1/STM32CubeIDE/plugins/com.st.stm32cube.ide.mcu.externaltools.gnu-tools-for-stm32.12.3.rel1.win32_1.0.100.202403111256/tools/bin/../lib/gcc/arm-none-eabi/12.3.1/thumb/v7e-m+fp/hard/crtend.o
LOAD C:/ST/STM32CubeIDE_1.10.1/STM32CubeIDE/plugins/com.st.stm32cube.ide.mcu.externaltools.gnu-tools-for-stm32.12.3.rel1.win32_1.0.100.202403111256/tools/bin/../lib/gcc/arm-none-eabi/12.3.1/thumb/v7e-m+fp/hard/crtn.o
                0x20020000                        _estack = (ORIGIN (RAM) + LENGTH (RAM))
                0x00000200                        _Min_Heap_Size = 0x200
                0x00000400                        _Min_Stack_Size = 0x400

.isr_vector     0x08000000      0x1d8
                0x08000000                        . = ALIGN (0x4)
 *(.isr_vector)
 .isr_vector    0x08000000      0x1d8 ./Core/Startup/startup_stm32g474ceux.o
                0x08000000                g_pfnVectors
                0x080001d8                        . = ALIGN (0x4)

.text           0x080001e0    0x21594
                0x080001e0                        . = ALIGN (0x4)
 *(.text)
 .text          0x080001e0       0x40 C:/ST/STM32CubeIDE_1.10.1/STM32CubeIDE/plugins/com.st.stm32cube.ide.mcu.externaltools.gnu-tools-for-stm32.12.3.rel1.win32_1.0.100.202403111256/tools/bin/../lib/gcc/arm-none-eabi/12.3.1/thumb/v7e-m+fp/hard/crtbegin.o
 .text          0x08000220       0xa0 C:/ST/STM32CubeIDE_1.10.1/STM32CubeIDE/plugins/com.st.stm32cube.ide.mcu.externaltools.gnu-tools-for-stm32.12.3.rel1.win32_1.0.100.202403111256/tools/bin/../lib/gcc/arm-none-eabi/12.3.1/../../../../arm-none-eabi/lib/thumb/v7e-m+fp/hard\libc_nano.a(libc_a-memchr.o)
                0x08000220                memchr
 .text          0x080002c0       0x10 C:/ST/STM32CubeIDE_1.10.1/STM32CubeIDE/plugins/com.st.stm32cube.ide.mcu.externaltools.gnu-tools-for-stm32.12.3.rel1.win32_1.0.100.202403111256/tools/bin/../lib/gcc/arm-none-eabi/12.3.1/../../../../arm-none-eabi/lib/thumb/v7e-m+fp/hard\libc_nano.a(libc_a-strlen.o)
                0x080002c0                strlen
 .text          0x080002d0      0x378 C:/ST/STM32CubeIDE_1.10.1/STM32CubeIDE/plugins/com.st.stm32cube.ide.mcu.externaltools.gnu-tools-for-stm32.12.3.rel1.win32_1.0.100.202403111256/tools/bin/../lib/gcc/arm-none-eabi/12.3.1/thumb/v7e-m+fp/hard\libgcc.a(_arm_addsubdf3.o)
                0x080002d0                __aeabi_drsub
                0x080002d8                __aeabi_dsub
                0x080002d8                __subdf3
                0x080002dc                __aeabi_dadd
                0x080002dc                __adddf3
                0x08000554                __floatunsidf
                0x08000554                __aeabi_ui2d
                0x08000574                __floatsidf
                0x08000574                __aeabi_i2d
                0x08000598                __aeabi_f2d
                0x08000598                __extendsfdf2
                0x080005dc                __floatundidf
                0x080005dc                __aeabi_ul2d
                0x080005ec                __floatdidf
                0x080005ec                __aeabi_l2d
 .text          0x08000648      0x424 C:/ST/STM32CubeIDE_1.10.1/STM32CubeIDE/plugins/com.st.stm32cube.ide.mcu.externaltools.gnu-tools-for-stm32.12.3.rel1.win32_1.0.100.202403111256/tools/bin/../lib/gcc/arm-none-eabi/12.3.1/thumb/v7e-m+fp/hard\libgcc.a(_arm_muldivdf3.o)
                0x08000648                __aeabi_dmul
                0x08000648                __muldf3
                0x0800089c                __divdf3
                0x0800089c                __aeabi_ddiv
 .text          0x08000a6c      0x110 C:/ST/STM32CubeIDE_1.10.1/STM32CubeIDE/plugins/com.st.stm32cube.ide.mcu.externaltools.gnu-tools-for-stm32.12.3.rel1.win32_1.0.100.202403111256/tools/bin/../lib/gcc/arm-none-eabi/12.3.1/thumb/v7e-m+fp/hard\libgcc.a(_arm_cmpdf2.o)
                0x08000a6c                __gtdf2
                0x08000a6c                __gedf2
                0x08000a74                __ltdf2
                0x08000a74                __ledf2
                0x08000a7c                __nedf2
                0x08000a7c                __eqdf2
                0x08000a7c                __cmpdf2
                0x08000af8                __aeabi_cdrcmple
                0x08000b08                __aeabi_cdcmpeq
                0x08000b08                __aeabi_cdcmple
                0x08000b18                __aeabi_dcmpeq
                0x08000b2c                __aeabi_dcmplt
                0x08000b40                __aeabi_dcmple
                0x08000b54                __aeabi_dcmpge
                0x08000b68                __aeabi_dcmpgt
 .text          0x08000b7c       0x2c C:/ST/STM32CubeIDE_1.10.1/STM32CubeIDE/plugins/com.st.stm32cube.ide.mcu.externaltools.gnu-tools-for-stm32.12.3.rel1.win32_1.0.100.202403111256/tools/bin/../lib/gcc/arm-none-eabi/12.3.1/thumb/v7e-m+fp/hard\libgcc.a(_arm_unorddf2.o)
                0x08000b7c                __unorddf2
                0x08000b7c                __aeabi_dcmpun
 .text          0x08000ba8       0x50 C:/ST/STM32CubeIDE_1.10.1/STM32CubeIDE/plugins/com.st.stm32cube.ide.mcu.externaltools.gnu-tools-for-stm32.12.3.rel1.win32_1.0.100.202403111256/tools/bin/../lib/gcc/arm-none-eabi/12.3.1/thumb/v7e-m+fp/hard\libgcc.a(_arm_fixdfsi.o)
                0x08000ba8                __aeabi_d2iz
                0x08000ba8                __fixdfsi
 .text          0x08000bf8       0x40 C:/ST/STM32CubeIDE_1.10.1/STM32CubeIDE/plugins/com.st.stm32cube.ide.mcu.externaltools.gnu-tools-for-stm32.12.3.rel1.win32_1.0.100.202403111256/tools/bin/../lib/gcc/arm-none-eabi/12.3.1/thumb/v7e-m+fp/hard\libgcc.a(_arm_fixunsdfsi.o)
                0x08000bf8                __aeabi_d2uiz
                0x08000bf8                __fixunsdfsi
 .text          0x08000c38       0xa0 C:/ST/STM32CubeIDE_1.10.1/STM32CubeIDE/plugins/com.st.stm32cube.ide.mcu.externaltools.gnu-tools-for-stm32.12.3.rel1.win32_1.0.100.202403111256/tools/bin/../lib/gcc/arm-none-eabi/12.3.1/thumb/v7e-m+fp/hard\libgcc.a(_arm_truncdfsf2.o)
                0x08000c38                __truncdfsf2
                0x08000c38                __aeabi_d2f
 .text          0x08000cd8       0x30 C:/ST/STM32CubeIDE_1.10.1/STM32CubeIDE/plugins/com.st.stm32cube.ide.mcu.externaltools.gnu-tools-for-stm32.12.3.rel1.win32_1.0.100.202403111256/tools/bin/../lib/gcc/arm-none-eabi/12.3.1/thumb/v7e-m+fp/hard\libgcc.a(_fixdfdi.o)
                0x08000cd8                __fixdfdi
                0x08000cd8                __aeabi_d2lz
 .text          0x08000d08       0x3c C:/ST/STM32CubeIDE_1.10.1/STM32CubeIDE/plugins/com.st.stm32cube.ide.mcu.externaltools.gnu-tools-for-stm32.12.3.rel1.win32_1.0.100.202403111256/tools/bin/../lib/gcc/arm-none-eabi/12.3.1/thumb/v7e-m+fp/hard\libgcc.a(_fixunsdfdi.o)
                0x08000d08                __fixunsdfdi
                0x08000d08                __aeabi_d2ulz
 *(.text*)
 .text.LL_ADC_SetGainCompensation
                0x08000d44       0x4a ./Core/Src/adc.o
 .text.LL_ADC_REG_SetSequencerRanks
                0x08000d8e       0x58 ./Core/Src/adc.o
 .text.LL_ADC_SetChannelSamplingTime
                0x08000de6       0x56 ./Core/Src/adc.o
 .text.LL_ADC_SetChannelSingleDiff
                0x08000e3c       0x48 ./Core/Src/adc.o
 .text.LL_ADC_SetOverSamplingScope
                0x08000e84       0x2a ./Core/Src/adc.o
 .text.LL_ADC_DisableDeepPowerDown
                0x08000eae       0x24 ./Core/Src/adc.o
 .text.LL_ADC_IsDeepPowerDownEnabled
                0x08000ed2       0x28 ./Core/Src/adc.o
 .text.LL_ADC_EnableInternalRegulator
                0x08000efa       0x28 ./Core/Src/adc.o
 .text.LL_ADC_IsInternalRegulatorEnabled
                0x08000f22       0x28 ./Core/Src/adc.o
 .text.LL_ADC_Enable
                0x08000f4a       0x28 ./Core/Src/adc.o
 .text.LL_ADC_Disable
                0x08000f72       0x28 ./Core/Src/adc.o
 .text.LL_ADC_IsEnabled
                0x08000f9a       0x26 ./Core/Src/adc.o
 .text.LL_ADC_StartCalibration
                0x08000fc0       0x32 ./Core/Src/adc.o
 .text.LL_ADC_IsCalibrationOnGoing
                0x08000ff2       0x28 ./Core/Src/adc.o
 .text.LL_ADC_REG_StartConversion
                0x0800101a       0x28 ./Core/Src/adc.o
 .text.LL_ADC_REG_ReadConversionData12
                0x08001042       0x1a ./Core/Src/adc.o
 .text.LL_ADC_IsActiveFlag_EOC
                0x0800105c       0x26 ./Core/Src/adc.o
 .text.LL_ADC_ClearFlag_EOC
                0x08001082       0x1a ./Core/Src/adc.o
 .text.LL_ADC_ClearFlag_EOS
                0x0800109c       0x1a ./Core/Src/adc.o
 *fill*         0x080010b6        0x2 
 .text.LL_RCC_SetADCClockSource
                0x080010b8       0x48 ./Core/Src/adc.o
 .text.LL_AHB2_GRP1_EnableClock
                0x08001100       0x30 ./Core/Src/adc.o
 .text.MX_ADC1_Init
                0x08001130      0x160 ./Core/Src/adc.o
                0x08001130                MX_ADC1_Init
 .text.MX_ADC2_Init
                0x08001290      0x204 ./Core/Src/adc.o
                0x08001290                MX_ADC2_Init
 .text.MX_ADC3_Init
                0x08001494      0x170 ./Core/Src/adc.o
                0x08001494                MX_ADC3_Init
 .text.ADC1_Calibration
                0x08001604       0x5a ./Core/Src/adc.o
                0x08001604                ADC1_Calibration
 *fill*         0x0800165e        0x2 
 .text.ADC2_Calibration
                0x08001660       0x54 ./Core/Src/adc.o
                0x08001660                ADC2_Calibration
 .text.ADC3_Calibration
                0x080016b4       0x54 ./Core/Src/adc.o
                0x080016b4                ADC3_Calibration
 .text.ADC3_Start
                0x08001708       0x18 ./Core/Src/adc.o
                0x08001708                ADC3_Start
 .text.ADC2_Start
                0x08001720       0x18 ./Core/Src/adc.o
                0x08001720                ADC2_Start
 .text.ADC1_Start
                0x08001738       0x14 ./Core/Src/adc.o
                0x08001738                ADC1_Start
 .text.GetSensor_FL
                0x0800174c       0x30 ./Core/Src/adc.o
                0x0800174c                GetSensor_FL
 .text.ADC3_clearEOS
                0x0800177c       0x14 ./Core/Src/adc.o
                0x0800177c                ADC3_clearEOS
 .text.ADC2_clearEOS
                0x08001790       0x14 ./Core/Src/adc.o
                0x08001790                ADC2_clearEOS
 .text.ADC1_clearEOS
                0x080017a4       0x10 ./Core/Src/adc.o
                0x080017a4                ADC1_clearEOS
 .text.GetSensor_SL
                0x080017b4       0x30 ./Core/Src/adc.o
                0x080017b4                GetSensor_SL
 .text.GetSensor_SR
                0x080017e4       0x30 ./Core/Src/adc.o
                0x080017e4                GetSensor_SR
 .text.GetSensor_FR
                0x08001814       0x30 ./Core/Src/adc.o
                0x08001814                GetSensor_FR
 .text.GetBatVal
                0x08001844       0x32 ./Core/Src/adc.o
                0x08001844                GetBatVal
 *fill*         0x08001876        0x2 
 .text.__NVIC_GetPriorityGrouping
                0x08001878       0x1c ./Core/Src/dma.o
 .text.__NVIC_EnableIRQ
                0x08001894       0x3c ./Core/Src/dma.o
 .text.__NVIC_SetPriority
                0x080018d0       0x54 ./Core/Src/dma.o
 .text.NVIC_EncodePriority
                0x08001924       0x66 ./Core/Src/dma.o
 *fill*         0x0800198a        0x2 
 .text.LL_AHB1_GRP1_EnableClock
                0x0800198c       0x30 ./Core/Src/dma.o
 .text.MX_DMA_Init
                0x080019bc       0x54 ./Core/Src/dma.o
                0x080019bc                MX_DMA_Init
 .text.FLASH_Lock
                0x08001a10       0x20 ./Core/Src/flash.o
 .text.FLASH_Unlock
                0x08001a30       0x28 ./Core/Src/flash.o
 .text.FLASH_WaitBusy
                0x08001a58       0x24 ./Core/Src/flash.o
                0x08001a58                FLASH_WaitBusy
 .text.FLASH_Erase
                0x08001a7c       0x68 ./Core/Src/flash.o
                0x08001a7c                FLASH_Erase
 .text.FLASH_WriteByte
                0x08001ae4       0x70 ./Core/Src/flash.o
                0x08001ae4                FLASH_WriteByte
 .text.FLASH_WriteData
                0x08001b54       0x4c ./Core/Src/flash.o
                0x08001b54                FLASH_WriteData
 .text.FLASH_ReadData
                0x08001ba0       0x20 ./Core/Src/flash.o
                0x08001ba0                FLASH_ReadData
 .text.LL_AHB2_GRP1_EnableClock
                0x08001bc0       0x30 ./Core/Src/gpio.o
 .text.LL_GPIO_IsInputPinSet
                0x08001bf0       0x2a ./Core/Src/gpio.o
 .text.LL_GPIO_SetOutputPin
                0x08001c1a       0x1c ./Core/Src/gpio.o
 .text.LL_GPIO_ResetOutputPin
                0x08001c36       0x1c ./Core/Src/gpio.o
 *fill*         0x08001c52        0x2 
 .text.MX_GPIO_Init
                0x08001c54      0x284 ./Core/Src/gpio.o
                0x08001c54                MX_GPIO_Init
 .text.SetLED   0x08001ed8       0xb4 ./Core/Src/gpio.o
                0x08001ed8                SetLED
 .text.SetBatLED
                0x08001f8c       0x34 ./Core/Src/gpio.o
                0x08001f8c                SetBatLED
 .text.SW_IsOn_0
                0x08001fc0       0x1c ./Core/Src/gpio.o
                0x08001fc0                SW_IsOn_0
 .text.SW_IsOn_1
                0x08001fdc       0x1c ./Core/Src/gpio.o
                0x08001fdc                SW_IsOn_1
 .text.Set_SenFL
                0x08001ff8       0x32 ./Core/Src/gpio.o
                0x08001ff8                Set_SenFL
 *fill*         0x0800202a        0x2 
 .text.Set_SenSL
                0x0800202c       0x30 ./Core/Src/gpio.o
                0x0800202c                Set_SenSL
 .text.Set_SenSR
                0x0800205c       0x2e ./Core/Src/gpio.o
                0x0800205c                Set_SenSR
 .text.Set_SenFR
                0x0800208a       0x2e ./Core/Src/gpio.o
                0x0800208a                Set_SenFR
 .text.Set_MOT0
                0x080020b8       0x34 ./Core/Src/gpio.o
                0x080020b8                Set_MOT0
 .text.Set_MOT1
                0x080020ec       0x30 ./Core/Src/gpio.o
                0x080020ec                Set_MOT1
 .text.__NVIC_SetPriorityGrouping
                0x0800211c       0x48 ./Core/Src/main.o
 .text.__NVIC_GetPriorityGrouping
                0x08002164       0x1c ./Core/Src/main.o
 .text.__NVIC_SetPriority
                0x08002180       0x54 ./Core/Src/main.o
 .text.NVIC_EncodePriority
                0x080021d4       0x66 ./Core/Src/main.o
 *fill*         0x0800223a        0x2 
 .text.LL_RCC_HSI_Enable
                0x0800223c       0x20 ./Core/Src/main.o
 .text.LL_RCC_HSI_IsReady
                0x0800225c       0x28 ./Core/Src/main.o
 .text.LL_RCC_HSI_SetCalibTrimming
                0x08002284       0x2c ./Core/Src/main.o
 .text.LL_RCC_SetSysClkSource
                0x080022b0       0x28 ./Core/Src/main.o
 .text.LL_RCC_GetSysClkSource
                0x080022d8       0x1c ./Core/Src/main.o
 .text.LL_RCC_SetAHBPrescaler
                0x080022f4       0x28 ./Core/Src/main.o
 .text.LL_RCC_SetAPB1Prescaler
                0x0800231c       0x28 ./Core/Src/main.o
 .text.LL_RCC_SetAPB2Prescaler
                0x08002344       0x28 ./Core/Src/main.o
 .text.LL_RCC_PLL_Enable
                0x0800236c       0x20 ./Core/Src/main.o
 .text.LL_RCC_PLL_IsReady
                0x0800238c       0x28 ./Core/Src/main.o
 .text.LL_RCC_PLL_ConfigDomain_SYS
                0x080023b4       0x40 ./Core/Src/main.o
 .text.LL_RCC_PLL_ConfigDomain_ADC
                0x080023f4       0x40 ./Core/Src/main.o
 .text.LL_RCC_PLL_EnableDomain_ADC
                0x08002434       0x20 ./Core/Src/main.o
 .text.LL_RCC_PLL_EnableDomain_SYS
                0x08002454       0x20 ./Core/Src/main.o
 .text.LL_APB1_GRP1_EnableClock
                0x08002474       0x30 ./Core/Src/main.o
 .text.LL_APB2_GRP1_EnableClock
                0x080024a4       0x30 ./Core/Src/main.o
 .text.LL_FLASH_SetLatency
                0x080024d4       0x28 ./Core/Src/main.o
 .text.LL_FLASH_GetLatency
                0x080024fc       0x1c ./Core/Src/main.o
 .text.LL_PWR_SetRegulVoltageScaling
                0x08002518       0x28 ./Core/Src/main.o
 .text.LL_PWR_DisableUCPDDeadBattery
                0x08002540       0x20 ./Core/Src/main.o
 .text.__io_putchar
                0x08002560       0x1a ./Core/Src/main.o
                0x08002560                __io_putchar
 *fill*         0x0800257a        0x2 
 .text.main     0x0800257c      0x100 ./Core/Src/main.o
                0x0800257c                main
 .text.SystemClock_Config
                0x0800267c       0xbc ./Core/Src/main.o
                0x0800267c                SystemClock_Config
 .text.PARAM_getGain
                0x08002738       0xac ./Core/Src/parameter.o
                0x08002738                PARAM_getGain
 .text.PARAM_setSpeedType
                0x080027e4       0x5c ./Core/Src/parameter.o
                0x080027e4                PARAM_setSpeedType
 .text.PARAM_getSpeed
                0x08002840       0xe8 ./Core/Src/parameter.o
                0x08002840                PARAM_getSpeed
 .text.PARAM_makeSra
                0x08002928     0x15b8 ./Core/Src/parameter.o
                0x08002928                PARAM_makeSra
 .text.PARAM_getSra
                0x08003ee0       0x28 ./Core/Src/parameter.o
                0x08003ee0                PARAM_getSra
 .text.InitQueue
                0x08003f08       0x60 ./Core/Src/queue.o
                0x08003f08                InitQueue
 .text.EnQueue  0x08003f68       0x78 ./Core/Src/queue.o
                0x08003f68                EnQueue
 .text.DeQueue  0x08003fe0       0xc8 ./Core/Src/queue.o
                0x08003fe0                DeQueue
 .text.LL_DMA_EnableChannel
                0x080040a8       0x44 ./Core/Src/spi.o
 .text.LL_DMA_DisableChannel
                0x080040ec       0x44 ./Core/Src/spi.o
 .text.LL_DMA_SetDataTransferDirection
                0x08004130       0x50 ./Core/Src/spi.o
 .text.LL_DMA_SetMode
                0x08004180       0x4c ./Core/Src/spi.o
 .text.LL_DMA_SetPeriphIncMode
                0x080041cc       0x4c ./Core/Src/spi.o
 .text.LL_DMA_SetMemoryIncMode
                0x08004218       0x4c ./Core/Src/spi.o
 .text.LL_DMA_SetPeriphSize
                0x08004264       0x4c ./Core/Src/spi.o
 .text.LL_DMA_SetMemorySize
                0x080042b0       0x4c ./Core/Src/spi.o
 .text.LL_DMA_SetChannelPriorityLevel
                0x080042fc       0x4c ./Core/Src/spi.o
 .text.LL_DMA_SetDataLength
                0x08004348       0x4c ./Core/Src/spi.o
 .text.LL_DMA_ConfigAddresses
                0x08004394       0x7c ./Core/Src/spi.o
 .text.LL_DMA_SetPeriphRequest
                0x08004410       0x54 ./Core/Src/spi.o
 .text.LL_DMA_EnableIT_TC
                0x08004464       0x44 ./Core/Src/spi.o
 .text.LL_DMA_EnableIT_TE
                0x080044a8       0x44 ./Core/Src/spi.o
 .text.LL_AHB2_GRP1_EnableClock
                0x080044ec       0x30 ./Core/Src/spi.o
 .text.LL_APB1_GRP1_EnableClock
                0x0800451c       0x30 ./Core/Src/spi.o
 .text.LL_SPI_Enable
                0x0800454c       0x20 ./Core/Src/spi.o
 .text.LL_SPI_IsEnabled
                0x0800456c       0x26 ./Core/Src/spi.o
 .text.LL_SPI_SetStandard
                0x08004592       0x26 ./Core/Src/spi.o
 .text.LL_SPI_SetRxFIFOThreshold
                0x080045b8       0x26 ./Core/Src/spi.o
 .text.LL_SPI_DisableNSSPulseMgt
                0x080045de       0x20 ./Core/Src/spi.o
 .text.LL_SPI_IsActiveFlag_RXNE
                0x080045fe       0x26 ./Core/Src/spi.o
 .text.LL_SPI_EnableDMAReq_RX
                0x08004624       0x20 ./Core/Src/spi.o
 .text.LL_SPI_EnableDMAReq_TX
                0x08004644       0x20 ./Core/Src/spi.o
 .text.LL_SPI_DMA_GetRegAddr
                0x08004664       0x18 ./Core/Src/spi.o
 .text.LL_SPI_ReceiveData8
                0x0800467c       0x1c ./Core/Src/spi.o
 .text.LL_GPIO_SetOutputPin
                0x08004698       0x1c ./Core/Src/spi.o
 .text.LL_GPIO_ResetOutputPin
                0x080046b4       0x1c ./Core/Src/spi.o
 .text.MX_SPI2_Init
                0x080046d0      0x19c ./Core/Src/spi.o
                0x080046d0                MX_SPI2_Init
 .text.DMA1_Channel3_Init
                0x0800486c       0x24 ./Core/Src/spi.o
                0x0800486c                DMA1_Channel3_Init
 .text.DMA1_Channel4_Init
                0x08004890       0x24 ./Core/Src/spi.o
                0x08004890                DMA1_Channel4_Init
 .text.SPI2_Start
                0x080048b4       0x30 ./Core/Src/spi.o
                0x080048b4                SPI2_Start
 .text.SPI2_DMA_Communication
                0x080048e4       0xac ./Core/Src/spi.o
                0x080048e4                SPI2_DMA_Communication
 .text.SPI2_DMA1_ReceiveComplete_Callback
                0x08004990       0x24 ./Core/Src/spi.o
                0x08004990                SPI2_DMA1_ReceiveComplete_Callback
 .text.SPI2_DMA1_TransmitComplete_Callback
                0x080049b4       0x14 ./Core/Src/spi.o
                0x080049b4                SPI2_DMA1_TransmitComplete_Callback
 .text.Get_SPI2ReciveData
                0x080049c8       0x20 ./Core/Src/spi.o
                0x080049c8                Get_SPI2ReciveData
 .text.SetSPI2TransmitData
                0x080049e8       0x28 ./Core/Src/spi.o
                0x080049e8                SetSPI2TransmitData
 .text.LL_DMA_IsActiveFlag_TC3
                0x08004a10       0x28 ./Core/Src/stm32g4xx_it.o
 .text.LL_DMA_IsActiveFlag_TC4
                0x08004a38       0x28 ./Core/Src/stm32g4xx_it.o
 .text.LL_DMA_ClearFlag_GI3
                0x08004a60       0x1c ./Core/Src/stm32g4xx_it.o
 .text.LL_DMA_ClearFlag_GI4
                0x08004a7c       0x1c ./Core/Src/stm32g4xx_it.o
 .text.LL_TIM_ClearFlag_UPDATE
                0x08004a98       0x1c ./Core/Src/stm32g4xx_it.o
 .text.LL_TIM_IsActiveFlag_UPDATE
                0x08004ab4       0x26 ./Core/Src/stm32g4xx_it.o
 .text.NMI_Handler
                0x08004ada        0x8 ./Core/Src/stm32g4xx_it.o
                0x08004ada                NMI_Handler
 .text.HardFault_Handler
                0x08004ae2        0x8 ./Core/Src/stm32g4xx_it.o
                0x08004ae2                HardFault_Handler
 .text.MemManage_Handler
                0x08004aea        0x8 ./Core/Src/stm32g4xx_it.o
                0x08004aea                MemManage_Handler
 .text.BusFault_Handler
                0x08004af2        0x8 ./Core/Src/stm32g4xx_it.o
                0x08004af2                BusFault_Handler
 .text.UsageFault_Handler
                0x08004afa        0x8 ./Core/Src/stm32g4xx_it.o
                0x08004afa                UsageFault_Handler
 .text.SVC_Handler
                0x08004b02        0xe ./Core/Src/stm32g4xx_it.o
                0x08004b02                SVC_Handler
 .text.DebugMon_Handler
                0x08004b10        0xe ./Core/Src/stm32g4xx_it.o
                0x08004b10                DebugMon_Handler
 .text.PendSV_Handler
                0x08004b1e        0xe ./Core/Src/stm32g4xx_it.o
                0x08004b1e                PendSV_Handler
 .text.SysTick_Handler
                0x08004b2c        0xe ./Core/Src/stm32g4xx_it.o
                0x08004b2c                SysTick_Handler
 *fill*         0x08004b3a        0x2 
 .text.DMA1_Channel3_IRQHandler
                0x08004b3c       0x24 ./Core/Src/stm32g4xx_it.o
                0x08004b3c                DMA1_Channel3_IRQHandler
 .text.DMA1_Channel4_IRQHandler
                0x08004b60       0x24 ./Core/Src/stm32g4xx_it.o
                0x08004b60                DMA1_Channel4_IRQHandler
 .text.TIM1_BRK_TIM15_IRQHandler
                0x08004b84       0x28 ./Core/Src/stm32g4xx_it.o
                0x08004b84                TIM1_BRK_TIM15_IRQHandler
 .text.TIM4_IRQHandler
                0x08004bac       0x24 ./Core/Src/stm32g4xx_it.o
                0x08004bac                TIM4_IRQHandler
 .text.TIM6_DAC_IRQHandler
                0x08004bd0       0x6c ./Core/Src/stm32g4xx_it.o
                0x08004bd0                TIM6_DAC_IRQHandler
 .text.TIM7_DAC_IRQHandler
                0x08004c3c       0x74 ./Core/Src/stm32g4xx_it.o
                0x08004c3c                TIM7_DAC_IRQHandler
 .text._getpid  0x08004cb0       0x10 ./Core/Src/syscalls.o
                0x08004cb0                _getpid
 .text._kill    0x08004cc0       0x20 ./Core/Src/syscalls.o
                0x08004cc0                _kill
 .text._exit    0x08004ce0       0x16 ./Core/Src/syscalls.o
                0x08004ce0                _exit
 .text._read    0x08004cf6       0x3a ./Core/Src/syscalls.o
                0x08004cf6                _read
 .text._write   0x08004d30       0x38 ./Core/Src/syscalls.o
                0x08004d30                _write
 .text._close   0x08004d68       0x18 ./Core/Src/syscalls.o
                0x08004d68                _close
 .text._fstat   0x08004d80       0x20 ./Core/Src/syscalls.o
                0x08004d80                _fstat
 .text._isatty  0x08004da0       0x16 ./Core/Src/syscalls.o
                0x08004da0                _isatty
 .text._lseek   0x08004db6       0x1a ./Core/Src/syscalls.o
                0x08004db6                _lseek
 .text._sbrk    0x08004dd0       0x6c ./Core/Src/sysmem.o
                0x08004dd0                _sbrk
 .text.SystemInit
                0x08004e3c       0x24 ./Core/Src/system_stm32g4xx.o
                0x08004e3c                SystemInit
 .text.__NVIC_GetPriorityGrouping
                0x08004e60       0x1c ./Core/Src/tim.o
 .text.__NVIC_EnableIRQ
                0x08004e7c       0x3c ./Core/Src/tim.o
 .text.__NVIC_SetPriority
                0x08004eb8       0x54 ./Core/Src/tim.o
 .text.NVIC_EncodePriority
                0x08004f0c       0x66 ./Core/Src/tim.o
 *fill*         0x08004f72        0x2 
 .text.LL_AHB2_GRP1_EnableClock
                0x08004f74       0x30 ./Core/Src/tim.o
 .text.LL_APB1_GRP1_EnableClock
                0x08004fa4       0x30 ./Core/Src/tim.o
 .text.LL_APB2_GRP1_EnableClock
                0x08004fd4       0x30 ./Core/Src/tim.o
 .text.LL_TIM_EnableCounter
                0x08005004       0x20 ./Core/Src/tim.o
 .text.LL_TIM_EnableARRPreload
                0x08005024       0x20 ./Core/Src/tim.o
 .text.LL_TIM_DisableARRPreload
                0x08005044       0x20 ./Core/Src/tim.o
 .text.LL_TIM_SetCounter
                0x08005064       0x1c ./Core/Src/tim.o
 .text.LL_TIM_GetCounter
                0x08005080       0x18 ./Core/Src/tim.o
 .text.LL_TIM_CC_EnableChannel
                0x08005098       0x22 ./Core/Src/tim.o
 *fill*         0x080050ba        0x2 
 .text.LL_TIM_OC_DisableFast
                0x080050bc       0xb0 ./Core/Src/tim.o
 .text.LL_TIM_OC_EnablePreload
                0x0800516c       0xac ./Core/Src/tim.o
 .text.LL_TIM_OC_SetCompareCH2
                0x08005218       0x1c ./Core/Src/tim.o
 .text.LL_TIM_OC_SetCompareCH3
                0x08005234       0x1c ./Core/Src/tim.o
 .text.LL_TIM_IC_SetActiveInput
                0x08005250       0xc0 ./Core/Src/tim.o
 .text.LL_TIM_IC_SetPrescaler
                0x08005310       0xc0 ./Core/Src/tim.o
 .text.LL_TIM_IC_SetFilter
                0x080053d0       0xc0 ./Core/Src/tim.o
 .text.LL_TIM_IC_SetPolarity
                0x08005490       0xac ./Core/Src/tim.o
 .text.LL_TIM_SetClockSource
                0x0800553c       0x2a ./Core/Src/tim.o
 .text.LL_TIM_SetEncoderMode
                0x08005566       0x2a ./Core/Src/tim.o
 .text.LL_TIM_SetTriggerOutput
                0x08005590       0x2a ./Core/Src/tim.o
 .text.LL_TIM_SetTriggerOutput2
                0x080055ba       0x26 ./Core/Src/tim.o
 .text.LL_TIM_DisableMasterSlaveMode
                0x080055e0       0x20 ./Core/Src/tim.o
 .text.LL_TIM_EnableAllOutputs
                0x08005600       0x20 ./Core/Src/tim.o
 .text.LL_TIM_EnableIT_UPDATE
                0x08005620       0x20 ./Core/Src/tim.o
 .text.MX_TIM1_Init
                0x08005640      0x148 ./Core/Src/tim.o
                0x08005640                MX_TIM1_Init
 .text.MX_TIM2_Init
                0x08005788       0xe0 ./Core/Src/tim.o
                0x08005788                MX_TIM2_Init
 .text.MX_TIM3_Init
                0x08005868       0xd8 ./Core/Src/tim.o
                0x08005868                MX_TIM3_Init
 .text.MX_TIM4_Init
                0x08005940       0x80 ./Core/Src/tim.o
                0x08005940                MX_TIM4_Init
 .text.MX_TIM5_Init
                0x080059c0      0x114 ./Core/Src/tim.o
                0x080059c0                MX_TIM5_Init
 .text.MX_TIM6_Init
                0x08005ad4       0x74 ./Core/Src/tim.o
                0x08005ad4                MX_TIM6_Init
 .text.MX_TIM7_Init
                0x08005b48       0x74 ./Core/Src/tim.o
                0x08005b48                MX_TIM7_Init
 .text.MX_TIM8_Init
                0x08005bbc      0x148 ./Core/Src/tim.o
                0x08005bbc                MX_TIM8_Init
 .text.MX_TIM15_Init
                0x08005d04       0x84 ./Core/Src/tim.o
                0x08005d04                MX_TIM15_Init
 .text.TIMER_init
                0x08005d88       0x9c ./Core/Src/tim.o
                0x08005d88                TIMER_init
 .text.Enable_TIM2
                0x08005e24       0x10 ./Core/Src/tim.o
                0x08005e24                Enable_TIM2
 .text.Enable_TIM3
                0x08005e34       0x14 ./Core/Src/tim.o
                0x08005e34                Enable_TIM3
 .text.Set_DutyTIM2
                0x08005e48       0x7c ./Core/Src/tim.o
                0x08005e48                Set_DutyTIM2
 *fill*         0x08005ec4        0x4 
 .text.Set_DutyTIM3
                0x08005ec8       0x80 ./Core/Src/tim.o
                0x08005ec8                Set_DutyTIM3
 .text.Clear_CounterTIM1
                0x08005f48       0x18 ./Core/Src/tim.o
                0x08005f48                Clear_CounterTIM1
 .text.Clear_CounterTIM5
                0x08005f60       0x18 ./Core/Src/tim.o
                0x08005f60                Clear_CounterTIM5
 .text.Set_DutyTIM8
                0x08005f78       0x80 ./Core/Src/tim.o
                0x08005f78                Set_DutyTIM8
 .text.Get_CounterTIM1
                0x08005ff8       0x18 ./Core/Src/tim.o
                0x08005ff8                Get_CounterTIM1
 .text.Get_CounterTIM5
                0x08006010       0x18 ./Core/Src/tim.o
                0x08006010                Get_CounterTIM5
 .text.LL_RCC_SetUSARTClockSource
                0x08006028       0x34 ./Core/Src/usart.o
 .text.LL_AHB2_GRP1_EnableClock
                0x0800605c       0x30 ./Core/Src/usart.o
 .text.LL_APB2_GRP1_EnableClock
                0x0800608c       0x30 ./Core/Src/usart.o
 .text.LL_USART_Enable
                0x080060bc       0x20 ./Core/Src/usart.o
 .text.LL_USART_DisableFIFO
                0x080060dc       0x20 ./Core/Src/usart.o
 .text.LL_USART_SetTXFIFOThreshold
                0x080060fc       0x4e ./Core/Src/usart.o
 .text.LL_USART_SetRXFIFOThreshold
                0x0800614a       0x4e ./Core/Src/usart.o
 .text.LL_USART_ConfigAsyncMode
                0x08006198       0x2c ./Core/Src/usart.o
 .text.LL_USART_IsActiveFlag_TXE_TXFNF
                0x080061c4       0x26 ./Core/Src/usart.o
 .text.LL_USART_IsActiveFlag_TEACK
                0x080061ea       0x28 ./Core/Src/usart.o
 .text.LL_USART_IsActiveFlag_REACK
                0x08006212       0x28 ./Core/Src/usart.o
 .text.LL_USART_TransmitData8
                0x0800623a       0x1e ./Core/Src/usart.o
 .text.MX_USART1_UART_Init
                0x08006258       0xfc ./Core/Src/usart.o
                0x08006258                MX_USART1_UART_Init
 .text.Communication_Initialize
                0x08006354       0x1c ./Core/Src/usart.o
                0x08006354                Communication_Initialize
 .text.USART_TransmitByte
                0x08006370       0x30 ./Core/Src/usart.o
                0x08006370                USART_TransmitByte
 .text.Get_NowSpeed
                0x080063a0       0x1c ./Core/Src/hal/CTRL.o
                0x080063a0                Get_NowSpeed
 .text.Get_NowDist
                0x080063bc       0x1c ./Core/Src/hal/CTRL.o
                0x080063bc                Get_NowDist
 .text.Get_TrgtDist
                0x080063d8       0x1c ./Core/Src/hal/CTRL.o
                0x080063d8                Get_TrgtDist
 .text.Get_TrgtSpeed
                0x080063f4       0x1c ./Core/Src/hal/CTRL.o
                0x080063f4                Get_TrgtSpeed
 .text.Set_TrgtSpeed
                0x08006410       0x20 ./Core/Src/hal/CTRL.o
                0x08006410                Set_TrgtSpeed
 .text.Get_NowDistR
                0x08006430       0x1c ./Core/Src/hal/CTRL.o
                0x08006430                Get_NowDistR
 .text.Get_NowAngle
                0x0800644c       0x1c ./Core/Src/hal/CTRL.o
                0x0800644c                Get_NowAngle
 .text.Get_TrgtAngle
                0x08006468       0x1c ./Core/Src/hal/CTRL.o
                0x08006468                Get_TrgtAngle
 .text.Get_TrgtAngleS
                0x08006484       0x1c ./Core/Src/hal/CTRL.o
                0x08006484                Get_TrgtAngleS
 .text.INTC_sys
                0x080064a0       0x64 ./Core/Src/hal/CTRL.o
                0x080064a0                INTC_sys
 .text.CTRL_sta
                0x08006504       0x18 ./Core/Src/hal/CTRL.o
                0x08006504                CTRL_sta
 .text.CTRL_stop
                0x0800651c       0x20 ./Core/Src/hal/CTRL.o
                0x0800651c                CTRL_stop
 .text.CTRL_clrData
                0x0800653c       0x90 ./Core/Src/hal/CTRL.o
                0x0800653c                CTRL_clrData
 .text.CTRL_clrAngleErrSum
                0x080065cc       0x28 ./Core/Src/hal/CTRL.o
                0x080065cc                CTRL_clrAngleErrSum
 .text.CTRL_clrSpeedErrSum
                0x080065f4       0x28 ./Core/Src/hal/CTRL.o
                0x080065f4                CTRL_clrSpeedErrSum
 .text.CTRL_clrNowData
                0x0800661c       0x74 ./Core/Src/hal/CTRL.o
                0x0800661c                CTRL_clrNowData
 .text.CTRL_setNowData_Err
                0x08006690       0x88 ./Core/Src/hal/CTRL.o
                0x08006690                CTRL_setNowData_Err
 .text.CTRL_setData
                0x08006718      0x134 ./Core/Src/hal/CTRL.o
                0x08006718                CTRL_setData
 .text.CTRL_refNow
                0x0800684c      0x134 ./Core/Src/hal/CTRL.o
                0x0800684c                CTRL_refNow
 .text.CTRL_refTarget
                0x08006980     0x12dc ./Core/Src/hal/CTRL.o
                0x08006980                CTRL_refTarget
 .text.Chg_ParamID
                0x08007c5c       0xa0 ./Core/Src/hal/CTRL.o
                0x08007c5c                Chg_ParamID
 .text.CTRL_getFF_speed
                0x08007cfc       0x98 ./Core/Src/hal/CTRL.o
                0x08007cfc                CTRL_getFF_speed
 .text.CTRL_getFF_angle
                0x08007d94       0xf4 ./Core/Src/hal/CTRL.o
                0x08007d94                CTRL_getFF_angle
 .text.CTRL_getSpeedFB
                0x08007e88      0x10c ./Core/Src/hal/CTRL.o
                0x08007e88                CTRL_getSpeedFB
 .text.CTRL_getAngleSpeedFB
                0x08007f94      0x168 ./Core/Src/hal/CTRL.o
                0x08007f94                CTRL_getAngleSpeedFB
 .text.CTRL_getAngleFB
                0x080080fc       0xf4 ./Core/Src/hal/CTRL.o
                0x080080fc                CTRL_getAngleFB
 .text.CTRL_getSenFB
                0x080081f0      0x118 ./Core/Src/hal/CTRL.o
                0x080081f0                CTRL_getSenFB
 .text.CTRL_get_frontwall_v_FB
                0x08008308      0x108 ./Core/Src/hal/CTRL.o
                0x08008308                CTRL_get_frontwall_v_FB
 .text.CTRL_get_frontwall_omega_FB
                0x08008410       0xe8 ./Core/Src/hal/CTRL.o
                0x08008410                CTRL_get_frontwall_omega_FB
 .text.CTRL_getFloorFriction
                0x080084f8       0x88 ./Core/Src/hal/CTRL.o
                0x080084f8                CTRL_getFloorFriction
 .text.CTRL_outMot
                0x08008580      0x150 ./Core/Src/hal/CTRL.o
                0x08008580                CTRL_outMot
 .text.CTRL_pol
                0x080086d0      0xfe8 ./Core/Src/hal/CTRL.o
                0x080086d0                CTRL_pol
 .text.Failsafe_flag
                0x080096b8       0x18 ./Core/Src/hal/CTRL.o
                0x080096b8                Failsafe_flag
 .text.Failsafe_flag_off
                0x080096d0       0x18 ./Core/Src/hal/CTRL.o
                0x080096d0                Failsafe_flag_off
 .text.SYS_isOutOfCtrl
                0x080096e8       0x18 ./Core/Src/hal/CTRL.o
                0x080096e8                SYS_isOutOfCtrl
 .text.DCM_setDirCw
                0x08009700       0x26 ./Core/Src/hal/DCM.o
                0x08009700                DCM_setDirCw
 .text.DCM_setDirCcw
                0x08009726       0x26 ./Core/Src/hal/DCM.o
                0x08009726                DCM_setDirCcw
 .text.DCM_brakeMot
                0x0800974c       0x26 ./Core/Src/hal/DCM.o
                0x0800974c                DCM_brakeMot
 .text.DCM_staMot
                0x08009772       0x22 ./Core/Src/hal/DCM.o
                0x08009772                DCM_staMot
 .text.DCM_staMotAll
                0x08009794       0x14 ./Core/Src/hal/DCM.o
                0x08009794                DCM_staMotAll
 .text.DCM_setPwmDuty
                0x080097a8       0x60 ./Core/Src/hal/DCM.o
                0x080097a8                DCM_setPwmDuty
 .text.ENC_clr  0x08009808       0x10 ./Core/Src/hal/encoder.o
                0x08009808                ENC_clr
 .text.Get_encoder_value
                0x08009818       0x26 ./Core/Src/hal/encoder.o
                0x08009818                Get_encoder_value
 .text.ENC_GetDiv
                0x0800983e       0x56 ./Core/Src/hal/encoder.o
                0x0800983e                ENC_GetDiv
 .text.ICM_42688_whoami
                0x08009894       0x34 ./Core/Src/hal/gyro.o
                0x08009894                ICM_42688_whoami
 .text.ICM_42688_WriteByte
                0x080098c8       0x32 ./Core/Src/hal/gyro.o
                0x080098c8                ICM_42688_WriteByte
 .text.ICM_42688_ReadByte
                0x080098fa       0x3e ./Core/Src/hal/gyro.o
                0x080098fa                ICM_42688_ReadByte
 .text.ICM_42688_init
                0x08009938       0x4a ./Core/Src/hal/gyro.o
                0x08009938                ICM_42688_init
 .text.ICM_42688_GyroRead_DMA
                0x08009982       0x1c ./Core/Src/hal/gyro.o
                0x08009982                ICM_42688_GyroRead_DMA
 *fill*         0x0800999e        0x2 
 .text.ICM_42688_GyroData
                0x080099a0       0x2c ./Core/Src/hal/gyro.o
                0x080099a0                ICM_42688_GyroData
 .text.GYRO_SetRef
                0x080099cc       0x5c ./Core/Src/hal/gyro.o
                0x080099cc                GYRO_SetRef
 .text.GYRO_getSpeedErr
                0x08009a28       0x98 ./Core/Src/hal/gyro.o
                0x08009a28                GYRO_getSpeedErr
 .text.GYRO_getNowAngle
                0x08009ac0       0x1c ./Core/Src/hal/gyro.o
                0x08009ac0                GYRO_getNowAngle
 .text.GYRO_getRef
                0x08009adc       0x20 ./Core/Src/hal/gyro.o
                0x08009adc                GYRO_getRef
 .text.GYRO_Pol
                0x08009afc       0xa8 ./Core/Src/hal/gyro.o
                0x08009afc                GYRO_Pol
 .text.GYRO_staErrChkAngle
                0x08009ba4       0x24 ./Core/Src/hal/gyro.o
                0x08009ba4                GYRO_staErrChkAngle
 .text.GYRO_endErrChkAngle
                0x08009bc8       0x24 ./Core/Src/hal/gyro.o
                0x08009bc8                GYRO_endErrChkAngle
 .text.HAL_init
                0x08009bec       0x7c ./Core/Src/hal/init.o
                0x08009bec                HAL_init
 .text.TIME_init
                0x08009c68       0x2c ./Core/Src/hal/init.o
                0x08009c68                TIME_init
 .text.log_in2  0x08009c94      0x140 ./Core/Src/hal/log.o
                0x08009c94                log_in2
 .text.log_interrupt
                0x08009dd4       0xac ./Core/Src/hal/log.o
                0x08009dd4                log_interrupt
 .text.log_flag_on
                0x08009e80       0x18 ./Core/Src/hal/log.o
                0x08009e80                log_flag_on
 .text.log_flag_off
                0x08009e98       0x18 ./Core/Src/hal/log.o
                0x08009e98                log_flag_off
 .text.log_read2
                0x08009eb0      0x1c4 ./Core/Src/hal/log.o
                0x08009eb0                log_read2
 .text.SYS_start
                0x0800a074       0xd8 ./Core/Src/hal/mode.o
                0x0800a074                SYS_start
 .text.MODE_inc
                0x0800a14c       0xe4 ./Core/Src/hal/mode.o
                0x0800a14c                MODE_inc
 .text.CountUP_mode
                0x0800a230       0x38 ./Core/Src/hal/mode.o
                0x0800a230                CountUP_mode
 .text.MODE_speed_parameter
                0x0800a268       0x7c ./Core/Src/hal/mode.o
                0x0800a268                MODE_speed_parameter
 .text.MODE_exe_m0
                0x0800a2e4      0x3f8 ./Core/Src/hal/mode.o
                0x0800a2e4                MODE_exe_m0
 .text.MODE_exe_m1
                0x0800a6dc       0xec ./Core/Src/hal/mode.o
                0x0800a6dc                MODE_exe_m1
 .text.MODE_exe_m2
                0x0800a7c8      0x604 ./Core/Src/hal/mode.o
                0x0800a7c8                MODE_exe_m2
 .text.MODE_exe_m3
                0x0800adcc      0x4fc ./Core/Src/hal/mode.o
                0x0800adcc                MODE_exe_m3
 .text.MODE_exe_m4
                0x0800b2c8      0x338 ./Core/Src/hal/mode.o
                0x0800b2c8                MODE_exe_m4
 .text.MODE_exe_m5
                0x0800b600      0x61c ./Core/Src/hal/mode.o
                0x0800b600                MODE_exe_m5
 .text.MODE_exe
                0x0800bc1c      0x378 ./Core/Src/hal/mode.o
                0x0800bc1c                MODE_exe
 .text.MODE_DistRightCheck
                0x0800bf94       0x2e ./Core/Src/hal/mode.o
                0x0800bf94                MODE_DistRightCheck
 .text.MODE_DistLeftCheck
                0x0800bfc2       0x2c ./Core/Src/hal/mode.o
                0x0800bfc2                MODE_DistLeftCheck
 .text.MODE_setWaitCheck
                0x0800bfee       0x54 ./Core/Src/hal/mode.o
                0x0800bfee                MODE_setWaitCheck
 .text.MODE_CheckExe
                0x0800c042       0x50 ./Core/Src/hal/mode.o
                0x0800c042                MODE_CheckExe
 .text.MOT_getAcc1
                0x0800c092       0x18 ./Core/Src/hal/run.o
                0x0800c092                MOT_getAcc1
 .text.MOT_getAcc3
                0x0800c0aa       0x18 ./Core/Src/hal/run.o
                0x0800c0aa                MOT_getAcc3
 .text.MOT_getJerk
                0x0800c0c2       0x18 ./Core/Src/hal/run.o
                0x0800c0c2                MOT_getJerk
 *fill*         0x0800c0da        0x2 
 .text.MOT_goBlock_AccConstDec
                0x0800c0dc      0x8bc ./Core/Src/hal/run.o
                0x0800c0dc                MOT_goBlock_AccConstDec
 .text.MOT_setData_ACC_CONST_DEC
                0x0800c998      0x674 ./Core/Src/hal/run.o
                0x0800c998                MOT_setData_ACC_CONST_DEC
 *fill*         0x0800d00c        0x4 
 .text.MOT_setData_MOT_ACC_CONST_DEC_CUSTOM
                0x0800d010      0x840 ./Core/Src/hal/run.o
                0x0800d010                MOT_setData_MOT_ACC_CONST_DEC_CUSTOM
 .text.MOT_setData_MOT_ACC_CONST
                0x0800d850      0x3b0 ./Core/Src/hal/run.o
                0x0800d850                MOT_setData_MOT_ACC_CONST
 .text.MOT_setData_MOT_ACC_CONST_CUSTOM
                0x0800dc00      0x4a4 ./Core/Src/hal/run.o
                0x0800dc00                MOT_setData_MOT_ACC_CONST_CUSTOM
 *fill*         0x0800e0a4        0x4 
 .text.MOT_setData_MOT_CONST_DEC
                0x0800e0a8      0x3b8 ./Core/Src/hal/run.o
                0x0800e0a8                MOT_setData_MOT_CONST_DEC
 .text.MOT_setData_MOT_CONST_DEC_CUSTOM
                0x0800e460      0x494 ./Core/Src/hal/run.o
                0x0800e460                MOT_setData_MOT_CONST_DEC_CUSTOM
 *fill*         0x0800e8f4        0x4 
 .text.MOT_getStType
                0x0800e8f8      0xc44 ./Core/Src/hal/run.o
                0x0800e8f8                MOT_getStType
 .text.MOT_go_FinSpeed
                0x0800f53c      0x120 ./Core/Src/hal/run.o
                0x0800f53c                MOT_go_FinSpeed
 .text.MOT_goBlock_FinSpeed
                0x0800f65c       0x24 ./Core/Src/hal/run.o
                0x0800f65c                MOT_goBlock_FinSpeed
 .text.MOT_goSkewBlock_FinSpeed
                0x0800f680       0x24 ./Core/Src/hal/run.o
                0x0800f680                MOT_goSkewBlock_FinSpeed
 .text.MOT_goBlock_Const
                0x0800f6a4      0x3c4 ./Core/Src/hal/run.o
                0x0800f6a4                MOT_goBlock_Const
 .text.MOT_getAccAngle1
                0x0800fa68       0x18 ./Core/Src/hal/run.o
                0x0800fa68                MOT_getAccAngle1
 .text.MOT_getAccAngle3
                0x0800fa80       0x18 ./Core/Src/hal/run.o
                0x0800fa80                MOT_getAccAngle3
 .text.MOT_getJerkAngle
                0x0800fa98       0x18 ./Core/Src/hal/run.o
                0x0800fa98                MOT_getJerkAngle
 .text.MOT_turn
                0x0800fab0     0x1544 ./Core/Src/hal/run.o
                0x0800fab0                MOT_turn
 .text.MOT_setSlaStaSpeed
                0x08010ff4       0x60 ./Core/Src/hal/run.o
                0x08010ff4                MOT_setSlaStaSpeed
 .text.MOT_getSlaStaSpeed
                0x08011054       0x64 ./Core/Src/hal/run.o
                0x08011054                MOT_getSlaStaSpeed
 .text.MOT_setTrgtSpeed
                0x080110b8       0x2c ./Core/Src/hal/run.o
                0x080110b8                MOT_setTrgtSpeed
 .text.MOT_setNowSpeed
                0x080110e4       0x20 ./Core/Src/hal/run.o
                0x080110e4                MOT_setNowSpeed
 .text.MOT_goHitBackWall
                0x08011104       0xc0 ./Core/Src/hal/run.o
                0x08011104                MOT_goHitBackWall
 *fill*         0x080111c4        0x4 
 .text.MOT_goSla
                0x080111c8     0x1520 ./Core/Src/hal/run.o
                0x080111c8                MOT_goSla
 .text.MOT_setWallEdgeType
                0x080126e8       0x2c ./Core/Src/hal/run.o
                0x080126e8                MOT_setWallEdgeType
 .text.MOT_getWallEdgeType
                0x08012714       0x18 ./Core/Src/hal/run.o
                0x08012714                MOT_getWallEdgeType
 .text.MOT_setWallEdge
                0x0801272c       0x20 ./Core/Src/hal/run.o
                0x0801272c                MOT_setWallEdge
 .text.MOT_setWallEdgeDist
                0x0801274c       0x88 ./Core/Src/hal/run.o
                0x0801274c                MOT_setWallEdgeDist
 .text.MOT_setWallEdgeDist_LoopWait
                0x080127d4       0x34 ./Core/Src/hal/run.o
                0x080127d4                MOT_setWallEdgeDist_LoopWait
 .text.DIST_Front_Wall_correction
                0x08012808      0x128 ./Core/Src/hal/run.o
                0x08012808                DIST_Front_Wall_correction
 .text.BAT_Pol  0x08012930       0xcc ./Core/Src/hal/sen_batt.o
                0x08012930                BAT_Pol
 *fill*         0x080129fc        0x4 
 .text.get_battLv
                0x08012a00       0x8c ./Core/Src/hal/sen_batt.o
                0x08012a00                get_battLv
 .text.DIST_init
                0x08012a8c       0x94 ./Core/Src/hal/sen_dist.o
                0x08012a8c                DIST_init
 .text.DIST_getNowVal
                0x08012b20       0x2c ./Core/Src/hal/sen_dist.o
                0x08012b20                DIST_getNowVal
 *fill*         0x08012b4c        0x4 
 .text.DIST_getErr
                0x08012b50      0x32c ./Core/Src/hal/sen_dist.o
                0x08012b50                DIST_getErr
 .text.DIST_getErrSkew
                0x08012e7c       0x98 ./Core/Src/hal/sen_dist.o
                0x08012e7c                DIST_getErrSkew
 .text.DIST_Pol_FL
                0x08012f14       0x70 ./Core/Src/hal/sen_dist.o
                0x08012f14                DIST_Pol_FL
 .text.DIST_Pol_FR
                0x08012f84       0x70 ./Core/Src/hal/sen_dist.o
                0x08012f84                DIST_Pol_FR
 .text.DIST_Pol_SL
                0x08012ff4       0x70 ./Core/Src/hal/sen_dist.o
                0x08012ff4                DIST_Pol_SL
 .text.DIST_Pol_SR
                0x08013064       0x6c ./Core/Src/hal/sen_dist.o
                0x08013064                DIST_Pol_SR
 .text.Get_Sen_Nowdata
                0x080130d0       0x34 ./Core/Src/hal/sen_dist.o
                0x080130d0                Get_Sen_Nowdata
 .text.DIST_isWall_FRONT
                0x08013104       0x38 ./Core/Src/hal/sen_dist.o
                0x08013104                DIST_isWall_FRONT
 .text.DIST_isWall_R_SIDE
                0x0801313c       0x2c ./Core/Src/hal/sen_dist.o
                0x0801313c                DIST_isWall_R_SIDE
 .text.DIST_isWall_L_SIDE
                0x08013168       0x2c ./Core/Src/hal/sen_dist.o
                0x08013168                DIST_isWall_L_SIDE
 .text.MAP_refPos
                0x08013194      0x620 ./Core/Src/search/map_cmd.o
                0x08013194                MAP_refPos
 .text.MAP_setWallCut
                0x080137b4      0x8d0 ./Core/Src/search/map_cmd.o
                0x080137b4                MAP_setWallCut
 .text.MAP_setCmdPos
                0x08014084       0x54 ./Core/Src/search/map_cmd.o
                0x08014084                MAP_setCmdPos
 .text.MAP_showCmdLog
                0x080140d8       0xa0 ./Core/Src/search/map_cmd.o
                0x080140d8                MAP_showCmdLog
 .text.MAP_makeCmdList
                0x08014178      0x4b0 ./Core/Src/search/map_cmd.o
                0x08014178                MAP_makeCmdList
 .text.MAP_makeSlaCmdList
                0x08014628      0x2f8 ./Core/Src/search/map_cmd.o
                0x08014628                MAP_makeSlaCmdList
 .text.MAP_makeSkewCmdList
                0x08014920      0xf6c ./Core/Src/search/map_cmd.o
                0x08014920                MAP_makeSkewCmdList
 .text.MAP_drive
                0x0801588c      0x7d0 ./Core/Src/search/map_cmd.o
                0x0801588c                MAP_drive
 .text.MAP_searchCmdList
                0x0801605c      0x438 ./Core/Src/search/map_cmd.o
                0x0801605c                MAP_searchCmdList
 .text.MAP_makeCmdList_dijkstra_modoki
                0x08016494      0x4b0 ./Core/Src/search/map_cmd.o
                0x08016494                MAP_makeCmdList_dijkstra_modoki
 .text.FLASH_Lock
                0x08016944       0x20 ./Core/Src/search/map_flash.o
 .text.FLASH_Unlock
                0x08016964       0x28 ./Core/Src/search/map_flash.o
 .text.Map_Write
                0x0801698c       0x28 ./Core/Src/search/map_flash.o
                0x0801698c                Map_Write
 .text.Map_Copy
                0x080169b4       0x4c ./Core/Src/search/map_flash.o
                0x080169b4                Map_Copy
 .text.Map_Erase
                0x08016a00       0x16 ./Core/Src/search/map_flash.o
                0x08016a00                Map_Erase
 *fill*         0x08016a16        0x2 
 .text.Is_Known_Accel
                0x08016a18       0x18 ./Core/Src/search/search.o
                0x08016a18                Is_Known_Accel
 .text.MAP_init
                0x08016a30       0x4c ./Core/Src/search/search.o
                0x08016a30                MAP_init
 .text.MAP_Goal_init
                0x08016a7c       0x24 ./Core/Src/search/search.o
                0x08016a7c                MAP_Goal_init
 .text.MAP_setPos
                0x08016aa0       0x44 ./Core/Src/search/search.o
                0x08016aa0                MAP_setPos
 .text.MAP_showLog
                0x08016ae4      0x198 ./Core/Src/search/search.o
                0x08016ae4                MAP_showLog
 .text.MAP_clearMap
                0x08016c7c       0xd8 ./Core/Src/search/search.o
                0x08016c7c                MAP_clearMap
 .text.MAP_getWallData
                0x08016d54       0xb0 ./Core/Src/search/search.o
                0x08016d54                MAP_getWallData
 .text.MAP_makeMapData
                0x08016e04      0x1ac ./Core/Src/search/search.o
                0x08016e04                MAP_makeMapData
 .text.MAP_get_refPos_WallData
                0x08016fb0       0xac ./Core/Src/search/search.o
                0x08016fb0                MAP_get_refPos_WallData
 .text.MAP_make_refPos_MapData
                0x0801705c      0x19c ./Core/Src/search/search.o
                0x0801705c                MAP_make_refPos_MapData
 .text.setStep  0x080171f8       0x5c ./Core/Src/search/search.o
                0x080171f8                setStep
 .text.MAP_makeContourMap_queue
                0x08017254      0x3d4 ./Core/Src/search/search.o
                0x08017254                MAP_makeContourMap_queue
 .text.MAP_makeContourMap_run
                0x08017628      0x3cc ./Core/Src/search/search.o
                0x08017628                MAP_makeContourMap_run
 .text.MAP_calcMouseDir
                0x080179f4      0x218 ./Core/Src/search/search.o
                0x080179f4                MAP_calcMouseDir
 .text.MAP_refMousePos
                0x08017c0c       0x78 ./Core/Src/search/search.o
                0x08017c0c                MAP_refMousePos
 .text.MAP_moveNextBlock
                0x08017c84      0x164 ./Core/Src/search/search.o
                0x08017c84                MAP_moveNextBlock
 .text.MAP_moveNextBlock_Sla
                0x08017de8      0x4f4 ./Core/Src/search/search.o
                0x08017de8                MAP_moveNextBlock_Sla
 .text.MAP_moveNextBlock_frontmiss
                0x080182dc       0xac ./Core/Src/search/search.o
                0x080182dc                MAP_moveNextBlock_frontmiss
 .text.MAP_actGoal
                0x08018388       0x4c ./Core/Src/search/search.o
                0x08018388                MAP_actGoal
 .text.MAP_actGoalLED
                0x080183d4       0x6c ./Core/Src/search/search.o
                0x080183d4                MAP_actGoalLED
 .text.MAP_Goalsize
                0x08018440       0x68 ./Core/Src/search/search.o
                0x08018440                MAP_Goalsize
 .text.MAP_makeReturnContourMap
                0x080184a8      0x388 ./Core/Src/search/search.o
                0x080184a8                MAP_makeReturnContourMap
 .text.MAP_KnownAcc
                0x08018830       0xe8 ./Core/Src/search/search.o
                0x08018830                MAP_KnownAcc
 .text.MAP_moveNextBlock_acc
                0x08018918      0xbc4 ./Core/Src/search/search.o
                0x08018918                MAP_moveNextBlock_acc
 .text.MAP_searchGoal
                0x080194dc      0x2b0 ./Core/Src/search/search.o
                0x080194dc                MAP_searchGoal
 .text.MAP_searchGoalKnown
                0x0801978c      0x3d8 ./Core/Src/search/search.o
                0x0801978c                MAP_searchGoalKnown
 .text.MAP_clearMap_direction
                0x08019b64       0x50 ./Core/Src/search/search.o
                0x08019b64                MAP_clearMap_direction
 .text.MAP_makeContourMap_dijkstra_modoki
                0x08019bb4      0x594 ./Core/Src/search/search.o
                0x08019bb4                MAP_makeContourMap_dijkstra_modoki
 .text.Reset_Handler
                0x0801a148       0x50 ./Core/Startup/startup_stm32g474ceux.o
                0x0801a148                Reset_Handler
 .text.Default_Handler
                0x0801a198        0x2 ./Core/Startup/startup_stm32g474ceux.o
                0x0801a198                RTC_Alarm_IRQHandler
                0x0801a198                EXTI2_IRQHandler
                0x0801a198                TIM8_TRG_COM_IRQHandler
                0x0801a198                TIM8_CC_IRQHandler
                0x0801a198                HRTIM1_Master_IRQHandler
                0x0801a198                SPI4_IRQHandler
                0x0801a198                FDCAN3_IT0_IRQHandler
                0x0801a198                TIM1_CC_IRQHandler
                0x0801a198                HRTIM1_FLT_IRQHandler
                0x0801a198                HRTIM1_TIMF_IRQHandler
                0x0801a198                USB_HP_IRQHandler
                0x0801a198                CORDIC_IRQHandler
                0x0801a198                HRTIM1_TIMD_IRQHandler
                0x0801a198                DMA2_Channel8_IRQHandler
                0x0801a198                EXTI3_IRQHandler
                0x0801a198                I2C3_ER_IRQHandler
                0x0801a198                EXTI0_IRQHandler
                0x0801a198                I2C2_EV_IRQHandler
                0x0801a198                FPU_IRQHandler
                0x0801a198                FDCAN1_IT1_IRQHandler
                0x0801a198                TIM1_UP_TIM16_IRQHandler
                0x0801a198                ADC1_2_IRQHandler
                0x0801a198                HRTIM1_TIME_IRQHandler
                0x0801a198                SPI1_IRQHandler
                0x0801a198                HRTIM1_TIMC_IRQHandler
                0x0801a198                TIM8_UP_IRQHandler
                0x0801a198                DMA2_Channel2_IRQHandler
                0x0801a198                TIM20_TRG_COM_IRQHandler
                0x0801a198                USART3_IRQHandler
                0x0801a198                DMA1_Channel7_IRQHandler
                0x0801a198                UART5_IRQHandler
                0x0801a198                ADC3_IRQHandler
                0x0801a198                DMA2_Channel1_IRQHandler
                0x0801a198                QUADSPI_IRQHandler
                0x0801a198                I2C1_EV_IRQHandler
                0x0801a198                DMA1_Channel6_IRQHandler
                0x0801a198                UART4_IRQHandler
                0x0801a198                DMA2_Channel4_IRQHandler
                0x0801a198                TIM3_IRQHandler
                0x0801a198                RCC_IRQHandler
                0x0801a198                TIM20_UP_IRQHandler
                0x0801a198                DMA1_Channel1_IRQHandler
                0x0801a198                Default_Handler
                0x0801a198                DMA2_Channel7_IRQHandler
                0x0801a198                RTC_TAMP_LSECSS_IRQHandler
                0x0801a198                FMAC_IRQHandler
                0x0801a198                EXTI15_10_IRQHandler
                0x0801a198                DMA1_Channel8_IRQHandler
                0x0801a198                HRTIM1_TIMA_IRQHandler
                0x0801a198                FDCAN3_IT1_IRQHandler
                0x0801a198                TIM5_IRQHandler
                0x0801a198                UCPD1_IRQHandler
                0x0801a198                I2C3_EV_IRQHandler
                0x0801a198                EXTI9_5_IRQHandler
                0x0801a198                RTC_WKUP_IRQHandler
                0x0801a198                PVD_PVM_IRQHandler
                0x0801a198                SPI2_IRQHandler
                0x0801a198                ADC5_IRQHandler
                0x0801a198                DMA2_Channel5_IRQHandler
                0x0801a198                CRS_IRQHandler
                0x0801a198                DMA1_Channel5_IRQHandler
                0x0801a198                USB_LP_IRQHandler
                0x0801a198                EXTI4_IRQHandler
                0x0801a198                RNG_IRQHandler
                0x0801a198                HRTIM1_TIMB_IRQHandler
                0x0801a198                TIM1_TRG_COM_TIM17_IRQHandler
                0x0801a198                FDCAN2_IT1_IRQHandler
                0x0801a198                ADC4_IRQHandler
                0x0801a198                WWDG_IRQHandler
                0x0801a198                I2C4_EV_IRQHandler
                0x0801a198                FDCAN2_IT0_IRQHandler
                0x0801a198                LPUART1_IRQHandler
                0x0801a198                DMA2_Channel6_IRQHandler
                0x0801a198                FDCAN1_IT0_IRQHandler
                0x0801a198                TIM2_IRQHandler
                0x0801a198                COMP7_IRQHandler
                0x0801a198                COMP1_2_3_IRQHandler
                0x0801a198                EXTI1_IRQHandler
                0x0801a198                USART2_IRQHandler
                0x0801a198                COMP4_5_6_IRQHandler
                0x0801a198                TIM20_BRK_IRQHandler
                0x0801a198                I2C2_ER_IRQHandler
                0x0801a198                DMA1_Channel2_IRQHandler
                0x0801a198                TIM8_BRK_IRQHandler
                0x0801a198                FLASH_IRQHandler
                0x0801a198                TIM20_CC_IRQHandler
                0x0801a198                USART1_IRQHandler
                0x0801a198                SPI3_IRQHandler
                0x0801a198                I2C1_ER_IRQHandler
                0x0801a198                FMC_IRQHandler
                0x0801a198                LPTIM1_IRQHandler
                0x0801a198                DMAMUX_OVR_IRQHandler
                0x0801a198                I2C4_ER_IRQHandler
                0x0801a198                USBWakeUp_IRQHandler
                0x0801a198                SAI1_IRQHandler
                0x0801a198                DMA2_Channel3_IRQHandler
 .text.LL_ADC_REG_SetSequencerLength
                0x0801a19a       0x26 ./Drivers/STM32G4xx_HAL_Driver/Src/stm32g4xx_ll_adc.o
 .text.LL_ADC_IsEnabled
                0x0801a1c0       0x26 ./Drivers/STM32G4xx_HAL_Driver/Src/stm32g4xx_ll_adc.o
 *fill*         0x0801a1e6        0x2 
 .text.LL_ADC_CommonInit
                0x0801a1e8       0xc8 ./Drivers/STM32G4xx_HAL_Driver/Src/stm32g4xx_ll_adc.o
                0x0801a1e8                LL_ADC_CommonInit
 .text.LL_ADC_Init
                0x0801a2b0       0x4c ./Drivers/STM32G4xx_HAL_Driver/Src/stm32g4xx_ll_adc.o
                0x0801a2b0                LL_ADC_Init
 .text.LL_ADC_REG_Init
                0x0801a2fc       0x94 ./Drivers/STM32G4xx_HAL_Driver/Src/stm32g4xx_ll_adc.o
                0x0801a2fc                LL_ADC_REG_Init
 .text.LL_GPIO_SetPinMode
                0x0801a390       0x7a ./Drivers/STM32G4xx_HAL_Driver/Src/stm32g4xx_ll_gpio.o
 .text.LL_GPIO_SetPinOutputType
                0x0801a40a       0x30 ./Drivers/STM32G4xx_HAL_Driver/Src/stm32g4xx_ll_gpio.o
 .text.LL_GPIO_SetPinSpeed
                0x0801a43a       0x7a ./Drivers/STM32G4xx_HAL_Driver/Src/stm32g4xx_ll_gpio.o
 .text.LL_GPIO_SetPinPull
                0x0801a4b4       0x7a ./Drivers/STM32G4xx_HAL_Driver/Src/stm32g4xx_ll_gpio.o
 .text.LL_GPIO_SetAFPin_0_7
                0x0801a52e       0x7a ./Drivers/STM32G4xx_HAL_Driver/Src/stm32g4xx_ll_gpio.o
 .text.LL_GPIO_SetAFPin_8_15
                0x0801a5a8       0x7e ./Drivers/STM32G4xx_HAL_Driver/Src/stm32g4xx_ll_gpio.o
 .text.LL_GPIO_Init
                0x0801a626       0xdc ./Drivers/STM32G4xx_HAL_Driver/Src/stm32g4xx_ll_gpio.o
                0x0801a626                LL_GPIO_Init
 *fill*         0x0801a702        0x2 
 .text.LL_RCC_HSI_IsReady
                0x0801a704       0x28 ./Drivers/STM32G4xx_HAL_Driver/Src/stm32g4xx_ll_rcc.o
 .text.LL_RCC_LSE_IsReady
                0x0801a72c       0x28 ./Drivers/STM32G4xx_HAL_Driver/Src/stm32g4xx_ll_rcc.o
 .text.LL_RCC_GetSysClkSource
                0x0801a754       0x1c ./Drivers/STM32G4xx_HAL_Driver/Src/stm32g4xx_ll_rcc.o
 .text.LL_RCC_GetAHBPrescaler
                0x0801a770       0x1c ./Drivers/STM32G4xx_HAL_Driver/Src/stm32g4xx_ll_rcc.o
 .text.LL_RCC_GetAPB1Prescaler
                0x0801a78c       0x1c ./Drivers/STM32G4xx_HAL_Driver/Src/stm32g4xx_ll_rcc.o
 .text.LL_RCC_GetAPB2Prescaler
                0x0801a7a8       0x1c ./Drivers/STM32G4xx_HAL_Driver/Src/stm32g4xx_ll_rcc.o
 .text.LL_RCC_GetUSARTClockSource
                0x0801a7c4       0x28 ./Drivers/STM32G4xx_HAL_Driver/Src/stm32g4xx_ll_rcc.o
 .text.LL_RCC_GetUARTClockSource
                0x0801a7ec       0x28 ./Drivers/STM32G4xx_HAL_Driver/Src/stm32g4xx_ll_rcc.o
 .text.LL_RCC_PLL_GetMainSource
                0x0801a814       0x1c ./Drivers/STM32G4xx_HAL_Driver/Src/stm32g4xx_ll_rcc.o
 .text.LL_RCC_PLL_GetN
                0x0801a830       0x1c ./Drivers/STM32G4xx_HAL_Driver/Src/stm32g4xx_ll_rcc.o
 .text.LL_RCC_PLL_GetR
                0x0801a84c       0x1c ./Drivers/STM32G4xx_HAL_Driver/Src/stm32g4xx_ll_rcc.o
 .text.LL_RCC_PLL_GetDivider
                0x0801a868       0x1c ./Drivers/STM32G4xx_HAL_Driver/Src/stm32g4xx_ll_rcc.o
 .text.LL_RCC_GetUSARTClockFreq
                0x0801a884      0x188 ./Drivers/STM32G4xx_HAL_Driver/Src/stm32g4xx_ll_rcc.o
                0x0801a884                LL_RCC_GetUSARTClockFreq
 .text.LL_RCC_GetUARTClockFreq
                0x0801aa0c      0x10c ./Drivers/STM32G4xx_HAL_Driver/Src/stm32g4xx_ll_rcc.o
                0x0801aa0c                LL_RCC_GetUARTClockFreq
 .text.RCC_GetSystemClockFreq
                0x0801ab18       0x4c ./Drivers/STM32G4xx_HAL_Driver/Src/stm32g4xx_ll_rcc.o
 .text.RCC_GetHCLKClockFreq
                0x0801ab64       0x30 ./Drivers/STM32G4xx_HAL_Driver/Src/stm32g4xx_ll_rcc.o
 .text.RCC_GetPCLK1ClockFreq
                0x0801ab94       0x2c ./Drivers/STM32G4xx_HAL_Driver/Src/stm32g4xx_ll_rcc.o
 .text.RCC_GetPCLK2ClockFreq
                0x0801abc0       0x2c ./Drivers/STM32G4xx_HAL_Driver/Src/stm32g4xx_ll_rcc.o
 .text.RCC_PLL_GetFreqDomain_SYS
                0x0801abec       0x68 ./Drivers/STM32G4xx_HAL_Driver/Src/stm32g4xx_ll_rcc.o
 .text.LL_SPI_IsEnabled
                0x0801ac54       0x26 ./Drivers/STM32G4xx_HAL_Driver/Src/stm32g4xx_ll_spi.o
 .text.LL_SPI_SetRxFIFOThreshold
                0x0801ac7a       0x26 ./Drivers/STM32G4xx_HAL_Driver/Src/stm32g4xx_ll_spi.o
 .text.LL_SPI_SetCRCPolynomial
                0x0801aca0       0x20 ./Drivers/STM32G4xx_HAL_Driver/Src/stm32g4xx_ll_spi.o
 .text.LL_SPI_Init
                0x0801acc0       0xbc ./Drivers/STM32G4xx_HAL_Driver/Src/stm32g4xx_ll_spi.o
                0x0801acc0                LL_SPI_Init
 .text.LL_TIM_SetPrescaler
                0x0801ad7c       0x1c ./Drivers/STM32G4xx_HAL_Driver/Src/stm32g4xx_ll_tim.o
 .text.LL_TIM_SetAutoReload
                0x0801ad98       0x1c ./Drivers/STM32G4xx_HAL_Driver/Src/stm32g4xx_ll_tim.o
 .text.LL_TIM_SetRepetitionCounter
                0x0801adb4       0x1c ./Drivers/STM32G4xx_HAL_Driver/Src/stm32g4xx_ll_tim.o
 .text.LL_TIM_OC_SetCompareCH1
                0x0801add0       0x1c ./Drivers/STM32G4xx_HAL_Driver/Src/stm32g4xx_ll_tim.o
 .text.LL_TIM_OC_SetCompareCH2
                0x0801adec       0x1c ./Drivers/STM32G4xx_HAL_Driver/Src/stm32g4xx_ll_tim.o
 .text.LL_TIM_OC_SetCompareCH3
                0x0801ae08       0x1c ./Drivers/STM32G4xx_HAL_Driver/Src/stm32g4xx_ll_tim.o
 .text.LL_TIM_OC_SetCompareCH4
                0x0801ae24       0x1c ./Drivers/STM32G4xx_HAL_Driver/Src/stm32g4xx_ll_tim.o
 .text.LL_TIM_OC_SetCompareCH5
                0x0801ae40       0x20 ./Drivers/STM32G4xx_HAL_Driver/Src/stm32g4xx_ll_tim.o
 .text.LL_TIM_OC_SetCompareCH6
                0x0801ae60       0x1c ./Drivers/STM32G4xx_HAL_Driver/Src/stm32g4xx_ll_tim.o
 .text.LL_TIM_GenerateEvent_UPDATE
                0x0801ae7c       0x20 ./Drivers/STM32G4xx_HAL_Driver/Src/stm32g4xx_ll_tim.o
 .text.LL_TIM_Init
                0x0801ae9c      0x144 ./Drivers/STM32G4xx_HAL_Driver/Src/stm32g4xx_ll_tim.o
                0x0801ae9c                LL_TIM_Init
 .text.LL_TIM_OC_Init
                0x0801afe0       0xbe ./Drivers/STM32G4xx_HAL_Driver/Src/stm32g4xx_ll_tim.o
                0x0801afe0                LL_TIM_OC_Init
 *fill*         0x0801b09e        0x2 
 .text.LL_TIM_BDTR_Init
                0x0801b0a0       0xfc ./Drivers/STM32G4xx_HAL_Driver/Src/stm32g4xx_ll_tim.o
                0x0801b0a0                LL_TIM_BDTR_Init
 .text.OC1Config
                0x0801b19c      0x10c ./Drivers/STM32G4xx_HAL_Driver/Src/stm32g4xx_ll_tim.o
 .text.OC2Config
                0x0801b2a8      0x114 ./Drivers/STM32G4xx_HAL_Driver/Src/stm32g4xx_ll_tim.o
 .text.OC3Config
                0x0801b3bc      0x114 ./Drivers/STM32G4xx_HAL_Driver/Src/stm32g4xx_ll_tim.o
 .text.OC4Config
                0x0801b4d0      0x114 ./Drivers/STM32G4xx_HAL_Driver/Src/stm32g4xx_ll_tim.o
 .text.OC5Config
                0x0801b5e4       0xd4 ./Drivers/STM32G4xx_HAL_Driver/Src/stm32g4xx_ll_tim.o
 .text.OC6Config
                0x0801b6b8       0xd4 ./Drivers/STM32G4xx_HAL_Driver/Src/stm32g4xx_ll_tim.o
 .text.LL_USART_IsEnabled
                0x0801b78c       0x26 ./Drivers/STM32G4xx_HAL_Driver/Src/stm32g4xx_ll_usart.o
 .text.LL_USART_SetPrescaler
                0x0801b7b2       0x28 ./Drivers/STM32G4xx_HAL_Driver/Src/stm32g4xx_ll_usart.o
 .text.LL_USART_SetStopBitsLength
                0x0801b7da       0x26 ./Drivers/STM32G4xx_HAL_Driver/Src/stm32g4xx_ll_usart.o
 .text.LL_USART_SetHWFlowCtrl
                0x0801b800       0x26 ./Drivers/STM32G4xx_HAL_Driver/Src/stm32g4xx_ll_usart.o
 *fill*         0x0801b826        0x2 
 .text.LL_USART_SetBaudRate
                0x0801b828       0xa0 ./Drivers/STM32G4xx_HAL_Driver/Src/stm32g4xx_ll_usart.o
 .text.LL_USART_Init
                0x0801b8c8      0x10c ./Drivers/STM32G4xx_HAL_Driver/Src/stm32g4xx_ll_usart.o
                0x0801b8c8                LL_USART_Init
 .text.LL_InitTick
                0x0801b9d4       0x34 ./Drivers/STM32G4xx_HAL_Driver/Src/stm32g4xx_ll_utils.o
 .text.LL_Init1msTick
                0x0801ba08       0x1a ./Drivers/STM32G4xx_HAL_Driver/Src/stm32g4xx_ll_utils.o
                0x0801ba08                LL_Init1msTick
 *fill*         0x0801ba22        0x2 
 .text.LL_mDelay
                0x0801ba24       0x50 ./Drivers/STM32G4xx_HAL_Driver/Src/stm32g4xx_ll_utils.o
                0x0801ba24                LL_mDelay
 .text.LL_SetSystemCoreClock
                0x0801ba74       0x20 ./Drivers/STM32G4xx_HAL_Driver/Src/stm32g4xx_ll_utils.o
                0x0801ba74                LL_SetSystemCoreClock
 .text.sqrt     0x0801ba94       0x58 C:/ST/STM32CubeIDE_1.10.1/STM32CubeIDE/plugins/com.st.stm32cube.ide.mcu.externaltools.gnu-tools-for-stm32.12.3.rel1.win32_1.0.100.202403111256/tools/bin/../lib/gcc/arm-none-eabi/12.3.1/../../../../arm-none-eabi/lib/thumb/v7e-m+fp/hard\libm.a(libm_a-w_sqrt.o)
                0x0801ba94                sqrt
 *fill*         0x0801baec        0x4 
 .text.cos      0x0801baf0       0xa8 C:/ST/STM32CubeIDE_1.10.1/STM32CubeIDE/plugins/com.st.stm32cube.ide.mcu.externaltools.gnu-tools-for-stm32.12.3.rel1.win32_1.0.100.202403111256/tools/bin/../lib/gcc/arm-none-eabi/12.3.1/../../../../arm-none-eabi/lib/thumb/v7e-m+fp/hard\libm.a(libm_a-s_cos.o)
                0x0801baf0                cos
 .text.sin      0x0801bb98       0xa8 C:/ST/STM32CubeIDE_1.10.1/STM32CubeIDE/plugins/com.st.stm32cube.ide.mcu.externaltools.gnu-tools-for-stm32.12.3.rel1.win32_1.0.100.202403111256/tools/bin/../lib/gcc/arm-none-eabi/12.3.1/../../../../arm-none-eabi/lib/thumb/v7e-m+fp/hard\libm.a(libm_a-s_sin.o)
                0x0801bb98                sin
 .text.__ieee754_sqrt
                0x0801bc40      0x1b4 C:/ST/STM32CubeIDE_1.10.1/STM32CubeIDE/plugins/com.st.stm32cube.ide.mcu.externaltools.gnu-tools-for-stm32.12.3.rel1.win32_1.0.100.202403111256/tools/bin/../lib/gcc/arm-none-eabi/12.3.1/../../../../arm-none-eabi/lib/thumb/v7e-m+fp/hard\libm.a(libm_a-e_sqrt.o)
                0x0801bc40                __ieee754_sqrt
 *fill*         0x0801bdf4        0x4 
 .text.__kernel_cos
                0x0801bdf8      0x18c C:/ST/STM32CubeIDE_1.10.1/STM32CubeIDE/plugins/com.st.stm32cube.ide.mcu.externaltools.gnu-tools-for-stm32.12.3.rel1.win32_1.0.100.202403111256/tools/bin/../lib/gcc/arm-none-eabi/12.3.1/../../../../arm-none-eabi/lib/thumb/v7e-m+fp/hard\libm.a(libm_a-k_cos.o)
                0x0801bdf8                __kernel_cos
 *fill*         0x0801bf84        0x4 
 .text.__kernel_sin
                0x0801bf88      0x174 C:/ST/STM32CubeIDE_1.10.1/STM32CubeIDE/plugins/com.st.stm32cube.ide.mcu.externaltools.gnu-tools-for-stm32.12.3.rel1.win32_1.0.100.202403111256/tools/bin/../lib/gcc/arm-none-eabi/12.3.1/../../../../arm-none-eabi/lib/thumb/v7e-m+fp/hard\libm.a(libm_a-k_sin.o)
                0x0801bf88                __kernel_sin
 *fill*         0x0801c0fc        0x4 
 .text.__ieee754_rem_pio2
                0x0801c100      0x3f8 C:/ST/STM32CubeIDE_1.10.1/STM32CubeIDE/plugins/com.st.stm32cube.ide.mcu.externaltools.gnu-tools-for-stm32.12.3.rel1.win32_1.0.100.202403111256/tools/bin/../lib/gcc/arm-none-eabi/12.3.1/../../../../arm-none-eabi/lib/thumb/v7e-m+fp/hard\libm.a(libm_a-e_rem_pio2.o)
                0x0801c100                __ieee754_rem_pio2
 .text.fabs     0x0801c4f8       0x10 C:/ST/STM32CubeIDE_1.10.1/STM32CubeIDE/plugins/com.st.stm32cube.ide.mcu.externaltools.gnu-tools-for-stm32.12.3.rel1.win32_1.0.100.202403111256/tools/bin/../lib/gcc/arm-none-eabi/12.3.1/../../../../arm-none-eabi/lib/thumb/v7e-m+fp/hard\libm.a(libm_a-s_fabs.o)
                0x0801c4f8                fabs
 .text.__kernel_rem_pio2
                0x0801c508      0x6b0 C:/ST/STM32CubeIDE_1.10.1/STM32CubeIDE/plugins/com.st.stm32cube.ide.mcu.externaltools.gnu-tools-for-stm32.12.3.rel1.win32_1.0.100.202403111256/tools/bin/../lib/gcc/arm-none-eabi/12.3.1/../../../../arm-none-eabi/lib/thumb/v7e-m+fp/hard\libm.a(libm_a-k_rem_pio2.o)
                0x0801c508                __kernel_rem_pio2
 .text.scalbn   0x0801cbb8       0xfc C:/ST/STM32CubeIDE_1.10.1/STM32CubeIDE/plugins/com.st.stm32cube.ide.mcu.externaltools.gnu-tools-for-stm32.12.3.rel1.win32_1.0.100.202403111256/tools/bin/../lib/gcc/arm-none-eabi/12.3.1/../../../../arm-none-eabi/lib/thumb/v7e-m+fp/hard\libm.a(libm_a-s_scalbn.o)
                0x0801cbb8                scalbn
 *fill*         0x0801ccb4        0x4 
 .text.floor    0x0801ccb8       0xf8 C:/ST/STM32CubeIDE_1.10.1/STM32CubeIDE/plugins/com.st.stm32cube.ide.mcu.externaltools.gnu-tools-for-stm32.12.3.rel1.win32_1.0.100.202403111256/tools/bin/../lib/gcc/arm-none-eabi/12.3.1/../../../../arm-none-eabi/lib/thumb/v7e-m+fp/hard\libm.a(libm_a-s_floor.o)
                0x0801ccb8                floor
 .text.abs      0x0801cdb0        0x8 C:/ST/STM32CubeIDE_1.10.1/STM32CubeIDE/plugins/com.st.stm32cube.ide.mcu.externaltools.gnu-tools-for-stm32.12.3.rel1.win32_1.0.100.202403111256/tools/bin/../lib/gcc/arm-none-eabi/12.3.1/../../../../arm-none-eabi/lib/thumb/v7e-m+fp/hard\libc_nano.a(libc_a-abs.o)
                0x0801cdb0                abs
 .text.__cvt    0x0801cdb8       0xca C:/ST/STM32CubeIDE_1.10.1/STM32CubeIDE/plugins/com.st.stm32cube.ide.mcu.externaltools.gnu-tools-for-stm32.12.3.rel1.win32_1.0.100.202403111256/tools/bin/../lib/gcc/arm-none-eabi/12.3.1/../../../../arm-none-eabi/lib/thumb/v7e-m+fp/hard\libc_nano.a(libc_a-nano-vfprintf_float.o)
                0x0801cdb8                __cvt
 .text.__exponent
                0x0801ce82       0x74 C:/ST/STM32CubeIDE_1.10.1/STM32CubeIDE/plugins/com.st.stm32cube.ide.mcu.externaltools.gnu-tools-for-stm32.12.3.rel1.win32_1.0.100.202403111256/tools/bin/../lib/gcc/arm-none-eabi/12.3.1/../../../../arm-none-eabi/lib/thumb/v7e-m+fp/hard\libc_nano.a(libc_a-nano-vfprintf_float.o)
                0x0801ce82                __exponent
 *fill*         0x0801cef6        0x2 
 .text._printf_float
                0x0801cef8      0x454 C:/ST/STM32CubeIDE_1.10.1/STM32CubeIDE/plugins/com.st.stm32cube.ide.mcu.externaltools.gnu-tools-for-stm32.12.3.rel1.win32_1.0.100.202403111256/tools/bin/../lib/gcc/arm-none-eabi/12.3.1/../../../../arm-none-eabi/lib/thumb/v7e-m+fp/hard\libc_nano.a(libc_a-nano-vfprintf_float.o)
                0x0801cef8                _printf_float
 .text._printf_common
                0x0801d34c       0xda C:/ST/STM32CubeIDE_1.10.1/STM32CubeIDE/plugins/com.st.stm32cube.ide.mcu.externaltools.gnu-tools-for-stm32.12.3.rel1.win32_1.0.100.202403111256/tools/bin/../lib/gcc/arm-none-eabi/12.3.1/../../../../arm-none-eabi/lib/thumb/v7e-m+fp/hard\libc_nano.a(libc_a-nano-vfprintf_i.o)
                0x0801d34c                _printf_common
 *fill*         0x0801d426        0x2 
 .text._printf_i
                0x0801d428      0x240 C:/ST/STM32CubeIDE_1.10.1/STM32CubeIDE/plugins/com.st.stm32cube.ide.mcu.externaltools.gnu-tools-for-stm32.12.3.rel1.win32_1.0.100.202403111256/tools/bin/../lib/gcc/arm-none-eabi/12.3.1/../../../../arm-none-eabi/lib/thumb/v7e-m+fp/hard\libc_nano.a(libc_a-nano-vfprintf_i.o)
                0x0801d428                _printf_i
 .text._scanf_float
                0x0801d668      0x428 C:/ST/STM32CubeIDE_1.10.1/STM32CubeIDE/plugins/com.st.stm32cube.ide.mcu.externaltools.gnu-tools-for-stm32.12.3.rel1.win32_1.0.100.202403111256/tools/bin/../lib/gcc/arm-none-eabi/12.3.1/../../../../arm-none-eabi/lib/thumb/v7e-m+fp/hard\libc_nano.a(libc_a-nano-vfscanf_float.o)
                0x0801d668                _scanf_float
 .text.std      0x0801da90       0x6c C:/ST/STM32CubeIDE_1.10.1/STM32CubeIDE/plugins/com.st.stm32cube.ide.mcu.externaltools.gnu-tools-for-stm32.12.3.rel1.win32_1.0.100.202403111256/tools/bin/../lib/gcc/arm-none-eabi/12.3.1/../../../../arm-none-eabi/lib/thumb/v7e-m+fp/hard\libc_nano.a(libc_a-findfp.o)
 .text.stdio_exit_handler
                0x0801dafc       0x18 C:/ST/STM32CubeIDE_1.10.1/STM32CubeIDE/plugins/com.st.stm32cube.ide.mcu.externaltools.gnu-tools-for-stm32.12.3.rel1.win32_1.0.100.202403111256/tools/bin/../lib/gcc/arm-none-eabi/12.3.1/../../../../arm-none-eabi/lib/thumb/v7e-m+fp/hard\libc_nano.a(libc_a-findfp.o)
 .text.cleanup_stdio
                0x0801db14       0x40 C:/ST/STM32CubeIDE_1.10.1/STM32CubeIDE/plugins/com.st.stm32cube.ide.mcu.externaltools.gnu-tools-for-stm32.12.3.rel1.win32_1.0.100.202403111256/tools/bin/../lib/gcc/arm-none-eabi/12.3.1/../../../../arm-none-eabi/lib/thumb/v7e-m+fp/hard\libc_nano.a(libc_a-findfp.o)
 .text.global_stdio_init.part.0
                0x0801db54       0x3c C:/ST/STM32CubeIDE_1.10.1/STM32CubeIDE/plugins/com.st.stm32cube.ide.mcu.externaltools.gnu-tools-for-stm32.12.3.rel1.win32_1.0.100.202403111256/tools/bin/../lib/gcc/arm-none-eabi/12.3.1/../../../../arm-none-eabi/lib/thumb/v7e-m+fp/hard\libc_nano.a(libc_a-findfp.o)
 .text.__sfp_lock_acquire
                0x0801db90        0xc C:/ST/STM32CubeIDE_1.10.1/STM32CubeIDE/plugins/com.st.stm32cube.ide.mcu.externaltools.gnu-tools-for-stm32.12.3.rel1.win32_1.0.100.202403111256/tools/bin/../lib/gcc/arm-none-eabi/12.3.1/../../../../arm-none-eabi/lib/thumb/v7e-m+fp/hard\libc_nano.a(libc_a-findfp.o)
                0x0801db90                __sfp_lock_acquire
 .text.__sfp_lock_release
                0x0801db9c        0xc C:/ST/STM32CubeIDE_1.10.1/STM32CubeIDE/plugins/com.st.stm32cube.ide.mcu.externaltools.gnu-tools-for-stm32.12.3.rel1.win32_1.0.100.202403111256/tools/bin/../lib/gcc/arm-none-eabi/12.3.1/../../../../arm-none-eabi/lib/thumb/v7e-m+fp/hard\libc_nano.a(libc_a-findfp.o)
                0x0801db9c                __sfp_lock_release
 .text.__sinit  0x0801dba8       0x30 C:/ST/STM32CubeIDE_1.10.1/STM32CubeIDE/plugins/com.st.stm32cube.ide.mcu.externaltools.gnu-tools-for-stm32.12.3.rel1.win32_1.0.100.202403111256/tools/bin/../lib/gcc/arm-none-eabi/12.3.1/../../../../arm-none-eabi/lib/thumb/v7e-m+fp/hard\libc_nano.a(libc_a-findfp.o)
                0x0801dba8                __sinit
 .text._fwalk_sglue
                0x0801dbd8       0x3c C:/ST/STM32CubeIDE_1.10.1/STM32CubeIDE/plugins/com.st.stm32cube.ide.mcu.externaltools.gnu-tools-for-stm32.12.3.rel1.win32_1.0.100.202403111256/tools/bin/../lib/gcc/arm-none-eabi/12.3.1/../../../../arm-none-eabi/lib/thumb/v7e-m+fp/hard\libc_nano.a(libc_a-fwalk.o)
                0x0801dbd8                _fwalk_sglue
 .text.printf   0x0801dc14       0x24 C:/ST/STM32CubeIDE_1.10.1/STM32CubeIDE/plugins/com.st.stm32cube.ide.mcu.externaltools.gnu-tools-for-stm32.12.3.rel1.win32_1.0.100.202403111256/tools/bin/../lib/gcc/arm-none-eabi/12.3.1/../../../../arm-none-eabi/lib/thumb/v7e-m+fp/hard\libc_nano.a(libc_a-printf.o)
                0x0801dc14                iprintf
                0x0801dc14                printf
 .text.putchar  0x0801dc38       0x10 C:/ST/STM32CubeIDE_1.10.1/STM32CubeIDE/plugins/com.st.stm32cube.ide.mcu.externaltools.gnu-tools-for-stm32.12.3.rel1.win32_1.0.100.202403111256/tools/bin/../lib/gcc/arm-none-eabi/12.3.1/../../../../arm-none-eabi/lib/thumb/v7e-m+fp/hard\libc_nano.a(libc_a-putchar.o)
                0x0801dc38                putchar
 .text._puts_r  0x0801dc48       0xaa C:/ST/STM32CubeIDE_1.10.1/STM32CubeIDE/plugins/com.st.stm32cube.ide.mcu.externaltools.gnu-tools-for-stm32.12.3.rel1.win32_1.0.100.202403111256/tools/bin/../lib/gcc/arm-none-eabi/12.3.1/../../../../arm-none-eabi/lib/thumb/v7e-m+fp/hard\libc_nano.a(libc_a-puts.o)
                0x0801dc48                _puts_r
 *fill*         0x0801dcf2        0x2 
 .text.puts     0x0801dcf4       0x10 C:/ST/STM32CubeIDE_1.10.1/STM32CubeIDE/plugins/com.st.stm32cube.ide.mcu.externaltools.gnu-tools-for-stm32.12.3.rel1.win32_1.0.100.202403111256/tools/bin/../lib/gcc/arm-none-eabi/12.3.1/../../../../arm-none-eabi/lib/thumb/v7e-m+fp/hard\libc_nano.a(libc_a-puts.o)
                0x0801dcf4                puts
 .text.setbuf   0x0801dd04       0x10 C:/ST/STM32CubeIDE_1.10.1/STM32CubeIDE/plugins/com.st.stm32cube.ide.mcu.externaltools.gnu-tools-for-stm32.12.3.rel1.win32_1.0.100.202403111256/tools/bin/../lib/gcc/arm-none-eabi/12.3.1/../../../../arm-none-eabi/lib/thumb/v7e-m+fp/hard\libc_nano.a(libc_a-setbuf.o)
                0x0801dd04                setbuf
 .text.setvbuf  0x0801dd14      0x168 C:/ST/STM32CubeIDE_1.10.1/STM32CubeIDE/plugins/com.st.stm32cube.ide.mcu.externaltools.gnu-tools-for-stm32.12.3.rel1.win32_1.0.100.202403111256/tools/bin/../lib/gcc/arm-none-eabi/12.3.1/../../../../arm-none-eabi/lib/thumb/v7e-m+fp/hard\libc_nano.a(libc_a-setvbuf.o)
                0x0801dd14                setvbuf
 .text.sprintf  0x0801de7c       0x40 C:/ST/STM32CubeIDE_1.10.1/STM32CubeIDE/plugins/com.st.stm32cube.ide.mcu.externaltools.gnu-tools-for-stm32.12.3.rel1.win32_1.0.100.202403111256/tools/bin/../lib/gcc/arm-none-eabi/12.3.1/../../../../arm-none-eabi/lib/thumb/v7e-m+fp/hard\libc_nano.a(libc_a-sprintf.o)
                0x0801de7c                siprintf
                0x0801de7c                sprintf
 .text.__sread  0x0801debc       0x22 C:/ST/STM32CubeIDE_1.10.1/STM32CubeIDE/plugins/com.st.stm32cube.ide.mcu.externaltools.gnu-tools-for-stm32.12.3.rel1.win32_1.0.100.202403111256/tools/bin/../lib/gcc/arm-none-eabi/12.3.1/../../../../arm-none-eabi/lib/thumb/v7e-m+fp/hard\libc_nano.a(libc_a-stdio.o)
                0x0801debc                __sread
 .text.__swrite
                0x0801dede       0x38 C:/ST/STM32CubeIDE_1.10.1/STM32CubeIDE/plugins/com.st.stm32cube.ide.mcu.externaltools.gnu-tools-for-stm32.12.3.rel1.win32_1.0.100.202403111256/tools/bin/../lib/gcc/arm-none-eabi/12.3.1/../../../../arm-none-eabi/lib/thumb/v7e-m+fp/hard\libc_nano.a(libc_a-stdio.o)
                0x0801dede                __swrite
 .text.__sseek  0x0801df16       0x24 C:/ST/STM32CubeIDE_1.10.1/STM32CubeIDE/plugins/com.st.stm32cube.ide.mcu.externaltools.gnu-tools-for-stm32.12.3.rel1.win32_1.0.100.202403111256/tools/bin/../lib/gcc/arm-none-eabi/12.3.1/../../../../arm-none-eabi/lib/thumb/v7e-m+fp/hard\libc_nano.a(libc_a-stdio.o)
                0x0801df16                __sseek
 .text.__sclose
                0x0801df3a        0x8 C:/ST/STM32CubeIDE_1.10.1/STM32CubeIDE/plugins/com.st.stm32cube.ide.mcu.externaltools.gnu-tools-for-stm32.12.3.rel1.win32_1.0.100.202403111256/tools/bin/../lib/gcc/arm-none-eabi/12.3.1/../../../../arm-none-eabi/lib/thumb/v7e-m+fp/hard\libc_nano.a(libc_a-stdio.o)
                0x0801df3a                __sclose
 .text.__swbuf_r
                0x0801df42       0x7c C:/ST/STM32CubeIDE_1.10.1/STM32CubeIDE/plugins/com.st.stm32cube.ide.mcu.externaltools.gnu-tools-for-stm32.12.3.rel1.win32_1.0.100.202403111256/tools/bin/../lib/gcc/arm-none-eabi/12.3.1/../../../../arm-none-eabi/lib/thumb/v7e-m+fp/hard\libc_nano.a(libc_a-wbuf.o)
                0x0801df42                __swbuf_r
 *fill*         0x0801dfbe        0x2 
 .text.__swsetup_r
                0x0801dfc0       0xac C:/ST/STM32CubeIDE_1.10.1/STM32CubeIDE/plugins/com.st.stm32cube.ide.mcu.externaltools.gnu-tools-for-stm32.12.3.rel1.win32_1.0.100.202403111256/tools/bin/../lib/gcc/arm-none-eabi/12.3.1/../../../../arm-none-eabi/lib/thumb/v7e-m+fp/hard\libc_nano.a(libc_a-wsetup.o)
                0x0801dfc0                __swsetup_r
 .text.memset   0x0801e06c       0x10 C:/ST/STM32CubeIDE_1.10.1/STM32CubeIDE/plugins/com.st.stm32cube.ide.mcu.externaltools.gnu-tools-for-stm32.12.3.rel1.win32_1.0.100.202403111256/tools/bin/../lib/gcc/arm-none-eabi/12.3.1/../../../../arm-none-eabi/lib/thumb/v7e-m+fp/hard\libc_nano.a(libc_a-memset.o)
                0x0801e06c                memset
 .text._localeconv_r
                0x0801e07c        0x8 C:/ST/STM32CubeIDE_1.10.1/STM32CubeIDE/plugins/com.st.stm32cube.ide.mcu.externaltools.gnu-tools-for-stm32.12.3.rel1.win32_1.0.100.202403111256/tools/bin/../lib/gcc/arm-none-eabi/12.3.1/../../../../arm-none-eabi/lib/thumb/v7e-m+fp/hard\libc_nano.a(libc_a-localeconv.o)
                0x0801e07c                _localeconv_r
 .text._close_r
                0x0801e084       0x20 C:/ST/STM32CubeIDE_1.10.1/STM32CubeIDE/plugins/com.st.stm32cube.ide.mcu.externaltools.gnu-tools-for-stm32.12.3.rel1.win32_1.0.100.202403111256/tools/bin/../lib/gcc/arm-none-eabi/12.3.1/../../../../arm-none-eabi/lib/thumb/v7e-m+fp/hard\libc_nano.a(libc_a-closer.o)
                0x0801e084                _close_r
 .text._lseek_r
                0x0801e0a4       0x24 C:/ST/STM32CubeIDE_1.10.1/STM32CubeIDE/plugins/com.st.stm32cube.ide.mcu.externaltools.gnu-tools-for-stm32.12.3.rel1.win32_1.0.100.202403111256/tools/bin/../lib/gcc/arm-none-eabi/12.3.1/../../../../arm-none-eabi/lib/thumb/v7e-m+fp/hard\libc_nano.a(libc_a-lseekr.o)
                0x0801e0a4                _lseek_r
 .text._read_r  0x0801e0c8       0x24 C:/ST/STM32CubeIDE_1.10.1/STM32CubeIDE/plugins/com.st.stm32cube.ide.mcu.externaltools.gnu-tools-for-stm32.12.3.rel1.win32_1.0.100.202403111256/tools/bin/../lib/gcc/arm-none-eabi/12.3.1/../../../../arm-none-eabi/lib/thumb/v7e-m+fp/hard\libc_nano.a(libc_a-readr.o)
                0x0801e0c8                _read_r
 .text._write_r
                0x0801e0ec       0x24 C:/ST/STM32CubeIDE_1.10.1/STM32CubeIDE/plugins/com.st.stm32cube.ide.mcu.externaltools.gnu-tools-for-stm32.12.3.rel1.win32_1.0.100.202403111256/tools/bin/../lib/gcc/arm-none-eabi/12.3.1/../../../../arm-none-eabi/lib/thumb/v7e-m+fp/hard\libc_nano.a(libc_a-writer.o)
                0x0801e0ec                _write_r
 .text.__errno  0x0801e110        0xc C:/ST/STM32CubeIDE_1.10.1/STM32CubeIDE/plugins/com.st.stm32cube.ide.mcu.externaltools.gnu-tools-for-stm32.12.3.rel1.win32_1.0.100.202403111256/tools/bin/../lib/gcc/arm-none-eabi/12.3.1/../../../../arm-none-eabi/lib/thumb/v7e-m+fp/hard\libc_nano.a(libc_a-errno.o)
                0x0801e110                __errno
 .text.__libc_init_array
                0x0801e11c       0x48 C:/ST/STM32CubeIDE_1.10.1/STM32CubeIDE/plugins/com.st.stm32cube.ide.mcu.externaltools.gnu-tools-for-stm32.12.3.rel1.win32_1.0.100.202403111256/tools/bin/../lib/gcc/arm-none-eabi/12.3.1/../../../../arm-none-eabi/lib/thumb/v7e-m+fp/hard\libc_nano.a(libc_a-init.o)
                0x0801e11c                __libc_init_array
 .text.__retarget_lock_init_recursive
                0x0801e164        0x2 C:/ST/STM32CubeIDE_1.10.1/STM32CubeIDE/plugins/com.st.stm32cube.ide.mcu.externaltools.gnu-tools-for-stm32.12.3.rel1.win32_1.0.100.202403111256/tools/bin/../lib/gcc/arm-none-eabi/12.3.1/../../../../arm-none-eabi/lib/thumb/v7e-m+fp/hard\libc_nano.a(libc_a-lock.o)
                0x0801e164                __retarget_lock_init_recursive
 .text.__retarget_lock_acquire_recursive
                0x0801e166        0x2 C:/ST/STM32CubeIDE_1.10.1/STM32CubeIDE/plugins/com.st.stm32cube.ide.mcu.externaltools.gnu-tools-for-stm32.12.3.rel1.win32_1.0.100.202403111256/tools/bin/../lib/gcc/arm-none-eabi/12.3.1/../../../../arm-none-eabi/lib/thumb/v7e-m+fp/hard\libc_nano.a(libc_a-lock.o)