Archive member included to satisfy reference by file (symbol)

C:/ST/STM32CubeIDE_1.16.0/STM32CubeIDE/plugins/com.st.stm32cube.ide.mcu.externaltools.gnu-tools-for-stm32.12.3.rel1.win32_1.0.200.202406191623/tools/bin/../lib/gcc/arm-none-eabi/12.3.1/../../../../arm-none-eabi/lib/thumb/v7e-m+fp/hard\libm.a(libm_a-w_sqrt.o)
                              ./Core/Src/hal/run.o (sqrt)
C:/ST/STM32CubeIDE_1.16.0/STM32CubeIDE/plugins/com.st.stm32cube.ide.mcu.externaltools.gnu-tools-for-stm32.12.3.rel1.win32_1.0.200.202406191623/tools/bin/../lib/gcc/arm-none-eabi/12.3.1/../../../../arm-none-eabi/lib/thumb/v7e-m+fp/hard\libm.a(libm_a-s_cos.o)
                              ./Core/Src/parameter.o (cos)
C:/ST/STM32CubeIDE_1.16.0/STM32CubeIDE/plugins/com.st.stm32cube.ide.mcu.externaltools.gnu-tools-for-stm32.12.3.rel1.win32_1.0.200.202406191623/tools/bin/../lib/gcc/arm-none-eabi/12.3.1/../../../../arm-none-eabi/lib/thumb/v7e-m+fp/hard\libm.a(libm_a-s_sin.o)
                              ./Core/Src/parameter.o (sin)
C:/ST/STM32CubeIDE_1.16.0/STM32CubeIDE/plugins/com.st.stm32cube.ide.mcu.externaltools.gnu-tools-for-stm32.12.3.rel1.win32_1.0.200.202406191623/tools/bin/../lib/gcc/arm-none-eabi/12.3.1/../../../../arm-none-eabi/lib/thumb/v7e-m+fp/hard\libm.a(libm_a-e_sqrt.o)
                              C:/ST/STM32CubeIDE_1.16.0/STM32CubeIDE/plugins/com.st.stm32cube.ide.mcu.externaltools.gnu-tools-for-stm32.12.3.rel1.win32_1.0.200.202406191623/tools/bin/../lib/gcc/arm-none-eabi/12.3.1/../../../../arm-none-eabi/lib/thumb/v7e-m+fp/hard\libm.a(libm_a-w_sqrt.o) (__ieee754_sqrt)
C:/ST/STM32CubeIDE_1.16.0/STM32CubeIDE/plugins/com.st.stm32cube.ide.mcu.externaltools.gnu-tools-for-stm32.12.3.rel1.win32_1.0.200.202406191623/tools/bin/../lib/gcc/arm-none-eabi/12.3.1/../../../../arm-none-eabi/lib/thumb/v7e-m+fp/hard\libm.a(libm_a-k_cos.o)
                              C:/ST/STM32CubeIDE_1.16.0/STM32CubeIDE/plugins/com.st.stm32cube.ide.mcu.externaltools.gnu-tools-for-stm32.12.3.rel1.win32_1.0.200.202406191623/tools/bin/../lib/gcc/arm-none-eabi/12.3.1/../../../../arm-none-eabi/lib/thumb/v7e-m+fp/hard\libm.a(libm_a-s_cos.o) (__kernel_cos)
C:/ST/STM32CubeIDE_1.16.0/STM32CubeIDE/plugins/com.st.stm32cube.ide.mcu.externaltools.gnu-tools-for-stm32.12.3.rel1.win32_1.0.200.202406191623/tools/bin/../lib/gcc/arm-none-eabi/12.3.1/../../../../arm-none-eabi/lib/thumb/v7e-m+fp/hard\libm.a(libm_a-k_sin.o)
                              C:/ST/STM32CubeIDE_1.16.0/STM32CubeIDE/plugins/com.st.stm32cube.ide.mcu.externaltools.gnu-tools-for-stm32.12.3.rel1.win32_1.0.200.202406191623/tools/bin/../lib/gcc/arm-none-eabi/12.3.1/../../../../arm-none-eabi/lib/thumb/v7e-m+fp/hard\libm.a(libm_a-s_cos.o) (__kernel_sin)
C:/ST/STM32CubeIDE_1.16.0/STM32CubeIDE/plugins/com.st.stm32cube.ide.mcu.externaltools.gnu-tools-for-stm32.12.3.rel1.win32_1.0.200.202406191623/tools/bin/../lib/gcc/arm-none-eabi/12.3.1/../../../../arm-none-eabi/lib/thumb/v7e-m+fp/hard\libm.a(libm_a-e_rem_pio2.o)
                              C:/ST/STM32CubeIDE_1.16.0/STM32CubeIDE/plugins/com.st.stm32cube.ide.mcu.externaltools.gnu-tools-for-stm32.12.3.rel1.win32_1.0.200.202406191623/tools/bin/../lib/gcc/arm-none-eabi/12.3.1/../../../../arm-none-eabi/lib/thumb/v7e-m+fp/hard\libm.a(libm_a-s_cos.o) (__ieee754_rem_pio2)
C:/ST/STM32CubeIDE_1.16.0/STM32CubeIDE/plugins/com.st.stm32cube.ide.mcu.externaltools.gnu-tools-for-stm32.12.3.rel1.win32_1.0.200.202406191623/tools/bin/../lib/gcc/arm-none-eabi/12.3.1/../../../../arm-none-eabi/lib/thumb/v7e-m+fp/hard\libm.a(libm_a-s_fabs.o)
                              C:/ST/STM32CubeIDE_1.16.0/STM32CubeIDE/plugins/com.st.stm32cube.ide.mcu.externaltools.gnu-tools-for-stm32.12.3.rel1.win32_1.0.200.202406191623/tools/bin/../lib/gcc/arm-none-eabi/12.3.1/../../../../arm-none-eabi/lib/thumb/v7e-m+fp/hard\libm.a(libm_a-e_rem_pio2.o) (fabs)
C:/ST/STM32CubeIDE_1.16.0/STM32CubeIDE/plugins/com.st.stm32cube.ide.mcu.externaltools.gnu-tools-for-stm32.12.3.rel1.win32_1.0.200.202406191623/tools/bin/../lib/gcc/arm-none-eabi/12.3.1/../../../../arm-none-eabi/lib/thumb/v7e-m+fp/hard\libm.a(libm_a-k_rem_pio2.o)
                              C:/ST/STM32CubeIDE_1.16.0/STM32CubeIDE/plugins/com.st.stm32cube.ide.mcu.externaltools.gnu-tools-for-stm32.12.3.rel1.win32_1.0.200.202406191623/tools/bin/../lib/gcc/arm-none-eabi/12.3.1/../../../../arm-none-eabi/lib/thumb/v7e-m+fp/hard\libm.a(libm_a-e_rem_pio2.o) (__kernel_rem_pio2)
C:/ST/STM32CubeIDE_1.16.0/STM32CubeIDE/plugins/com.st.stm32cube.ide.mcu.externaltools.gnu-tools-for-stm32.12.3.rel1.win32_1.0.200.202406191623/tools/bin/../lib/gcc/arm-none-eabi/12.3.1/../../../../arm-none-eabi/lib/thumb/v7e-m+fp/hard\libm.a(libm_a-s_scalbn.o)
                              C:/ST/STM32CubeIDE_1.16.0/STM32CubeIDE/plugins/com.st.stm32cube.ide.mcu.externaltools.gnu-tools-for-stm32.12.3.rel1.win32_1.0.200.202406191623/tools/bin/../lib/gcc/arm-none-eabi/12.3.1/../../../../arm-none-eabi/lib/thumb/v7e-m+fp/hard\libm.a(libm_a-k_rem_pio2.o) (scalbn)
[...]
Memory Configuration

Name             Origin             Length             Attributes
RAM              0x20000000         0x00020000         xrw
FLASH            0x08000000         0x00080000         xr
*default*        0x00000000         0xffffffff

Linker script and memory map

LOAD C:/ST/STM32CubeIDE_1.16.0/STM32CubeIDE/plugins/com.st.stm32cube.ide.mcu.externaltools.gnu-tools-for-stm32.12.3.rel1.win32_1.0.200.202406191623/tools/bin/../lib/gcc/arm-none-eabi/12.3.1/thumb/v7e-m+fp/hard/crti.o
LOAD C:/ST/STM32CubeIDE_1.16.0/STM32CubeIDE/plugins/com.st.stm32cube.ide.mcu.externaltools.gnu-tools-for-stm32.12.3.rel1.win32_1.0.200.202406191623/tools/bin/../lib/gcc/arm-none-eabi/12.3.1/thumb/v7e-m+fp/hard/crtbegin.o
LOAD C:/ST/STM32CubeIDE_1.16.0/STM32CubeIDE/plugins/com.st.stm32cube.ide.mcu.externaltools.gnu-tools-for-stm32.12.3.rel1.win32_1.0.200.202406191623/tools/bin/../lib/gcc/arm-none-eabi/12.3.1/../../../../arm-none-eabi/lib/thumb/v7e-m+fp/hard/crt0.o
LOAD ./Core/Src/adc.o
LOAD ./Core/Src/dma.o
LOAD ./Core/Src/flash.o
LOAD ./Core/Src/gpio.o
LOAD ./Core/Src/main.o
LOAD ./Core/Src/parameter.o
LOAD ./Core/Src/queue.o
LOAD ./Core/Src/spi.o
LOAD ./Core/Src/stm32g4xx_it.o
LOAD ./Core/Src/syscalls.o
LOAD ./Core/Src/sysmem.o
LOAD ./Core/Src/system_stm32g4xx.o
LOAD ./Core/Src/tim.o
LOAD ./Core/Src/usart.o
LOAD ./Core/Src/hal/CTRL.o
LOAD ./Core/Src/hal/DCM.o
LOAD ./Core/Src/hal/encoder.o
LOAD ./Core/Src/hal/gyro.o
LOAD ./Core/Src/hal/init.o
LOAD ./Core/Src/hal/log.o
LOAD ./Core/Src/hal/mode.o
LOAD ./Core/Src/hal/run.o
LOAD ./Core/Src/hal/sen_batt.o
LOAD ./Core/Src/hal/sen_dist.o
LOAD ./Core/Src/search/map_cmd.o
LOAD ./Core/Src/search/map_flash.o
LOAD ./Core/Src/search/search.o
LOAD ./Core/Startup/startup_stm32g474ceux.o
LOAD ./Drivers/STM32G4xx_HAL_Driver/Src/stm32g4xx_ll_adc.o
LOAD ./Drivers/STM32G4xx_HAL_Driver/Src/stm32g4xx_ll_dma.o
LOAD ./Drivers/STM32G4xx_HAL_Driver/Src/stm32g4xx_ll_exti.o
LOAD ./Drivers/STM32G4xx_HAL_Driver/Src/stm32g4xx_ll_gpio.o
LOAD ./Drivers/STM32G4xx_HAL_Driver/Src/stm32g4xx_ll_pwr.o
LOAD ./Drivers/STM32G4xx_HAL_Driver/Src/stm32g4xx_ll_rcc.o
LOAD ./Drivers/STM32G4xx_HAL_Driver/Src/stm32g4xx_ll_spi.o
LOAD ./Drivers/STM32G4xx_HAL_Driver/Src/stm32g4xx_ll_tim.o
LOAD ./Drivers/STM32G4xx_HAL_Driver/Src/stm32g4xx_ll_usart.o
LOAD ./Drivers/STM32G4xx_HAL_Driver/Src/stm32g4xx_ll_utils.o
LOAD C:\Users\shohe\STM32CubeIDE\rikaku\BF01\libarm_cortexM4lf_math.a
START GROUP
LOAD C:/ST/STM32CubeIDE_1.16.0/STM32CubeIDE/plugins/com.st.stm32cube.ide.mcu.externaltools.gnu-tools-for-stm32.12.3.rel1.win32_1.0.200.202406191623/tools/bin/../lib/gcc/arm-none-eabi/12.3.1/../../../../arm-none-eabi/lib/thumb/v7e-m+fp/hard\libstdc++_nano.a
LOAD C:/ST/STM32CubeIDE_1.16.0/STM32CubeIDE/plugins/com.st.stm32cube.ide.mcu.externaltools.gnu-tools-for-stm32.12.3.rel1.win32_1.0.200.202406191623/tools/bin/../lib/gcc/arm-none-eabi/12.3.1/../../../../arm-none-eabi/lib/thumb/v7e-m+fp/hard\libsupc++_nano.a
END GROUP
LOAD C:/ST/STM32CubeIDE_1.16.0/STM32CubeIDE/plugins/com.st.stm32cube.ide.mcu.externaltools.gnu-tools-for-stm32.12.3.rel1.win32_1.0.200.202406191623/tools/bin/../lib/gcc/arm-none-eabi/12.3.1/../../../../arm-none-eabi/lib/thumb/v7e-m+fp/hard\libstdc++_nano.a
LOAD C:/ST/STM32CubeIDE_1.16.0/STM32CubeIDE/plugins/com.st.stm32cube.ide.mcu.externaltools.gnu-tools-for-stm32.12.3.rel1.win32_1.0.200.202406191623/tools/bin/../lib/gcc/arm-none-eabi/12.3.1/../../../../arm-none-eabi/lib/thumb/v7e-m+fp/hard\libm.a
LOAD C:/ST/STM32CubeIDE_1.16.0/STM32CubeIDE/plugins/com.st.stm32cube.ide.mcu.externaltools.gnu-tools-for-stm32.12.3.rel1.win32_1.0.200.202406191623/tools/bin/../lib/gcc/arm-none-eabi/12.3.1/../../../../arm-none-eabi/lib/thumb/v7e-m+fp/hard\libc_nano.a
START GROUP
LOAD C:/ST/STM32CubeIDE_1.16.0/STM32CubeIDE/plugins/com.st.stm32cube.ide.mcu.externaltools.gnu-tools-for-stm32.12.3.rel1.win32_1.0.200.202406191623/tools/bin/../lib/gcc/arm-none-eabi/12.3.1/thumb/v7e-m+fp/hard\libgcc.a
LOAD C:/ST/STM32CubeIDE_1.16.0/STM32CubeIDE/plugins/com.st.stm32cube.ide.mcu.externaltools.gnu-tools-for-stm32.12.3.rel1.win32_1.0.200.202406191623/tools/bin/../lib/gcc/arm-none-eabi/12.3.1/../../../../arm-none-eabi/lib/thumb/v7e-m+fp/hard\libc_nano.a
END GROUP
START GROUP
LOAD C:/ST/STM32CubeIDE_1.16.0/STM32CubeIDE/plugins/com.st.stm32cube.ide.mcu.externaltools.gnu-tools-for-stm32.12.3.rel1.win32_1.0.200.202406191623/tools/bin/../lib/gcc/arm-none-eabi/12.3.1/thumb/v7e-m+fp/hard\libgcc.a
LOAD C:/ST/STM32CubeIDE_1.16.0/STM32CubeIDE/plugins/com.st.stm32cube.ide.mcu.externaltools.gnu-tools-for-stm32.12.3.rel1.win32_1.0.200.202406191623/tools/bin/../lib/gcc/arm-none-eabi/12.3.1/../../../../arm-none-eabi/lib/thumb/v7e-m+fp/hard\libc_nano.a
LOAD C:/ST/STM32CubeIDE_1.16.0/STM32CubeIDE/plugins/com.st.stm32cube.ide.mcu.externaltools.gnu-tools-for-stm32.12.3.rel1.win32_1.0.200.202406191623/tools/bin/../lib/gcc/arm-none-eabi/12.3.1/../../../../arm-none-eabi/lib/thumb/v7e-m+fp/hard\libnosys.a
END GROUP
START GROUP
LOAD C:/ST/STM32CubeIDE_1.16.0/STM32CubeIDE/plugins/com.st.stm32cube.ide.mcu.externaltools.gnu-tools-for-stm32.12.3.rel1.win32_1.0.200.202406191623/tools/bin/../lib/gcc/arm-none-eabi/12.3.1/thumb/v7e-m+fp/hard\libgcc.a
LOAD C:/ST/STM32CubeIDE_1.16.0/STM32CubeIDE/plugins/com.st.stm32cube.ide.mcu.externaltools.gnu-tools-for-stm32.12.3.rel1.win32_1.0.200.202406191623/tools/bin/../lib/gcc/arm-none-eabi/12.3.1/../../../../arm-none-eabi/lib/thumb/v7e-m+fp/hard\libc_nano.a
LOAD C:/ST/STM32CubeIDE_1.16.0/STM32CubeIDE/plugins/com.st.stm32cube.ide.mcu.externaltools.gnu-tools-for-stm32.12.3.rel1.win32_1.0.200.202406191623/tools/bin/../lib/gcc/arm-none-eabi/12.3.1/../../../../arm-none-eabi/lib/thumb/v7e-m+fp/hard\libnosys.a
END GROUP
LOAD C:/ST/STM32CubeIDE_1.16.0/STM32CubeIDE/plugins/com.st.stm32cube.ide.mcu.externaltools.gnu-tools-for-stm32.12.3.rel1.win32_1.0.200.202406191623/tools/bin/../lib/gcc/arm-none-eabi/12.3.1/thumb/v7e-m+fp/hard/crtend.o
LOAD C:/ST/STM32CubeIDE_1.16.0/STM32CubeIDE/plugins/com.st.stm32cube.ide.mcu.externaltools.gnu-tools-for-stm32.12.3.rel1.win32_1.0.200.202406191623/tools/bin/../lib/gcc/arm-none-eabi/12.3.1/thumb/v7e-m+fp/hard/crtn.o
                0x20020000                        _estack = (ORIGIN (RAM) + LENGTH (RAM))
                0x00000200                        _Min_Heap_Size = 0x200
                0x00000400                        _Min_Stack_Size = 0x400

.isr_vector     0x08000000      0x1d8
                0x08000000                        . = ALIGN (0x4)
 *(.isr_vector)
 .isr_vector    0x08000000      0x1d8 ./Core/Startup/startup_stm32g474ceux.o
                0x08000000                g_pfnVectors
                0x080001d8                        . = ALIGN (0x4)

.text           0x080001e0    0x2160c
                0x080001e0                        . = ALIGN (0x4)
 *(.text)
 .text          0x080001e0       0x40 C:/ST/STM32CubeIDE_1.16.0/STM32CubeIDE/plugins/com.st.stm32cube.ide.mcu.externaltools.gnu-tools-for-stm32.12.3.rel1.win32_1.0.200.202406191623/tools/bin/../lib/gcc/arm-none-eabi/12.3.1/thumb/v7e-m+fp/hard/crtbegin.o
 .text          0x08000220       0xa0 C:/ST/STM32CubeIDE_1.16.0/STM32CubeIDE/plugins/com.st.stm32cube.ide.mcu.externaltools.gnu-tools-for-stm32.12.3.rel1.win32_1.0.200.202406191623/tools/bin/../lib/gcc/arm-none-eabi/12.3.1/../../../../arm-none-eabi/lib/thumb/v7e-m+fp/hard\libc_nano.a(libc_a-memchr.o)
                0x08000220                memchr
 .text          0x080002c0       0x10 C:/ST/STM32CubeIDE_1.16.0/STM32CubeIDE/plugins/com.st.stm32cube.ide.mcu.externaltools.gnu-tools-for-stm32.12.3.rel1.win32_1.0.200.202406191623/tools/bin/../lib/gcc/arm-none-eabi/12.3.1/../../../../arm-none-eabi/lib/thumb/v7e-m+fp/hard\libc_nano.a(libc_a-strlen.o)
                0x080002c0                strlen
 .text          0x080002d0      0x378 C:/ST/STM32CubeIDE_1.16.0/STM32CubeIDE/plugins/com.st.stm32cube.ide.mcu.externaltools.gnu-tools-for-stm32.12.3.rel1.win32_1.0.200.202406191623/tools/bin/../lib/gcc/arm-none-eabi/12.3.1/thumb/v7e-m+fp/hard\libgcc.a(_arm_addsubdf3.o)
                0x080002d0                __aeabi_drsub
                0x080002d8                __aeabi_dsub
                0x080002d8                __subdf3
                0x080002dc                __aeabi_dadd
                0x080002dc                __adddf3
                0x08000554                __floatunsidf
                0x08000554                __aeabi_ui2d
                0x08000574                __floatsidf
                0x08000574                __aeabi_i2d
                0x08000598                __aeabi_f2d
                0x08000598                __extendsfdf2
                0x080005dc                __floatundidf
                0x080005dc                __aeabi_ul2d
                0x080005ec                __floatdidf
                0x080005ec                __aeabi_l2d
 .text          0x08000648      0x424 C:/ST/STM32CubeIDE_1.16.0/STM32CubeIDE/plugins/com.st.stm32cube.ide.mcu.externaltools.gnu-tools-for-stm32.12.3.rel1.win32_1.0.200.202406191623/tools/bin/../lib/gcc/arm-none-eabi/12.3.1/thumb/v7e-m+fp/hard\libgcc.a(_arm_muldivdf3.o)
                0x08000648                __aeabi_dmul
                0x08000648                __muldf3
                0x0800089c                __divdf3
                0x0800089c                __aeabi_ddiv
 .text          0x08000a6c      0x110 C:/ST/STM32CubeIDE_1.16.0/STM32CubeIDE/plugins/com.st.stm32cube.ide.mcu.externaltools.gnu-tools-for-stm32.12.3.rel1.win32_1.0.200.202406191623/tools/bin/../lib/gcc/arm-none-eabi/12.3.1/thumb/v7e-m+fp/hard\libgcc.a(_arm_cmpdf2.o)
                0x08000a6c                __gtdf2
                0x08000a6c                __gedf2
                0x08000a74                __ltdf2
                0x08000a74                __ledf2
                0x08000a7c                __nedf2
                0x08000a7c                __eqdf2
                0x08000a7c                __cmpdf2
                0x08000af8                __aeabi_cdrcmple
                0x08000b08                __aeabi_cdcmpeq
                0x08000b08                __aeabi_cdcmple
                0x08000b18                __aeabi_dcmpeq
                0x08000b2c                __aeabi_dcmplt
                0x08000b40                __aeabi_dcmple
                0x08000b54                __aeabi_dcmpge
                0x08000b68                __aeabi_dcmpgt
 .text          0x08000b7c       0x2c C:/ST/STM32CubeIDE_1.16.0/STM32CubeIDE/plugins/com.st.stm32cube.ide.mcu.externaltools.gnu-tools-for-stm32.12.3.rel1.win32_1.0.200.202406191623/tools/bin/../lib/gcc/arm-none-eabi/12.3.1/thumb/v7e-m+fp/hard\libgcc.a(_arm_unorddf2.o)
                0x08000b7c                __unorddf2
                0x08000b7c                __aeabi_dcmpun
 .text          0x08000ba8       0x50 C:/ST/STM32CubeIDE_1.16.0/STM32CubeIDE/plugins/com.st.stm32cube.ide.mcu.externaltools.gnu-tools-for-stm32.12.3.rel1.win32_1.0.200.202406191623/tools/bin/../lib/gcc/arm-none-eabi/12.3.1/thumb/v7e-m+fp/hard\libgcc.a(_arm_fixdfsi.o)
                0x08000ba8                __aeabi_d2iz
                0x08000ba8                __fixdfsi
 .text          0x08000bf8       0x40 C:/ST/STM32CubeIDE_1.16.0/STM32CubeIDE/plugins/com.st.stm32cube.ide.mcu.externaltools.gnu-tools-for-stm32.12.3.rel1.win32_1.0.200.202406191623/tools/bin/../lib/gcc/arm-none-eabi/12.3.1/thumb/v7e-m+fp/hard\libgcc.a(_arm_fixunsdfsi.o)
                0x08000bf8                __aeabi_d2uiz
                0x08000bf8                __fixunsdfsi
 .text          0x08000c38       0xa0 C:/ST/STM32CubeIDE_1.16.0/STM32CubeIDE/plugins/com.st.stm32cube.ide.mcu.externaltools.gnu-tools-for-stm32.12.3.rel1.win32_1.0.200.202406191623/tools/bin/../lib/gcc/arm-none-eabi/12.3.1/thumb/v7e-m+fp/hard\libgcc.a(_arm_truncdfsf2.o)
                0x08000c38                __truncdfsf2
                0x08000c38                __aeabi_d2f
 .text          0x08000cd8       0x30 C:/ST/STM32CubeIDE_1.16.0/STM32CubeIDE/plugins/com.st.stm32cube.ide.mcu.externaltools.gnu-tools-for-stm32.12.3.rel1.win32_1.0.200.202406191623/tools/bin/../lib/gcc/arm-none-eabi/12.3.1/thumb/v7e-m+fp/hard\libgcc.a(_fixdfdi.o)
                0x08000cd8                __fixdfdi
                0x08000cd8                __aeabi_d2lz
 .text          0x08000d08       0x3c C:/ST/STM32CubeIDE_1.16.0/STM32CubeIDE/plugins/com.st.stm32cube.ide.mcu.externaltools.gnu-tools-for-stm32.12.3.rel1.win32_1.0.200.202406191623/tools/bin/../lib/gcc/arm-none-eabi/12.3.1/thumb/v7e-m+fp/hard\libgcc.a(_fixunsdfdi.o)
                0x08000d08                __fixunsdfdi
                0x08000d08                __aeabi_d2ulz
 *(.text*)
 .text.LL_ADC_SetGainCompensation
                0x08000d44       0x4a ./Core/Src/adc.o
 .text.LL_ADC_REG_SetSequencerRanks
                0x08000d8e       0x58 ./Core/Src/adc.o
 .text.LL_ADC_SetChannelSamplingTime
                0x08000de6       0x56 ./Core/Src/adc.o
 .text.LL_ADC_SetChannelSingleDiff
                0x08000e3c       0x48 ./Core/Src/adc.o
 .text.LL_ADC_SetOverSamplingScope
                0x08000e84       0x2a ./Core/Src/adc.o
 .text.LL_ADC_DisableDeepPowerDown
                0x08000eae       0x24 ./Core/Src/adc.o
 .text.LL_ADC_IsDeepPowerDownEnabled
                0x08000ed2       0x28 ./Core/Src/adc.o
 .text.LL_ADC_EnableInternalRegulator
                0x08000efa       0x28 ./Core/Src/adc.o
 .text.LL_ADC_IsInternalRegulatorEnabled
                0x08000f22       0x28 ./Core/Src/adc.o
 .text.LL_ADC_Enable
                0x08000f4a       0x28 ./Core/Src/adc.o
 .text.LL_ADC_Disable
                0x08000f72       0x28 ./Core/Src/adc.o
 .text.LL_ADC_IsEnabled
                0x08000f9a       0x26 ./Core/Src/adc.o
 .text.LL_ADC_StartCalibration
                0x08000fc0       0x32 ./Core/Src/adc.o
 .text.LL_ADC_IsCalibrationOnGoing
                0x08000ff2       0x28 ./Core/Src/adc.o
 .text.LL_ADC_REG_StartConversion
                0x0800101a       0x28 ./Core/Src/adc.o
 .text.LL_ADC_REG_ReadConversionData12
                0x08001042       0x1a ./Core/Src/adc.o
 .text.LL_ADC_IsActiveFlag_EOC
                0x0800105c       0x26 ./Core/Src/adc.o
 .text.LL_ADC_ClearFlag_EOC
                0x08001082       0x1a ./Core/Src/adc.o
 .text.LL_ADC_ClearFlag_EOS
                0x0800109c       0x1a ./Core/Src/adc.o
 *fill*         0x080010b6        0x2 
 .text.LL_RCC_SetADCClockSource
                0x080010b8       0x48 ./Core/Src/adc.o
 .text.LL_AHB2_GRP1_EnableClock
                0x08001100       0x30 ./Core/Src/adc.o
 .text.MX_ADC1_Init
                0x08001130      0x160 ./Core/Src/adc.o
                0x08001130                MX_ADC1_Init
 .text.MX_ADC2_Init
                0x08001290      0x204 ./Core/Src/adc.o
                0x08001290                MX_ADC2_Init
 .text.MX_ADC3_Init
                0x08001494      0x170 ./Core/Src/adc.o
                0x08001494                MX_ADC3_Init
 .text.ADC1_Calibration
                0x08001604       0x5a ./Core/Src/adc.o
                0x08001604                ADC1_Calibration
 *fill*         0x0800165e        0x2 
 .text.ADC2_Calibration
                0x08001660       0x54 ./Core/Src/adc.o
                0x08001660                ADC2_Calibration
 .text.ADC3_Calibration
                0x080016b4       0x54 ./Core/Src/adc.o
                0x080016b4                ADC3_Calibration
 .text.ADC3_Start
                0x08001708       0x18 ./Core/Src/adc.o
                0x08001708                ADC3_Start
 .text.ADC2_Start
                0x08001720       0x18 ./Core/Src/adc.o
                0x08001720                ADC2_Start
 .text.ADC1_Start
                0x08001738       0x14 ./Core/Src/adc.o
                0x08001738                ADC1_Start
 .text.GetSensor_FL
                0x0800174c       0x30 ./Core/Src/adc.o
                0x0800174c                GetSensor_FL
 .text.ADC3_clearEOS
                0x0800177c       0x14 ./Core/Src/adc.o
                0x0800177c                ADC3_clearEOS
 .text.ADC2_clearEOS
                0x08001790       0x14 ./Core/Src/adc.o
                0x08001790                ADC2_clearEOS
 .text.ADC1_clearEOS
                0x080017a4       0x10 ./Core/Src/adc.o
                0x080017a4                ADC1_clearEOS
 .text.GetSensor_SL
                0x080017b4       0x30 ./Core/Src/adc.o
                0x080017b4                GetSensor_SL
 .text.GetSensor_SR
                0x080017e4       0x30 ./Core/Src/adc.o
                0x080017e4                GetSensor_SR
 .text.GetSensor_FR
                0x08001814       0x30 ./Core/Src/adc.o
                0x08001814                GetSensor_FR
 .text.GetBatVal
                0x08001844       0x32 ./Core/Src/adc.o
                0x08001844                GetBatVal
 *fill*         0x08001876        0x2 
 .text.__NVIC_GetPriorityGrouping
                0x08001878       0x1c ./Core/Src/dma.o
 .text.__NVIC_EnableIRQ
                0x08001894       0x3c ./Core/Src/dma.o
 .text.__NVIC_SetPriority
                0x080018d0       0x54 ./Core/Src/dma.o
 .text.NVIC_EncodePriority
                0x08001924       0x66 ./Core/Src/dma.o
 *fill*         0x0800198a        0x2 
 .text.LL_AHB1_GRP1_EnableClock
                0x0800198c       0x30 ./Core/Src/dma.o
 .text.MX_DMA_Init
                0x080019bc       0x54 ./Core/Src/dma.o
                0x080019bc                MX_DMA_Init
 .text.FLASH_Lock
                0x08001a10       0x20 ./Core/Src/flash.o
 .text.FLASH_Unlock
                0x08001a30       0x28 ./Core/Src/flash.o
 .text.FLASH_WaitBusy
                0x08001a58       0x24 ./Core/Src/flash.o
                0x08001a58                FLASH_WaitBusy
 .text.FLASH_Erase
                0x08001a7c       0x68 ./Core/Src/flash.o
                0x08001a7c                FLASH_Erase
 .text.FLASH_WriteByte
                0x08001ae4       0x70 ./Core/Src/flash.o
                0x08001ae4                FLASH_WriteByte
 .text.FLASH_WriteData
                0x08001b54       0x4c ./Core/Src/flash.o
                0x08001b54                FLASH_WriteData
 .text.FLASH_ReadData
                0x08001ba0       0x20 ./Core/Src/flash.o
                0x08001ba0                FLASH_ReadData
 .text.LL_AHB2_GRP1_EnableClock
                0x08001bc0       0x30 ./Core/Src/gpio.o
 .text.LL_GPIO_IsInputPinSet
                0x08001bf0       0x2a ./Core/Src/gpio.o
 .text.LL_GPIO_SetOutputPin
                0x08001c1a       0x1c ./Core/Src/gpio.o
 .text.LL_GPIO_ResetOutputPin
                0x08001c36       0x1c ./Core/Src/gpio.o
 *fill*         0x08001c52        0x2 
 .text.MX_GPIO_Init
                0x08001c54      0x284 ./Core/Src/gpio.o
                0x08001c54                MX_GPIO_Init
 .text.SetLED   0x08001ed8       0xb4 ./Core/Src/gpio.o
                0x08001ed8                SetLED
 .text.SetBatLED
                0x08001f8c       0x34 ./Core/Src/gpio.o
                0x08001f8c                SetBatLED
 .text.SW_IsOn_0
                0x08001fc0       0x1c ./Core/Src/gpio.o
                0x08001fc0                SW_IsOn_0
 .text.SW_IsOn_1
                0x08001fdc       0x1c ./Core/Src/gpio.o
                0x08001fdc                SW_IsOn_1
 .text.Set_SenFL
                0x08001ff8       0x32 ./Core/Src/gpio.o
                0x08001ff8                Set_SenFL
 *fill*         0x0800202a        0x2 
 .text.Set_SenSL
                0x0800202c       0x30 ./Core/Src/gpio.o
                0x0800202c                Set_SenSL
 .text.Set_SenSR
                0x0800205c       0x2e ./Core/Src/gpio.o
                0x0800205c                Set_SenSR
 .text.Set_SenFR
                0x0800208a       0x2e ./Core/Src/gpio.o
                0x0800208a                Set_SenFR
 .text.Set_MOT0
                0x080020b8       0x34 ./Core/Src/gpio.o
                0x080020b8                Set_MOT0
 .text.Set_MOT1
                0x080020ec       0x30 ./Core/Src/gpio.o
                0x080020ec                Set_MOT1
 .text.__NVIC_SetPriorityGrouping
                0x0800211c       0x48 ./Core/Src/main.o
 .text.__NVIC_GetPriorityGrouping
                0x08002164       0x1c ./Core/Src/main.o
 .text.__NVIC_SetPriority
                0x08002180       0x54 ./Core/Src/main.o
 .text.NVIC_EncodePriority
                0x080021d4       0x66 ./Core/Src/main.o
 *fill*         0x0800223a        0x2 
 .text.LL_RCC_HSI_Enable
                0x0800223c       0x20 ./Core/Src/main.o
 .text.LL_RCC_HSI_IsReady
                0x0800225c       0x28 ./Core/Src/main.o
 .text.LL_RCC_HSI_SetCalibTrimming
                0x08002284       0x2c ./Core/Src/main.o
 .text.LL_RCC_SetSysClkSource
                0x080022b0       0x28 ./Core/Src/main.o
 .text.LL_RCC_GetSysClkSource
                0x080022d8       0x1c ./Core/Src/main.o
 .text.LL_RCC_SetAHBPrescaler
                0x080022f4       0x28 ./Core/Src/main.o
 .text.LL_RCC_SetAPB1Prescaler
                0x0800231c       0x28 ./Core/Src/main.o
 .text.LL_RCC_SetAPB2Prescaler
                0x08002344       0x28 ./Core/Src/main.o
 .text.LL_RCC_PLL_Enable
                0x0800236c       0x20 ./Core/Src/main.o
 .text.LL_RCC_PLL_IsReady
                0x0800238c       0x28 ./Core/Src/main.o
 .text.LL_RCC_PLL_ConfigDomain_SYS
                0x080023b4       0x40 ./Core/Src/main.o
 .text.LL_RCC_PLL_ConfigDomain_ADC
                0x080023f4       0x40 ./Core/Src/main.o
 .text.LL_RCC_PLL_EnableDomain_ADC
                0x08002434       0x20 ./Core/Src/main.o
 .text.LL_RCC_PLL_EnableDomain_SYS
                0x08002454       0x20 ./Core/Src/main.o
 .text.LL_APB1_GRP1_EnableClock
                0x08002474       0x30 ./Core/Src/main.o
 .text.LL_APB2_GRP1_EnableClock
                0x080024a4       0x30 ./Core/Src/main.o
 .text.LL_FLASH_SetLatency
                0x080024d4       0x28 ./Core/Src/main.o
 .text.LL_FLASH_GetLatency
                0x080024fc       0x1c ./Core/Src/main.o
 .text.LL_PWR_SetRegulVoltageScaling
                0x08002518       0x28 ./Core/Src/main.o
 .text.LL_PWR_DisableUCPDDeadBattery
                0x08002540       0x20 ./Core/Src/main.o
 .text.__io_putchar
                0x08002560       0x1a ./Core/Src/main.o
                0x08002560                __io_putchar
 *fill*         0x0800257a        0x2 
 .text.main     0x0800257c      0x118 ./Core/Src/main.o
                0x0800257c                main
 .text.SystemClock_Config
                0x08002694       0xbc ./Core/Src/main.o
                0x08002694                SystemClock_Config
 .text.PARAM_getGain
                0x08002750       0xac ./Core/Src/parameter.o
                0x08002750                PARAM_getGain
 .text.PARAM_setSpeedType
                0x080027fc       0x5c ./Core/Src/parameter.o
                0x080027fc                PARAM_setSpeedType
 .text.PARAM_getSpeed
                0x08002858       0xe8 ./Core/Src/parameter.o
                0x08002858                PARAM_getSpeed
 .text.PARAM_makeSra
                0x08002940     0x15b8 ./Core/Src/parameter.o
                0x08002940                PARAM_makeSra
 .text.PARAM_getSra
                0x08003ef8       0x28 ./Core/Src/parameter.o
                0x08003ef8                PARAM_getSra
 .text.InitQueue
                0x08003f20       0x60 ./Core/Src/queue.o
                0x08003f20                InitQueue
 .text.EnQueue  0x08003f80       0x78 ./Core/Src/queue.o
                0x08003f80                EnQueue
 .text.DeQueue  0x08003ff8       0xc8 ./Core/Src/queue.o
                0x08003ff8                DeQueue
 .text.LL_DMA_EnableChannel
                0x080040c0       0x44 ./Core/Src/spi.o
 .text.LL_DMA_DisableChannel
                0x08004104       0x44 ./Core/Src/spi.o
 .text.LL_DMA_SetDataTransferDirection
                0x08004148       0x50 ./Core/Src/spi.o
 .text.LL_DMA_SetMode
                0x08004198       0x4c ./Core/Src/spi.o
 .text.LL_DMA_SetPeriphIncMode
                0x080041e4       0x4c ./Core/Src/spi.o
 .text.LL_DMA_SetMemoryIncMode
                0x08004230       0x4c ./Core/Src/spi.o
 .text.LL_DMA_SetPeriphSize
                0x0800427c       0x4c ./Core/Src/spi.o
 .text.LL_DMA_SetMemorySize
                0x080042c8       0x4c ./Core/Src/spi.o
 .text.LL_DMA_SetChannelPriorityLevel
                0x08004314       0x4c ./Core/Src/spi.o
 .text.LL_DMA_SetDataLength
                0x08004360       0x4c ./Core/Src/spi.o
 .text.LL_DMA_ConfigAddresses
                0x080043ac       0x7c ./Core/Src/spi.o
 .text.LL_DMA_SetPeriphRequest
                0x08004428       0x54 ./Core/Src/spi.o
 .text.LL_DMA_EnableIT_TC
                0x0800447c       0x44 ./Core/Src/spi.o
 .text.LL_DMA_EnableIT_TE
                0x080044c0       0x44 ./Core/Src/spi.o
 .text.LL_AHB2_GRP1_EnableClock
                0x08004504       0x30 ./Core/Src/spi.o
 .text.LL_APB1_GRP1_EnableClock
                0x08004534       0x30 ./Core/Src/spi.o
 .text.LL_SPI_Enable
                0x08004564       0x20 ./Core/Src/spi.o
 .text.LL_SPI_IsEnabled
                0x08004584       0x26 ./Core/Src/spi.o
 .text.LL_SPI_SetStandard
                0x080045aa       0x26 ./Core/Src/spi.o
 .text.LL_SPI_SetRxFIFOThreshold
                0x080045d0       0x26 ./Core/Src/spi.o
 .text.LL_SPI_DisableNSSPulseMgt
                0x080045f6       0x20 ./Core/Src/spi.o
 .text.LL_SPI_IsActiveFlag_RXNE
                0x08004616       0x26 ./Core/Src/spi.o
 .text.LL_SPI_EnableDMAReq_RX
                0x0800463c       0x20 ./Core/Src/spi.o
 .text.LL_SPI_EnableDMAReq_TX
                0x0800465c       0x20 ./Core/Src/spi.o
 .text.LL_SPI_DMA_GetRegAddr
                0x0800467c       0x18 ./Core/Src/spi.o
 .text.LL_SPI_ReceiveData8
                0x08004694       0x1c ./Core/Src/spi.o
 .text.LL_GPIO_SetOutputPin
                0x080046b0       0x1c ./Core/Src/spi.o
 .text.LL_GPIO_ResetOutputPin
                0x080046cc       0x1c ./Core/Src/spi.o
 .text.MX_SPI2_Init
                0x080046e8      0x19c ./Core/Src/spi.o
                0x080046e8                MX_SPI2_Init
 .text.DMA1_Channel3_Init
                0x08004884       0x24 ./Core/Src/spi.o
                0x08004884                DMA1_Channel3_Init
 .text.DMA1_Channel4_Init
                0x080048a8       0x24 ./Core/Src/spi.o
                0x080048a8                DMA1_Channel4_Init
 .text.SPI2_Start
                0x080048cc       0x30 ./Core/Src/spi.o
                0x080048cc                SPI2_Start
 .text.SPI2_DMA_Communication
                0x080048fc       0xac ./Core/Src/spi.o
                0x080048fc                SPI2_DMA_Communication
 .text.SPI2_DMA1_ReceiveComplete_Callback
                0x080049a8       0x24 ./Core/Src/spi.o
                0x080049a8                SPI2_DMA1_ReceiveComplete_Callback
 .text.SPI2_DMA1_TransmitComplete_Callback
                0x080049cc       0x14 ./Core/Src/spi.o
                0x080049cc                SPI2_DMA1_TransmitComplete_Callback
 .text.Get_SPI2ReciveData
                0x080049e0       0x20 ./Core/Src/spi.o
                0x080049e0                Get_SPI2ReciveData
 .text.SetSPI2TransmitData
                0x08004a00       0x28 ./Core/Src/spi.o
                0x08004a00                SetSPI2TransmitData
 .text.LL_DMA_IsActiveFlag_TC3
                0x08004a28       0x28 ./Core/Src/stm32g4xx_it.o
 .text.LL_DMA_IsActiveFlag_TC4
                0x08004a50       0x28 ./Core/Src/stm32g4xx_it.o
 .text.LL_DMA_ClearFlag_GI3
                0x08004a78       0x1c ./Core/Src/stm32g4xx_it.o
 .text.LL_DMA_ClearFlag_GI4
                0x08004a94       0x1c ./Core/Src/stm32g4xx_it.o
 .text.LL_TIM_ClearFlag_UPDATE
                0x08004ab0       0x1c ./Core/Src/stm32g4xx_it.o
 .text.LL_TIM_IsActiveFlag_UPDATE
                0x08004acc       0x26 ./Core/Src/stm32g4xx_it.o
 .text.NMI_Handler
                0x08004af2        0x8 ./Core/Src/stm32g4xx_it.o
                0x08004af2                NMI_Handler
 .text.HardFault_Handler
                0x08004afa        0x8 ./Core/Src/stm32g4xx_it.o
                0x08004afa                HardFault_Handler
 .text.MemManage_Handler
                0x08004b02        0x8 ./Core/Src/stm32g4xx_it.o
                0x08004b02                MemManage_Handler
 .text.BusFault_Handler
                0x08004b0a        0x8 ./Core/Src/stm32g4xx_it.o
                0x08004b0a                BusFault_Handler
 .text.UsageFault_Handler
                0x08004b12        0x8 ./Core/Src/stm32g4xx_it.o
                0x08004b12                UsageFault_Handler
 .text.SVC_Handler
                0x08004b1a        0xe ./Core/Src/stm32g4xx_it.o
                0x08004b1a                SVC_Handler
 .text.DebugMon_Handler
                0x08004b28        0xe ./Core/Src/stm32g4xx_it.o
                0x08004b28                DebugMon_Handler
 .text.PendSV_Handler
                0x08004b36        0xe ./Core/Src/stm32g4xx_it.o
                0x08004b36                PendSV_Handler
 .text.SysTick_Handler
                0x08004b44        0xe ./Core/Src/stm32g4xx_it.o
                0x08004b44                SysTick_Handler
 *fill*         0x08004b52        0x2 
 .text.DMA1_Channel3_IRQHandler
                0x08004b54       0x24 ./Core/Src/stm32g4xx_it.o
                0x08004b54                DMA1_Channel3_IRQHandler
 .text.DMA1_Channel4_IRQHandler
                0x08004b78       0x24 ./Core/Src/stm32g4xx_it.o
                0x08004b78                DMA1_Channel4_IRQHandler
 .text.TIM1_BRK_TIM15_IRQHandler
                0x08004b9c       0x28 ./Core/Src/stm32g4xx_it.o
                0x08004b9c                TIM1_BRK_TIM15_IRQHandler
 .text.TIM4_IRQHandler
                0x08004bc4       0x24 ./Core/Src/stm32g4xx_it.o
                0x08004bc4                TIM4_IRQHandler
 .text.TIM6_DAC_IRQHandler
                0x08004be8       0x6c ./Core/Src/stm32g4xx_it.o
                0x08004be8                TIM6_DAC_IRQHandler
 .text.TIM7_DAC_IRQHandler
                0x08004c54       0x74 ./Core/Src/stm32g4xx_it.o
                0x08004c54                TIM7_DAC_IRQHandler
 .text._getpid  0x08004cc8       0x10 ./Core/Src/syscalls.o
                0x08004cc8                _getpid
 .text._kill    0x08004cd8       0x20 ./Core/Src/syscalls.o
                0x08004cd8                _kill
 .text._exit    0x08004cf8       0x16 ./Core/Src/syscalls.o
                0x08004cf8                _exit
 .text._read    0x08004d0e       0x3a ./Core/Src/syscalls.o
                0x08004d0e                _read
 .text._write   0x08004d48       0x38 ./Core/Src/syscalls.o
                0x08004d48                _write
 .text._close   0x08004d80       0x18 ./Core/Src/syscalls.o
                0x08004d80                _close
 .text._fstat   0x08004d98       0x20 ./Core/Src/syscalls.o
                0x08004d98                _fstat
 .text._isatty  0x08004db8       0x16 ./Core/Src/syscalls.o
                0x08004db8                _isatty
 .text._lseek   0x08004dce       0x1a ./Core/Src/syscalls.o
                0x08004dce                _lseek
 .text._sbrk    0x08004de8       0x6c ./Core/Src/sysmem.o
                0x08004de8                _sbrk
 .text.SystemInit
                0x08004e54       0x24 ./Core/Src/system_stm32g4xx.o
                0x08004e54                SystemInit
 .text.__NVIC_GetPriorityGrouping
                0x08004e78       0x1c ./Core/Src/tim.o
 .text.__NVIC_EnableIRQ
                0x08004e94       0x3c ./Core/Src/tim.o
 .text.__NVIC_SetPriority
                0x08004ed0       0x54 ./Core/Src/tim.o
 .text.NVIC_EncodePriority
                0x08004f24       0x66 ./Core/Src/tim.o
 *fill*         0x08004f8a        0x2 
 .text.LL_AHB2_GRP1_EnableClock
                0x08004f8c       0x30 ./Core/Src/tim.o
 .text.LL_APB1_GRP1_EnableClock
                0x08004fbc       0x30 ./Core/Src/tim.o
 .text.LL_APB2_GRP1_EnableClock
                0x08004fec       0x30 ./Core/Src/tim.o
 .text.LL_TIM_EnableCounter
                0x0800501c       0x20 ./Core/Src/tim.o
 .text.LL_TIM_EnableARRPreload
                0x0800503c       0x20 ./Core/Src/tim.o
 .text.LL_TIM_DisableARRPreload
                0x0800505c       0x20 ./Core/Src/tim.o
 .text.LL_TIM_SetCounter
                0x0800507c       0x1c ./Core/Src/tim.o
 .text.LL_TIM_GetCounter
                0x08005098       0x18 ./Core/Src/tim.o
 .text.LL_TIM_CC_EnableChannel
                0x080050b0       0x22 ./Core/Src/tim.o
 *fill*         0x080050d2        0x2 
 .text.LL_TIM_OC_DisableFast
                0x080050d4       0xb0 ./Core/Src/tim.o
 .text.LL_TIM_OC_EnablePreload
                0x08005184       0xac ./Core/Src/tim.o
 .text.LL_TIM_OC_SetCompareCH2
                0x08005230       0x1c ./Core/Src/tim.o
 .text.LL_TIM_OC_SetCompareCH3
                0x0800524c       0x1c ./Core/Src/tim.o
 .text.LL_TIM_IC_SetActiveInput
                0x08005268       0xc0 ./Core/Src/tim.o
 .text.LL_TIM_IC_SetPrescaler
                0x08005328       0xc0 ./Core/Src/tim.o
 .text.LL_TIM_IC_SetFilter
                0x080053e8       0xc0 ./Core/Src/tim.o
 .text.LL_TIM_IC_SetPolarity
                0x080054a8       0xac ./Core/Src/tim.o
 .text.LL_TIM_SetClockSource
                0x08005554       0x2a ./Core/Src/tim.o
 .text.LL_TIM_SetEncoderMode
                0x0800557e       0x2a ./Core/Src/tim.o
 .text.LL_TIM_SetTriggerOutput
                0x080055a8       0x2a ./Core/Src/tim.o
 .text.LL_TIM_SetTriggerOutput2
                0x080055d2       0x26 ./Core/Src/tim.o
 .text.LL_TIM_DisableMasterSlaveMode
                0x080055f8       0x20 ./Core/Src/tim.o
 .text.LL_TIM_EnableAllOutputs
                0x08005618       0x20 ./Core/Src/tim.o
 .text.LL_TIM_EnableIT_UPDATE
                0x08005638       0x20 ./Core/Src/tim.o
 .text.MX_TIM1_Init
                0x08005658      0x148 ./Core/Src/tim.o
                0x08005658                MX_TIM1_Init
 .text.MX_TIM2_Init
                0x080057a0       0xe0 ./Core/Src/tim.o
                0x080057a0                MX_TIM2_Init
 .text.MX_TIM3_Init
                0x08005880       0xd8 ./Core/Src/tim.o
                0x08005880                MX_TIM3_Init
 .text.MX_TIM4_Init
                0x08005958       0x80 ./Core/Src/tim.o
                0x08005958                MX_TIM4_Init
 .text.MX_TIM5_Init
                0x080059d8      0x114 ./Core/Src/tim.o
                0x080059d8                MX_TIM5_Init
 .text.MX_TIM6_Init
                0x08005aec       0x74 ./Core/Src/tim.o
                0x08005aec                MX_TIM6_Init
 .text.MX_TIM7_Init
                0x08005b60       0x74 ./Core/Src/tim.o
                0x08005b60                MX_TIM7_Init
 .text.MX_TIM8_Init
                0x08005bd4      0x148 ./Core/Src/tim.o
                0x08005bd4                MX_TIM8_Init
 .text.MX_TIM15_Init
                0x08005d1c       0x84 ./Core/Src/tim.o
                0x08005d1c                MX_TIM15_Init
 .text.TIMER_init
                0x08005da0       0x9c ./Core/Src/tim.o
                0x08005da0                TIMER_init
 .text.Enable_TIM2
                0x08005e3c       0x10 ./Core/Src/tim.o
                0x08005e3c                Enable_TIM2
 .text.Enable_TIM3
                0x08005e4c       0x14 ./Core/Src/tim.o
                0x08005e4c                Enable_TIM3
 .text.Set_DutyTIM2
                0x08005e60       0x7c ./Core/Src/tim.o
                0x08005e60                Set_DutyTIM2
 *fill*         0x08005edc        0x4 
 .text.Set_DutyTIM3
                0x08005ee0       0x80 ./Core/Src/tim.o
                0x08005ee0                Set_DutyTIM3
 .text.Clear_CounterTIM1
                0x08005f60       0x18 ./Core/Src/tim.o
                0x08005f60                Clear_CounterTIM1
 .text.Clear_CounterTIM5
                0x08005f78       0x18 ./Core/Src/tim.o
                0x08005f78                Clear_CounterTIM5
 .text.Set_DutyTIM8
                0x08005f90       0x80 ./Core/Src/tim.o
                0x08005f90                Set_DutyTIM8
 .text.Get_CounterTIM1
                0x08006010       0x18 ./Core/Src/tim.o
                0x08006010                Get_CounterTIM1
 .text.Get_CounterTIM5
                0x08006028       0x18 ./Core/Src/tim.o
                0x08006028                Get_CounterTIM5
 .text.LL_RCC_SetUSARTClockSource
                0x08006040       0x34 ./Core/Src/usart.o
 .text.LL_AHB2_GRP1_EnableClock
                0x08006074       0x30 ./Core/Src/usart.o
 .text.LL_APB2_GRP1_EnableClock
                0x080060a4       0x30 ./Core/Src/usart.o
 .text.LL_USART_Enable
                0x080060d4       0x20 ./Core/Src/usart.o
 .text.LL_USART_DisableFIFO
                0x080060f4       0x20 ./Core/Src/usart.o
 .text.LL_USART_SetTXFIFOThreshold
                0x08006114       0x4e ./Core/Src/usart.o
 .text.LL_USART_SetRXFIFOThreshold
                0x08006162       0x4e ./Core/Src/usart.o
 .text.LL_USART_ConfigAsyncMode
                0x080061b0       0x2c ./Core/Src/usart.o
 .text.LL_USART_IsActiveFlag_TXE_TXFNF
                0x080061dc       0x26 ./Core/Src/usart.o
 .text.LL_USART_IsActiveFlag_TEACK
                0x08006202       0x28 ./Core/Src/usart.o
 .text.LL_USART_IsActiveFlag_REACK
                0x0800622a       0x28 ./Core/Src/usart.o
 .text.LL_USART_TransmitData8
                0x08006252       0x1e ./Core/Src/usart.o
 .text.MX_USART1_UART_Init
                0x08006270       0xfc ./Core/Src/usart.o
                0x08006270                MX_USART1_UART_Init
 .text.Communication_Initialize
                0x0800636c       0x1c ./Core/Src/usart.o
                0x0800636c                Communication_Initialize
 .text.USART_TransmitByte
                0x08006388       0x30 ./Core/Src/usart.o
                0x08006388                USART_TransmitByte
 .text.Get_NowSpeed
                0x080063b8       0x1c ./Core/Src/hal/CTRL.o
                0x080063b8                Get_NowSpeed
 .text.Get_NowDist
                0x080063d4       0x1c ./Core/Src/hal/CTRL.o
                0x080063d4                Get_NowDist
 .text.Get_TrgtDist
                0x080063f0       0x1c ./Core/Src/hal/CTRL.o
                0x080063f0                Get_TrgtDist
 .text.Get_TrgtSpeed
                0x0800640c       0x1c ./Core/Src/hal/CTRL.o
                0x0800640c                Get_TrgtSpeed
 .text.Set_TrgtSpeed
                0x08006428       0x20 ./Core/Src/hal/CTRL.o
                0x08006428                Set_TrgtSpeed
 .text.Get_NowDistR
                0x08006448       0x1c ./Core/Src/hal/CTRL.o
                0x08006448                Get_NowDistR
 .text.Get_NowAngle
                0x08006464       0x1c ./Core/Src/hal/CTRL.o
                0x08006464                Get_NowAngle
 .text.Get_TrgtAngle
                0x08006480       0x1c ./Core/Src/hal/CTRL.o
                0x08006480                Get_TrgtAngle
 .text.Get_TrgtAngleS
                0x0800649c       0x1c ./Core/Src/hal/CTRL.o
                0x0800649c                Get_TrgtAngleS
 .text.INTC_sys
                0x080064b8       0x64 ./Core/Src/hal/CTRL.o
                0x080064b8                INTC_sys
 .text.CTRL_sta
                0x0800651c       0x18 ./Core/Src/hal/CTRL.o
                0x0800651c                CTRL_sta
 .text.CTRL_stop
                0x08006534       0x20 ./Core/Src/hal/CTRL.o
                0x08006534                CTRL_stop
 .text.CTRL_clrData
                0x08006554       0x90 ./Core/Src/hal/CTRL.o
                0x08006554                CTRL_clrData
 .text.CTRL_clrAngleErrSum
                0x080065e4       0x28 ./Core/Src/hal/CTRL.o
                0x080065e4                CTRL_clrAngleErrSum
 .text.CTRL_clrSpeedErrSum
                0x0800660c       0x28 ./Core/Src/hal/CTRL.o
                0x0800660c                CTRL_clrSpeedErrSum
 .text.CTRL_clrNowData
                0x08006634       0x74 ./Core/Src/hal/CTRL.o
                0x08006634                CTRL_clrNowData
 .text.CTRL_setNowData_Err
                0x080066a8       0x88 ./Core/Src/hal/CTRL.o
                0x080066a8                CTRL_setNowData_Err
 .text.CTRL_setData
                0x08006730      0x134 ./Core/Src/hal/CTRL.o
                0x08006730                CTRL_setData
 .text.CTRL_refNow
                0x08006864      0x134 ./Core/Src/hal/CTRL.o
                0x08006864                CTRL_refNow
 .text.CTRL_refTarget
                0x08006998     0x12dc ./Core/Src/hal/CTRL.o
                0x08006998                CTRL_refTarget
 .text.Chg_ParamID
                0x08007c74       0xa0 ./Core/Src/hal/CTRL.o
                0x08007c74                Chg_ParamID
 .text.CTRL_getFF_speed
                0x08007d14       0x98 ./Core/Src/hal/CTRL.o
                0x08007d14                CTRL_getFF_speed
 .text.CTRL_getFF_angle
                0x08007dac       0xf4 ./Core/Src/hal/CTRL.o
                0x08007dac                CTRL_getFF_angle
 .text.CTRL_getSpeedFB
                0x08007ea0      0x10c ./Core/Src/hal/CTRL.o
                0x08007ea0                CTRL_getSpeedFB
 .text.CTRL_getAngleSpeedFB
                0x08007fac      0x168 ./Core/Src/hal/CTRL.o
                0x08007fac                CTRL_getAngleSpeedFB
 .text.CTRL_getAngleFB
                0x08008114       0xf4 ./Core/Src/hal/CTRL.o
                0x08008114                CTRL_getAngleFB
 .text.CTRL_getSenFB
                0x08008208      0x118 ./Core/Src/hal/CTRL.o
                0x08008208                CTRL_getSenFB
 .text.CTRL_get_frontwall_v_FB
                0x08008320      0x108 ./Core/Src/hal/CTRL.o
                0x08008320                CTRL_get_frontwall_v_FB
 .text.CTRL_get_frontwall_omega_FB
                0x08008428       0xe8 ./Core/Src/hal/CTRL.o
                0x08008428                CTRL_get_frontwall_omega_FB
 .text.CTRL_getFloorFriction
                0x08008510       0x88 ./Core/Src/hal/CTRL.o
                0x08008510                CTRL_getFloorFriction
 .text.CTRL_outMot
                0x08008598      0x150 ./Core/Src/hal/CTRL.o
                0x08008598                CTRL_outMot
 .text.CTRL_pol
                0x080086e8      0xfe8 ./Core/Src/hal/CTRL.o
                0x080086e8                CTRL_pol
 .text.Failsafe_flag
                0x080096d0       0x18 ./Core/Src/hal/CTRL.o
                0x080096d0                Failsafe_flag
 .text.Failsafe_flag_off
                0x080096e8       0x18 ./Core/Src/hal/CTRL.o
                0x080096e8                Failsafe_flag_off
 .text.SYS_isOutOfCtrl
                0x08009700       0x18 ./Core/Src/hal/CTRL.o
                0x08009700                SYS_isOutOfCtrl
 .text.DCM_setDirCw
                0x08009718       0x26 ./Core/Src/hal/DCM.o
                0x08009718                DCM_setDirCw
 .text.DCM_setDirCcw
                0x0800973e       0x26 ./Core/Src/hal/DCM.o
                0x0800973e                DCM_setDirCcw
 .text.DCM_brakeMot
                0x08009764       0x26 ./Core/Src/hal/DCM.o
                0x08009764                DCM_brakeMot
 .text.DCM_staMot
                0x0800978a       0x22 ./Core/Src/hal/DCM.o
                0x0800978a                DCM_staMot
 .text.DCM_staMotAll
                0x080097ac       0x14 ./Core/Src/hal/DCM.o
                0x080097ac                DCM_staMotAll
 .text.DCM_setPwmDuty
                0x080097c0       0x60 ./Core/Src/hal/DCM.o
                0x080097c0                DCM_setPwmDuty
 .text.ENC_clr  0x08009820       0x10 ./Core/Src/hal/encoder.o
                0x08009820                ENC_clr
 .text.Get_encoder_value
                0x08009830       0x26 ./Core/Src/hal/encoder.o
                0x08009830                Get_encoder_value
 .text.ENC_GetDiv
                0x08009856       0x56 ./Core/Src/hal/encoder.o
                0x08009856                ENC_GetDiv
 .text.Get_s_gyro
                0x080098ac       0x1c ./Core/Src/hal/gyro.o
                0x080098ac                Get_s_gyro
 .text.ICM_42688_whoami
                0x080098c8       0x34 ./Core/Src/hal/gyro.o
                0x080098c8                ICM_42688_whoami
 .text.ICM_42688_WriteByte
                0x080098fc       0x32 ./Core/Src/hal/gyro.o
                0x080098fc                ICM_42688_WriteByte
 .text.ICM_42688_ReadByte
                0x0800992e       0x3e ./Core/Src/hal/gyro.o
                0x0800992e                ICM_42688_ReadByte
 .text.ICM_42688_init
                0x0800996c       0x8c ./Core/Src/hal/gyro.o
                0x0800996c                ICM_42688_init
 .text.ICM_42688_GyroRead_DMA
                0x080099f8       0x1c ./Core/Src/hal/gyro.o
                0x080099f8                ICM_42688_GyroRead_DMA
 .text.ICM_42688_GyroData
                0x08009a14       0x2c ./Core/Src/hal/gyro.o
                0x08009a14                ICM_42688_GyroData
 .text.GYRO_SetRef
                0x08009a40       0x58 ./Core/Src/hal/gyro.o
                0x08009a40                GYRO_SetRef
 .text.GYRO_getSpeedErr
                0x08009a98       0x98 ./Core/Src/hal/gyro.o
                0x08009a98                GYRO_getSpeedErr
 .text.GYRO_getNowAngle
                0x08009b30       0x1c ./Core/Src/hal/gyro.o
                0x08009b30                GYRO_getNowAngle
 .text.GYRO_getRef
                0x08009b4c       0x20 ./Core/Src/hal/gyro.o
                0x08009b4c                GYRO_getRef
 .text.GYRO_Pol
                0x08009b6c       0xa8 ./Core/Src/hal/gyro.o
                0x08009b6c                GYRO_Pol
 .text.GYRO_staErrChkAngle
                0x08009c14       0x24 ./Core/Src/hal/gyro.o
                0x08009c14                GYRO_staErrChkAngle
 .text.GYRO_endErrChkAngle
                0x08009c38       0x24 ./Core/Src/hal/gyro.o
                0x08009c38                GYRO_endErrChkAngle
 .text.HAL_init
                0x08009c5c       0x88 ./Core/Src/hal/init.o
                0x08009c5c                HAL_init
 .text.TIME_init
                0x08009ce4       0x2c ./Core/Src/hal/init.o
                0x08009ce4                TIME_init
 .text.log_in2  0x08009d10      0x140 ./Core/Src/hal/log.o
                0x08009d10                log_in2
 .text.log_interrupt
                0x08009e50       0xac ./Core/Src/hal/log.o
                0x08009e50                log_interrupt
 .text.log_flag_on
                0x08009efc       0x18 ./Core/Src/hal/log.o
                0x08009efc                log_flag_on
 .text.log_flag_off
                0x08009f14       0x18 ./Core/Src/hal/log.o
                0x08009f14                log_flag_off
 .text.log_read2
                0x08009f2c      0x1c4 ./Core/Src/hal/log.o
                0x08009f2c                log_read2
 .text.SYS_start
                0x0800a0f0       0xd8 ./Core/Src/hal/mode.o
                0x0800a0f0                SYS_start
 .text.MODE_inc
                0x0800a1c8       0xe4 ./Core/Src/hal/mode.o
                0x0800a1c8                MODE_inc
 *fill*         0x0800a2ac        0x4 
 .text.CountUP_mode
                0x0800a2b0       0x38 ./Core/Src/hal/mode.o
                0x0800a2b0                CountUP_mode
 .text.MODE_speed_parameter
                0x0800a2e8       0x7c ./Core/Src/hal/mode.o
                0x0800a2e8                MODE_speed_parameter
 .text.MODE_exe_m0
                0x0800a364      0x428 ./Core/Src/hal/mode.o
                0x0800a364                MODE_exe_m0
 .text.MODE_exe_m1
                0x0800a78c       0xec ./Core/Src/hal/mode.o
                0x0800a78c                MODE_exe_m1
 .text.MODE_exe_m2
                0x0800a878      0x604 ./Core/Src/hal/mode.o
                0x0800a878                MODE_exe_m2
 .text.MODE_exe_m3
                0x0800ae7c      0x4fc ./Core/Src/hal/mode.o
                0x0800ae7c                MODE_exe_m3
 .text.MODE_exe_m4
                0x0800b378      0x338 ./Core/Src/hal/mode.o
                0x0800b378                MODE_exe_m4
 .text.MODE_exe_m5
                0x0800b6b0      0x61c ./Core/Src/hal/mode.o
                0x0800b6b0                MODE_exe_m5
 .text.MODE_exe
                0x0800bccc      0x378 ./Core/Src/hal/mode.o
                0x0800bccc                MODE_exe
 .text.MODE_DistRightCheck
                0x0800c044       0x2e ./Core/Src/hal/mode.o
                0x0800c044                MODE_DistRightCheck
 .text.MODE_DistLeftCheck
                0x0800c072       0x2c ./Core/Src/hal/mode.o
                0x0800c072                MODE_DistLeftCheck
 .text.MODE_setWaitCheck
                0x0800c09e       0x54 ./Core/Src/hal/mode.o
                0x0800c09e                MODE_setWaitCheck
 .text.MODE_CheckExe
                0x0800c0f2       0x50 ./Core/Src/hal/mode.o
                0x0800c0f2                MODE_CheckExe
 .text.MOT_getAcc1
                0x0800c142       0x18 ./Core/Src/hal/run.o
                0x0800c142                MOT_getAcc1
 .text.MOT_getAcc3
                0x0800c15a       0x18 ./Core/Src/hal/run.o
                0x0800c15a                MOT_getAcc3
 .text.MOT_getJerk
                0x0800c172       0x18 ./Core/Src/hal/run.o
                0x0800c172                MOT_getJerk
 *fill*         0x0800c18a        0x2 
 .text.MOT_goBlock_AccConstDec
                0x0800c18c      0x8bc ./Core/Src/hal/run.o
                0x0800c18c                MOT_goBlock_AccConstDec
 .text.MOT_setData_ACC_CONST_DEC
                0x0800ca48      0x674 ./Core/Src/hal/run.o
                0x0800ca48                MOT_setData_ACC_CONST_DEC
 *fill*         0x0800d0bc        0x4 
 .text.MOT_setData_MOT_ACC_CONST_DEC_CUSTOM
                0x0800d0c0      0x840 ./Core/Src/hal/run.o
                0x0800d0c0                MOT_setData_MOT_ACC_CONST_DEC_CUSTOM
 .text.MOT_setData_MOT_ACC_CONST
                0x0800d900      0x3b0 ./Core/Src/hal/run.o
                0x0800d900                MOT_setData_MOT_ACC_CONST
 .text.MOT_setData_MOT_ACC_CONST_CUSTOM
                0x0800dcb0      0x4a4 ./Core/Src/hal/run.o
                0x0800dcb0                MOT_setData_MOT_ACC_CONST_CUSTOM
 *fill*         0x0800e154        0x4 
 .text.MOT_setData_MOT_CONST_DEC
                0x0800e158      0x3b8 ./Core/Src/hal/run.o
                0x0800e158                MOT_setData_MOT_CONST_DEC
 .text.MOT_setData_MOT_CONST_DEC_CUSTOM
                0x0800e510      0x494 ./Core/Src/hal/run.o
                0x0800e510                MOT_setData_MOT_CONST_DEC_CUSTOM
 *fill*         0x0800e9a4        0x4 
 .text.MOT_getStType
                0x0800e9a8      0xc44 ./Core/Src/hal/run.o
                0x0800e9a8                MOT_getStType
 .text.MOT_go_FinSpeed
                0x0800f5ec      0x120 ./Core/Src/hal/run.o
                0x0800f5ec                MOT_go_FinSpeed
 .text.MOT_goBlock_FinSpeed
                0x0800f70c       0x24 ./Core/Src/hal/run.o
                0x0800f70c                MOT_goBlock_FinSpeed
 .text.MOT_goSkewBlock_FinSpeed
                0x0800f730       0x24 ./Core/Src/hal/run.o
                0x0800f730                MOT_goSkewBlock_FinSpeed
 .text.MOT_goBlock_Const
                0x0800f754      0x3c4 ./Core/Src/hal/run.o
                0x0800f754                MOT_goBlock_Const
 .text.MOT_getAccAngle1
                0x0800fb18       0x18 ./Core/Src/hal/run.o
                0x0800fb18                MOT_getAccAngle1
 .text.MOT_getAccAngle3
                0x0800fb30       0x18 ./Core/Src/hal/run.o
                0x0800fb30                MOT_getAccAngle3
 .text.MOT_getJerkAngle
                0x0800fb48       0x18 ./Core/Src/hal/run.o
                0x0800fb48                MOT_getJerkAngle
 .text.MOT_turn
                0x0800fb60     0x1544 ./Core/Src/hal/run.o
                0x0800fb60                MOT_turn
 .text.MOT_setSlaStaSpeed
                0x080110a4       0x60 ./Core/Src/hal/run.o
                0x080110a4                MOT_setSlaStaSpeed
 .text.MOT_getSlaStaSpeed
                0x08011104       0x64 ./Core/Src/hal/run.o
                0x08011104                MOT_getSlaStaSpeed
 .text.MOT_setTrgtSpeed
                0x08011168       0x2c ./Core/Src/hal/run.o
                0x08011168                MOT_setTrgtSpeed
 .text.MOT_setNowSpeed
                0x08011194       0x20 ./Core/Src/hal/run.o
                0x08011194                MOT_setNowSpeed
 .text.MOT_goHitBackWall
                0x080111b4       0xc0 ./Core/Src/hal/run.o
                0x080111b4                MOT_goHitBackWall
 *fill*         0x08011274        0x4 
 .text.MOT_goSla
                0x08011278     0x1520 ./Core/Src/hal/run.o
                0x08011278                MOT_goSla
 .text.MOT_setWallEdgeType
                0x08012798       0x2c ./Core/Src/hal/run.o
                0x08012798                MOT_setWallEdgeType
 .text.MOT_getWallEdgeType
                0x080127c4       0x18 ./Core/Src/hal/run.o
                0x080127c4                MOT_getWallEdgeType
 .text.MOT_setWallEdge
                0x080127dc       0x20 ./Core/Src/hal/run.o
                0x080127dc                MOT_setWallEdge
 .text.MOT_setWallEdgeDist
                0x080127fc       0x88 ./Core/Src/hal/run.o
                0x080127fc                MOT_setWallEdgeDist
 .text.MOT_setWallEdgeDist_LoopWait
                0x08012884       0x34 ./Core/Src/hal/run.o
                0x08012884                MOT_setWallEdgeDist_LoopWait
 .text.DIST_Front_Wall_correction
                0x080128b8      0x128 ./Core/Src/hal/run.o
                0x080128b8                DIST_Front_Wall_correction
 .text.BAT_Pol  0x080129e0       0xcc ./Core/Src/hal/sen_batt.o
                0x080129e0                BAT_Pol
 *fill*         0x08012aac        0x4 
 .text.get_battLv
                0x08012ab0       0x8c ./Core/Src/hal/sen_batt.o
                0x08012ab0                get_battLv
 .text.DIST_init
                0x08012b3c       0x94 ./Core/Src/hal/sen_dist.o
                0x08012b3c                DIST_init
 .text.DIST_getNowVal
                0x08012bd0       0x2c ./Core/Src/hal/sen_dist.o
                0x08012bd0                DIST_getNowVal
 *fill*         0x08012bfc        0x4 
 .text.DIST_getErr
                0x08012c00      0x32c ./Core/Src/hal/sen_dist.o
                0x08012c00                DIST_getErr
 .text.DIST_getErrSkew
                0x08012f2c       0x98 ./Core/Src/hal/sen_dist.o
                0x08012f2c                DIST_getErrSkew
 .text.DIST_Pol_FL
                0x08012fc4       0x70 ./Core/Src/hal/sen_dist.o
                0x08012fc4                DIST_Pol_FL
 .text.DIST_Pol_FR
                0x08013034       0x70 ./Core/Src/hal/sen_dist.o
                0x08013034                DIST_Pol_FR
 .text.DIST_Pol_SL
                0x080130a4       0x70 ./Core/Src/hal/sen_dist.o
                0x080130a4                DIST_Pol_SL
 .text.DIST_Pol_SR
                0x08013114       0x6c ./Core/Src/hal/sen_dist.o
                0x08013114                DIST_Pol_SR
 .text.DIST_isWall_FRONT
                0x08013180       0x38 ./Core/Src/hal/sen_dist.o
                0x08013180                DIST_isWall_FRONT
 .text.DIST_isWall_R_SIDE
                0x080131b8       0x2c ./Core/Src/hal/sen_dist.o
                0x080131b8                DIST_isWall_R_SIDE
 .text.DIST_isWall_L_SIDE
                0x080131e4       0x2c ./Core/Src/hal/sen_dist.o
                0x080131e4                DIST_isWall_L_SIDE
 .text.MAP_refPos
                0x08013210      0x620 ./Core/Src/search/map_cmd.o
                0x08013210                MAP_refPos
 .text.MAP_setWallCut
                0x08013830      0x8d0 ./Core/Src/search/map_cmd.o
                0x08013830                MAP_setWallCut
 .text.MAP_setCmdPos
                0x08014100       0x54 ./Core/Src/search/map_cmd.o
                0x08014100                MAP_setCmdPos
 .text.MAP_showCmdLog
                0x08014154       0xa0 ./Core/Src/search/map_cmd.o
                0x08014154                MAP_showCmdLog
 .text.MAP_makeCmdList
                0x080141f4      0x4b0 ./Core/Src/search/map_cmd.o
                0x080141f4                MAP_makeCmdList
 .text.MAP_makeSlaCmdList
                0x080146a4      0x2f8 ./Core/Src/search/map_cmd.o
                0x080146a4                MAP_makeSlaCmdList
 .text.MAP_makeSkewCmdList
                0x0801499c      0xf6c ./Core/Src/search/map_cmd.o
                0x0801499c                MAP_makeSkewCmdList
 .text.MAP_drive
                0x08015908      0x7d0 ./Core/Src/search/map_cmd.o
                0x08015908                MAP_drive
 .text.MAP_searchCmdList
                0x080160d8      0x438 ./Core/Src/search/map_cmd.o
                0x080160d8                MAP_searchCmdList
 .text.MAP_makeCmdList_dijkstra_modoki
                0x08016510      0x4b0 ./Core/Src/search/map_cmd.o
                0x08016510                MAP_makeCmdList_dijkstra_modoki
 .text.FLASH_Lock
                0x080169c0       0x20 ./Core/Src/search/map_flash.o
 .text.FLASH_Unlock
                0x080169e0       0x28 ./Core/Src/search/map_flash.o
 .text.Map_Write
                0x08016a08       0x28 ./Core/Src/search/map_flash.o
                0x08016a08                Map_Write
 .text.Map_Copy
                0x08016a30       0x4c ./Core/Src/search/map_flash.o
                0x08016a30                Map_Copy
 .text.Map_Erase
                0x08016a7c       0x16 ./Core/Src/search/map_flash.o
                0x08016a7c                Map_Erase
 *fill*         0x08016a92        0x2 
 .text.Is_Known_Accel
                0x08016a94       0x18 ./Core/Src/search/search.o
                0x08016a94                Is_Known_Accel
 .text.MAP_init
                0x08016aac       0x4c ./Core/Src/search/search.o
                0x08016aac                MAP_init
 .text.MAP_Goal_init
                0x08016af8       0x24 ./Core/Src/search/search.o
                0x08016af8                MAP_Goal_init
 .text.MAP_setPos
                0x08016b1c       0x44 ./Core/Src/search/search.o
                0x08016b1c                MAP_setPos
 .text.MAP_showLog
                0x08016b60      0x198 ./Core/Src/search/search.o
                0x08016b60                MAP_showLog
 .text.MAP_clearMap
                0x08016cf8       0xd8 ./Core/Src/search/search.o
                0x08016cf8                MAP_clearMap
 .text.MAP_getWallData
                0x08016dd0       0xb0 ./Core/Src/search/search.o
                0x08016dd0                MAP_getWallData
 .text.MAP_makeMapData
                0x08016e80      0x1ac ./Core/Src/search/search.o
                0x08016e80                MAP_makeMapData
 .text.MAP_get_refPos_WallData
                0x0801702c       0xac ./Core/Src/search/search.o
                0x0801702c                MAP_get_refPos_WallData
 .text.MAP_make_refPos_MapData
                0x080170d8      0x19c ./Core/Src/search/search.o
                0x080170d8                MAP_make_refPos_MapData
 .text.setStep  0x08017274       0x5c ./Core/Src/search/search.o
                0x08017274                setStep
 .text.MAP_makeContourMap_queue
                0x080172d0      0x3d4 ./Core/Src/search/search.o
                0x080172d0                MAP_makeContourMap_queue
 .text.MAP_makeContourMap_run
                0x080176a4      0x3cc ./Core/Src/search/search.o
                0x080176a4                MAP_makeContourMap_run
 .text.MAP_calcMouseDir
                0x08017a70      0x218 ./Core/Src/search/search.o
                0x08017a70                MAP_calcMouseDir
 .text.MAP_refMousePos
                0x08017c88       0x78 ./Core/Src/search/search.o
                0x08017c88                MAP_refMousePos
 .text.MAP_moveNextBlock
                0x08017d00      0x164 ./Core/Src/search/search.o
                0x08017d00                MAP_moveNextBlock
 .text.MAP_moveNextBlock_Sla
                0x08017e64      0x4f4 ./Core/Src/search/search.o
                0x08017e64                MAP_moveNextBlock_Sla
 .text.MAP_moveNextBlock_frontmiss
                0x08018358       0xac ./Core/Src/search/search.o
                0x08018358                MAP_moveNextBlock_frontmiss
 .text.MAP_actGoal
                0x08018404       0x4c ./Core/Src/search/search.o
                0x08018404                MAP_actGoal
 .text.MAP_actGoalLED
                0x08018450       0x6c ./Core/Src/search/search.o
                0x08018450                MAP_actGoalLED
 .text.MAP_Goalsize
                0x080184bc       0x68 ./Core/Src/search/search.o
                0x080184bc                MAP_Goalsize
 .text.MAP_makeReturnContourMap
                0x08018524      0x388 ./Core/Src/search/search.o
                0x08018524                MAP_makeReturnContourMap
 .text.MAP_KnownAcc
                0x080188ac       0xe8 ./Core/Src/search/search.o
                0x080188ac                MAP_KnownAcc
 .text.MAP_moveNextBlock_acc
                0x08018994      0xbc4 ./Core/Src/search/search.o
                0x08018994                MAP_moveNextBlock_acc
 .text.MAP_searchGoal
                0x08019558      0x2b0 ./Core/Src/search/search.o
                0x08019558                MAP_searchGoal
 .text.MAP_searchGoalKnown
                0x08019808      0x3d8 ./Core/Src/search/search.o
                0x08019808                MAP_searchGoalKnown
 .text.MAP_clearMap_direction
                0x08019be0       0x50 ./Core/Src/search/search.o
                0x08019be0                MAP_clearMap_direction
 .text.MAP_makeContourMap_dijkstra_modoki
                0x08019c30      0x594 ./Core/Src/search/search.o
                0x08019c30                MAP_makeContourMap_dijkstra_modoki
 .text.Reset_Handler
                0x0801a1c4       0x50 ./Core/Startup/startup_stm32g474ceux.o
                0x0801a1c4                Reset_Handler
 .text.Default_Handler
                0x0801a214        0x2 ./Core/Startup/startup_stm32g474ceux.o
                0x0801a214                RTC_Alarm_IRQHandler
                0x0801a214                EXTI2_IRQHandler
                0x0801a214                TIM8_TRG_COM_IRQHandler
                0x0801a214                TIM8_CC_IRQHandler
                0x0801a214                HRTIM1_Master_IRQHandler
                0x0801a214                SPI4_IRQHandler
                0x0801a214                FDCAN3_IT0_IRQHandler
                0x0801a214                TIM1_CC_IRQHandler
                0x0801a214                HRTIM1_FLT_IRQHandler
                0x0801a214                HRTIM1_TIMF_IRQHandler
                0x0801a214                USB_HP_IRQHandler
                0x0801a214                CORDIC_IRQHandler
                0x0801a214                HRTIM1_TIMD_IRQHandler
                0x0801a214                DMA2_Channel8_IRQHandler
                0x0801a214                EXTI3_IRQHandler
                0x0801a214                I2C3_ER_IRQHandler
                0x0801a214                EXTI0_IRQHandler
                0x0801a214                I2C2_EV_IRQHandler
                0x0801a214                FPU_IRQHandler
                0x0801a214                FDCAN1_IT1_IRQHandler
                0x0801a214                TIM1_UP_TIM16_IRQHandler
                0x0801a214                ADC1_2_IRQHandler
                0x0801a214                HRTIM1_TIME_IRQHandler
                0x0801a214                SPI1_IRQHandler
                0x0801a214                HRTIM1_TIMC_IRQHandler
                0x0801a214                TIM8_UP_IRQHandler
                0x0801a214                DMA2_Channel2_IRQHandler
                0x0801a214                TIM20_TRG_COM_IRQHandler
                0x0801a214                USART3_IRQHandler
                0x0801a214                DMA1_Channel7_IRQHandler
                0x0801a214                UART5_IRQHandler
                0x0801a214                ADC3_IRQHandler
                0x0801a214                DMA2_Channel1_IRQHandler
                0x0801a214                QUADSPI_IRQHandler
                0x0801a214                I2C1_EV_IRQHandler
                0x0801a214                DMA1_Channel6_IRQHandler
                0x0801a214                UART4_IRQHandler
                0x0801a214                DMA2_Channel4_IRQHandler
                0x0801a214                TIM3_IRQHandler
                0x0801a214                RCC_IRQHandler
                0x0801a214                TIM20_UP_IRQHandler
                0x0801a214                DMA1_Channel1_IRQHandler
                0x0801a214                Default_Handler
                0x0801a214                DMA2_Channel7_IRQHandler
                0x0801a214                RTC_TAMP_LSECSS_IRQHandler
                0x0801a214                FMAC_IRQHandler
                0x0801a214                EXTI15_10_IRQHandler
                0x0801a214                DMA1_Channel8_IRQHandler
                0x0801a214                HRTIM1_TIMA_IRQHandler
                0x0801a214                FDCAN3_IT1_IRQHandler
                0x0801a214                TIM5_IRQHandler
                0x0801a214                UCPD1_IRQHandler
                0x0801a214                I2C3_EV_IRQHandler
                0x0801a214                EXTI9_5_IRQHandler
                0x0801a214                RTC_WKUP_IRQHandler
                0x0801a214                PVD_PVM_IRQHandler
                0x0801a214                SPI2_IRQHandler
                0x0801a214                ADC5_IRQHandler
                0x0801a214                DMA2_Channel5_IRQHandler
                0x0801a214                CRS_IRQHandler
                0x0801a214                DMA1_Channel5_IRQHandler
                0x0801a214                USB_LP_IRQHandler
                0x0801a214                EXTI4_IRQHandler
                0x0801a214                RNG_IRQHandler
                0x0801a214                HRTIM1_TIMB_IRQHandler
                0x0801a214                TIM1_TRG_COM_TIM17_IRQHandler
                0x0801a214                FDCAN2_IT1_IRQHandler
                0x0801a214                ADC4_IRQHandler
                0x0801a214                WWDG_IRQHandler
                0x0801a214                I2C4_EV_IRQHandler
                0x0801a214                FDCAN2_IT0_IRQHandler
                0x0801a214                LPUART1_IRQHandler
                0x0801a214                DMA2_Channel6_IRQHandler
                0x0801a214                FDCAN1_IT0_IRQHandler
                0x0801a214                TIM2_IRQHandler
                0x0801a214                COMP7_IRQHandler
                0x0801a214                COMP1_2_3_IRQHandler
                0x0801a214                EXTI1_IRQHandler
                0x0801a214                USART2_IRQHandler
                0x0801a214                COMP4_5_6_IRQHandler
                0x0801a214                TIM20_BRK_IRQHandler
                0x0801a214                I2C2_ER_IRQHandler
                0x0801a214                DMA1_Channel2_IRQHandler
                0x0801a214                TIM8_BRK_IRQHandler
                0x0801a214                FLASH_IRQHandler
                0x0801a214                TIM20_CC_IRQHandler
                0x0801a214                USART1_IRQHandler
                0x0801a214                SPI3_IRQHandler
                0x0801a214                I2C1_ER_IRQHandler
                0x0801a214                FMC_IRQHandler
                0x0801a214                LPTIM1_IRQHandler
                0x0801a214                DMAMUX_OVR_IRQHandler
                0x0801a214                I2C4_ER_IRQHandler
                0x0801a214                USBWakeUp_IRQHandler
                0x0801a214                SAI1_IRQHandler
                0x0801a214                DMA2_Channel3_IRQHandler
 .text.LL_ADC_REG_SetSequencerLength
                0x0801a216       0x26 ./Drivers/STM32G4xx_HAL_Driver/Src/stm32g4xx_ll_adc.o
 .text.LL_ADC_IsEnabled
                0x0801a23c       0x26 ./Drivers/STM32G4xx_HAL_Driver/Src/stm32g4xx_ll_adc.o
 *fill*         0x0801a262        0x2 
 .text.LL_ADC_CommonInit
                0x0801a264       0xc8 ./Drivers/STM32G4xx_HAL_Driver/Src/stm32g4xx_ll_adc.o
                0x0801a264                LL_ADC_CommonInit
 .text.LL_ADC_Init
                0x0801a32c       0x4c ./Drivers/STM32G4xx_HAL_Driver/Src/stm32g4xx_ll_adc.o
                0x0801a32c                LL_ADC_Init
 .text.LL_ADC_REG_Init
                0x0801a378       0x94 ./Drivers/STM32G4xx_HAL_Driver/Src/stm32g4xx_ll_adc.o
                0x0801a378                LL_ADC_REG_Init
 .text.LL_GPIO_SetPinMode
                0x0801a40c       0x7a ./Drivers/STM32G4xx_HAL_Driver/Src/stm32g4xx_ll_gpio.o
 .text.LL_GPIO_SetPinOutputType
                0x0801a486       0x30 ./Drivers/STM32G4xx_HAL_Driver/Src/stm32g4xx_ll_gpio.o
 .text.LL_GPIO_SetPinSpeed
                0x0801a4b6       0x7a ./Drivers/STM32G4xx_HAL_Driver/Src/stm32g4xx_ll_gpio.o
 .text.LL_GPIO_SetPinPull
                0x0801a530       0x7a ./Drivers/STM32G4xx_HAL_Driver/Src/stm32g4xx_ll_gpio.o
 .text.LL_GPIO_SetAFPin_0_7
                0x0801a5aa       0x7a ./Drivers/STM32G4xx_HAL_Driver/Src/stm32g4xx_ll_gpio.o
 .text.LL_GPIO_SetAFPin_8_15
                0x0801a624       0x7e ./Drivers/STM32G4xx_HAL_Driver/Src/stm32g4xx_ll_gpio.o
 .text.LL_GPIO_Init
                0x0801a6a2       0xdc ./Drivers/STM32G4xx_HAL_Driver/Src/stm32g4xx_ll_gpio.o
                0x0801a6a2                LL_GPIO_Init
 *fill*         0x0801a77e        0x2 
 .text.LL_RCC_HSI_IsReady
                0x0801a780       0x28 ./Drivers/STM32G4xx_HAL_Driver/Src/stm32g4xx_ll_rcc.o
 .text.LL_RCC_LSE_IsReady
                0x0801a7a8       0x28 ./Drivers/STM32G4xx_HAL_Driver/Src/stm32g4xx_ll_rcc.o
 .text.LL_RCC_GetSysClkSource
                0x0801a7d0       0x1c ./Drivers/STM32G4xx_HAL_Driver/Src/stm32g4xx_ll_rcc.o
 .text.LL_RCC_GetAHBPrescaler
                0x0801a7ec       0x1c ./Drivers/STM32G4xx_HAL_Driver/Src/stm32g4xx_ll_rcc.o
 .text.LL_RCC_GetAPB1Prescaler
                0x0801a808       0x1c ./Drivers/STM32G4xx_HAL_Driver/Src/stm32g4xx_ll_rcc.o
 .text.LL_RCC_GetAPB2Prescaler
                0x0801a824       0x1c ./Drivers/STM32G4xx_HAL_Driver/Src/stm32g4xx_ll_rcc.o
 .text.LL_RCC_GetUSARTClockSource
                0x0801a840       0x28 ./Drivers/STM32G4xx_HAL_Driver/Src/stm32g4xx_ll_rcc.o
 .text.LL_RCC_GetUARTClockSource
                0x0801a868       0x28 ./Drivers/STM32G4xx_HAL_Driver/Src/stm32g4xx_ll_rcc.o
 .text.LL_RCC_PLL_GetMainSource
                0x0801a890       0x1c ./Drivers/STM32G4xx_HAL_Driver/Src/stm32g4xx_ll_rcc.o
 .text.LL_RCC_PLL_GetN
                0x0801a8ac       0x1c ./Drivers/STM32G4xx_HAL_Driver/Src/stm32g4xx_ll_rcc.o
 .text.LL_RCC_PLL_GetR
                0x0801a8c8       0x1c ./Drivers/STM32G4xx_HAL_Driver/Src/stm32g4xx_ll_rcc.o
 .text.LL_RCC_PLL_GetDivider
                0x0801a8e4       0x1c ./Drivers/STM32G4xx_HAL_Driver/Src/stm32g4xx_ll_rcc.o
 .text.LL_RCC_GetUSARTClockFreq
                0x0801a900      0x188 ./Drivers/STM32G4xx_HAL_Driver/Src/stm32g4xx_ll_rcc.o
                0x0801a900                LL_RCC_GetUSARTClockFreq
 .text.LL_RCC_GetUARTClockFreq
                0x0801aa88      0x10c ./Drivers/STM32G4xx_HAL_Driver/Src/stm32g4xx_ll_rcc.o
                0x0801aa88                LL_RCC_GetUARTClockFreq
 .text.RCC_GetSystemClockFreq
                0x0801ab94       0x4c ./Drivers/STM32G4xx_HAL_Driver/Src/stm32g4xx_ll_rcc.o
 .text.RCC_GetHCLKClockFreq
                0x0801abe0       0x30 ./Drivers/STM32G4xx_HAL_Driver/Src/stm32g4xx_ll_rcc.o
 .text.RCC_GetPCLK1ClockFreq
                0x0801ac10       0x2c ./Drivers/STM32G4xx_HAL_Driver/Src/stm32g4xx_ll_rcc.o
 .text.RCC_GetPCLK2ClockFreq
                0x0801ac3c       0x2c ./Drivers/STM32G4xx_HAL_Driver/Src/stm32g4xx_ll_rcc.o
 .text.RCC_PLL_GetFreqDomain_SYS
                0x0801ac68       0x68 ./Drivers/STM32G4xx_HAL_Driver/Src/stm32g4xx_ll_rcc.o
 .text.LL_SPI_IsEnabled
                0x0801acd0       0x26 ./Drivers/STM32G4xx_HAL_Driver/Src/stm32g4xx_ll_spi.o
 .text.LL_SPI_SetRxFIFOThreshold
                0x0801acf6       0x26 ./Drivers/STM32G4xx_HAL_Driver/Src/stm32g4xx_ll_spi.o
 .text.LL_SPI_SetCRCPolynomial
                0x0801ad1c       0x20 ./Drivers/STM32G4xx_HAL_Driver/Src/stm32g4xx_ll_spi.o
 .text.LL_SPI_Init
                0x0801ad3c       0xbc ./Drivers/STM32G4xx_HAL_Driver/Src/stm32g4xx_ll_spi.o
                0x0801ad3c                LL_SPI_Init
 .text.LL_TIM_SetPrescaler
                0x0801adf8       0x1c ./Drivers/STM32G4xx_HAL_Driver/Src/stm32g4xx_ll_tim.o
 .text.LL_TIM_SetAutoReload
                0x0801ae14       0x1c ./Drivers/STM32G4xx_HAL_Driver/Src/stm32g4xx_ll_tim.o
 .text.LL_TIM_SetRepetitionCounter
                0x0801ae30       0x1c ./Drivers/STM32G4xx_HAL_Driver/Src/stm32g4xx_ll_tim.o
 .text.LL_TIM_OC_SetCompareCH1
                0x0801ae4c       0x1c ./Drivers/STM32G4xx_HAL_Driver/Src/stm32g4xx_ll_tim.o
 .text.LL_TIM_OC_SetCompareCH2
                0x0801ae68       0x1c ./Drivers/STM32G4xx_HAL_Driver/Src/stm32g4xx_ll_tim.o
 .text.LL_TIM_OC_SetCompareCH3
                0x0801ae84       0x1c ./Drivers/STM32G4xx_HAL_Driver/Src/stm32g4xx_ll_tim.o
 .text.LL_TIM_OC_SetCompareCH4
                0x0801aea0       0x1c ./Drivers/STM32G4xx_HAL_Driver/Src/stm32g4xx_ll_tim.o
 .text.LL_TIM_OC_SetCompareCH5
                0x0801aebc       0x20 ./Drivers/STM32G4xx_HAL_Driver/Src/stm32g4xx_ll_tim.o
 .text.LL_TIM_OC_SetCompareCH6
                0x0801aedc       0x1c ./Drivers/STM32G4xx_HAL_Driver/Src/stm32g4xx_ll_tim.o
 .text.LL_TIM_GenerateEvent_UPDATE
                0x0801aef8       0x20 ./Drivers/STM32G4xx_HAL_Driver/Src/stm32g4xx_ll_tim.o
 .text.LL_TIM_Init
                0x0801af18      0x144 ./Drivers/STM32G4xx_HAL_Driver/Src/stm32g4xx_ll_tim.o
                0x0801af18                LL_TIM_Init
 .text.LL_TIM_OC_Init
                0x0801b05c       0xbe ./Drivers/STM32G4xx_HAL_Driver/Src/stm32g4xx_ll_tim.o
                0x0801b05c                LL_TIM_OC_Init
 *fill*         0x0801b11a        0x2 
 .text.LL_TIM_BDTR_Init
                0x0801b11c       0xfc ./Drivers/STM32G4xx_HAL_Driver/Src/stm32g4xx_ll_tim.o
                0x0801b11c                LL_TIM_BDTR_Init
 .text.OC1Config
                0x0801b218      0x10c ./Drivers/STM32G4xx_HAL_Driver/Src/stm32g4xx_ll_tim.o
 .text.OC2Config
                0x0801b324      0x114 ./Drivers/STM32G4xx_HAL_Driver/Src/stm32g4xx_ll_tim.o
 .text.OC3Config
                0x0801b438      0x114 ./Drivers/STM32G4xx_HAL_Driver/Src/stm32g4xx_ll_tim.o
 .text.OC4Config
                0x0801b54c      0x114 ./Drivers/STM32G4xx_HAL_Driver/Src/stm32g4xx_ll_tim.o
 .text.OC5Config
                0x0801b660       0xd4 ./Drivers/STM32G4xx_HAL_Driver/Src/stm32g4xx_ll_tim.o
 .text.OC6Config
                0x0801b734       0xd4 ./Drivers/STM32G4xx_HAL_Driver/Src/stm32g4xx_ll_tim.o
 .text.LL_USART_IsEnabled
                0x0801b808       0x26 ./Drivers/STM32G4xx_HAL_Driver/Src/stm32g4xx_ll_usart.o
 .text.LL_USART_SetPrescaler
                0x0801b82e       0x28 ./Drivers/STM32G4xx_HAL_Driver/Src/stm32g4xx_ll_usart.o
 .text.LL_USART_SetStopBitsLength
                0x0801b856       0x26 ./Drivers/STM32G4xx_HAL_Driver/Src/stm32g4xx_ll_usart.o
 .text.LL_USART_SetHWFlowCtrl
                0x0801b87c       0x26 ./Drivers/STM32G4xx_HAL_Driver/Src/stm32g4xx_ll_usart.o
 *fill*         0x0801b8a2        0x2 
 .text.LL_USART_SetBaudRate
                0x0801b8a4       0xa0 ./Drivers/STM32G4xx_HAL_Driver/Src/stm32g4xx_ll_usart.o
 .text.LL_USART_Init
                0x0801b944      0x10c ./Drivers/STM32G4xx_HAL_Driver/Src/stm32g4xx_ll_usart.o
                0x0801b944                LL_USART_Init
 .text.LL_InitTick
                0x0801ba50       0x34 ./Drivers/STM32G4xx_HAL_Driver/Src/stm32g4xx_ll_utils.o
 .text.LL_Init1msTick
                0x0801ba84       0x1a ./Drivers/STM32G4xx_HAL_Driver/Src/stm32g4xx_ll_utils.o
                0x0801ba84                LL_Init1msTick
 *fill*         0x0801ba9e        0x2 
 .text.LL_mDelay
                0x0801baa0       0x50 ./Drivers/STM32G4xx_HAL_Driver/Src/stm32g4xx_ll_utils.o
                0x0801baa0                LL_mDelay
 .text.LL_SetSystemCoreClock
                0x0801baf0       0x20 ./Drivers/STM32G4xx_HAL_Driver/Src/stm32g4xx_ll_utils.o
                0x0801baf0                LL_SetSystemCoreClock
 .text.sqrt     0x0801bb10       0x58 C:/ST/STM32CubeIDE_1.16.0/STM32CubeIDE/plugins/com.st.stm32cube.ide.mcu.externaltools.gnu-tools-for-stm32.12.3.rel1.win32_1.0.200.202406191623/tools/bin/../lib/gcc/arm-none-eabi/12.3.1/../../../../arm-none-eabi/lib/thumb/v7e-m+fp/hard\libm.a(libm_a-w_sqrt.o)
                0x0801bb10                sqrt
 .text.cos      0x0801bb68       0xa8 C:/ST/STM32CubeIDE_1.16.0/STM32CubeIDE/plugins/com.st.stm32cube.ide.mcu.externaltools.gnu-tools-for-stm32.12.3.rel1.win32_1.0.200.202406191623/tools/bin/../lib/gcc/arm-none-eabi/12.3.1/../../../../arm-none-eabi/lib/thumb/v7e-m+fp/hard\libm.a(libm_a-s_cos.o)
                0x0801bb68                cos
 .text.sin      0x0801bc10       0xa8 C:/ST/STM32CubeIDE_1.16.0/STM32CubeIDE/plugins/com.st.stm32cube.ide.mcu.externaltools.gnu-tools-for-stm32.12.3.rel1.win32_1.0.200.202406191623/tools/bin/../lib/gcc/arm-none-eabi/12.3.1/../../../../arm-none-eabi/lib/thumb/v7e-m+fp/hard\libm.a(libm_a-s_sin.o)
                0x0801bc10                sin
 .text.__ieee754_sqrt
                0x0801bcb8      0x1b4 C:/ST/STM32CubeIDE_1.16.0/STM32CubeIDE/plugins/com.st.stm32cube.ide.mcu.externaltools.gnu-tools-for-stm32.12.3.rel1.win32_1.0.200.202406191623/tools/bin/../lib/gcc/arm-none-eabi/12.3.1/../../../../arm-none-eabi/lib/thumb/v7e-m+fp/hard\libm.a(libm_a-e_sqrt.o)
                0x0801bcb8                __ieee754_sqrt
 *fill*         0x0801be6c        0x4 
 .text.__kernel_cos
                0x0801be70      0x18c C:/ST/STM32CubeIDE_1.16.0/STM32CubeIDE/plugins/com.st.stm32cube.ide.mcu.externaltools.gnu-tools-for-stm32.12.3.rel1.win32_1.0.200.202406191623/tools/bin/../lib/gcc/arm-none-eabi/12.3.1/../../../../arm-none-eabi/lib/thumb/v7e-m+fp/hard\libm.a(libm_a-k_cos.o)
                0x0801be70                __kernel_cos
 *fill*         0x0801bffc        0x4 
 .text.__kernel_sin
                0x0801c000      0x174 C:/ST/STM32CubeIDE_1.16.0/STM32CubeIDE/plugins/com.st.stm32cube.ide.mcu.externaltools.gnu-tools-for-stm32.12.3.rel1.win32_1.0.200.202406191623/tools/bin/../lib/gcc/arm-none-eabi/12.3.1/../../../../arm-none-eabi/lib/thumb/v7e-m+fp/hard\libm.a(libm_a-k_sin.o)
                0x0801c000                __kernel_sin
 *fill*         0x0801c174        0x4 
 .text.__ieee754_rem_pio2
                0x0801c178      0x3f8 C:/ST/STM32CubeIDE_1.16.0/STM32CubeIDE/plugins/com.st.stm32cube.ide.mcu.externaltools.gnu-tools-for-stm32.12.3.rel1.win32_1.0.200.202406191623/tools/bin/../lib/gcc/arm-none-eabi/12.3.1/../../../../arm-none-eabi/lib/thumb/v7e-m+fp/hard\libm.a(libm_a-e_rem_pio2.o)
                0x0801c178                __ieee754_rem_pio2
 .text.fabs     0x0801c570       0x10 C:/ST/STM32CubeIDE_1.16.0/STM32CubeIDE/plugins/com.st.stm32cube.ide.mcu.externaltools.gnu-tools-for-stm32.12.3.rel1.win32_1.0.200.202406191623/tools/bin/../lib/gcc/arm-none-eabi/12.3.1/../../../../arm-none-eabi/lib/thumb/v7e-m+fp/hard\libm.a(libm_a-s_fabs.o)
                0x0801c570                fabs
 .text.__kernel_rem_pio2
                0x0801c580      0x6b0 C:/ST/STM32CubeIDE_1.16.0/STM32CubeIDE/plugins/com.st.stm32cube.ide.mcu.externaltools.gnu-tools-for-stm32.12.3.rel1.win32_1.0.200.202406191623/tools/bin/../lib/gcc/arm-none-eabi/12.3.1/../../../../arm-none-eabi/lib/thumb/v7e-m+fp/hard\libm.a(libm_a-k_rem_pio2.o)
                0x0801c580                __kernel_rem_pio2
 .text.scalbn   0x0801cc30       0xfc C:/ST/STM32CubeIDE_1.16.0/STM32CubeIDE/plugins/com.st.stm32cube.ide.mcu.externaltools.gnu-tools-for-stm32.12.3.rel1.win32_1.0.200.202406191623/tools/bin/../lib/gcc/arm-none-eabi/12.3.1/../../../../arm-none-eabi/lib/thumb/v7e-m+fp/hard\libm.a(libm_a-s_scalbn.o)
                0x0801cc30                scalbn
 *fill*         0x0801cd2c        0x4 
 .text.floor    0x0801cd30       0xf8 C:/ST/STM32CubeIDE_1.16.0/STM32CubeIDE/plugins/com.st.stm32cube.ide.mcu.externaltools.gnu-tools-for-stm32.12.3.rel1.win32_1.0.200.202406191623/tools/bin/../lib/gcc/arm-none-eabi/12.3.1/../../../../arm-none-eabi/lib/thumb/v7e-m+fp/hard\libm.a(libm_a-s_floor.o)
                0x0801cd30                floor
 .text.abs      0x0801ce28        0x8 C:/ST/STM32CubeIDE_1.16.0/STM32CubeIDE/plugins/com.st.stm32cube.ide.mcu.externaltools.gnu-tools-for-stm32.12.3.rel1.win32_1.0.200.202406191623/tools/bin/../lib/gcc/arm-none-eabi/12.3.1/../../../../arm-none-eabi/lib/thumb/v7e-m+fp/hard\libc_nano.a(libc_a-abs.o)
                0x0801ce28                abs
 .text.__cvt    0x0801ce30       0xca C:/ST/STM32CubeIDE_1.16.0/STM32CubeIDE/plugins/com.st.stm32cube.ide.mcu.externaltools.gnu-tools-for-stm32.12.3.rel1.win32_1.0.200.202406191623/tools/bin/../lib/gcc/arm-none-eabi/12.3.1/../../../../arm-none-eabi/lib/thumb/v7e-m+fp/hard\libc_nano.a(libc_a-nano-vfprintf_float.o)
                0x0801ce30                __cvt
 .text.__exponent
                0x0801cefa       0x74 C:/ST/STM32CubeIDE_1.16.0/STM32CubeIDE/plugins/com.st.stm32cube.ide.mcu.externaltools.gnu-tools-for-stm32.12.3.rel1.win32_1.0.200.202406191623/tools/bin/../lib/gcc/arm-none-eabi/12.3.1/../../../../arm-none-eabi/lib/thumb/v7e-m+fp/hard\libc_nano.a(libc_a-nano-vfprintf_float.o)
                0x0801cefa                __exponent
 *fill*         0x0801cf6e        0x2 
 .text._printf_float
                0x0801cf70      0x454 C:/ST/STM32CubeIDE_1.16.0/STM32CubeIDE/plugins/com.st.stm32cube.ide.mcu.externaltools.gnu-tools-for-stm32.12.3.rel1.win32_1.0.200.202406191623/tools/bin/../lib/gcc/arm-none-eabi/12.3.1/../../../../arm-none-eabi/lib/thumb/v7e-m+fp/hard\libc_nano.a(libc_a-nano-vfprintf_float.o)
                0x0801cf70                _printf_float
 .text._printf_common
                0x0801d3c4       0xda C:/ST/STM32CubeIDE_1.16.0/STM32CubeIDE/plugins/com.st.stm32cube.ide.mcu.externaltools.gnu-tools-for-stm32.12.3.rel1.win32_1.0.200.202406191623/tools/bin/../lib/gcc/arm-none-eabi/12.3.1/../../../../arm-none-eabi/lib/thumb/v7e-m+fp/hard\libc_nano.a(libc_a-nano-vfprintf_i.o)
                0x0801d3c4                _printf_common
 *fill*         0x0801d49e        0x2 
 .text._printf_i
                0x0801d4a0      0x240 C:/ST/STM32CubeIDE_1.16.0/STM32CubeIDE/plugins/com.st.stm32cube.ide.mcu.externaltools.gnu-tools-for-stm32.12.3.rel1.win32_1.0.200.202406191623/tools/bin/../lib/gcc/arm-none-eabi/12.3.1/../../../../arm-none-eabi/lib/thumb/v7e-m+fp/hard\libc_nano.a(libc_a-nano-vfprintf_i.o)
                0x0801d4a0                _printf_i
 .text._scanf_float
                0x0801d6e0      0x428 C:/ST/STM32CubeIDE_1.16.0/STM32CubeIDE/plugins/com.st.stm32cube.ide.mcu.externaltools.gnu-tools-for-stm32.12.3.rel1.win32_1.0.200.202406191623/tools/bin/../lib/gcc/arm-none-eabi/12.3.1/../../../../arm-none-eabi/lib/thumb/v7e-m+fp/hard\libc_nano.a(libc_a-nano-vfscanf_float.o)
                0x0801d6e0                _scanf_float
 .text.std      0x0801db08       0x6c C:/ST/STM32CubeIDE_1.16.0/STM32CubeIDE/plugins/com.st.stm32cube.ide.mcu.externaltools.gnu-tools-for-stm32.12.3.rel1.win32_1.0.200.202406191623/tools/bin/../lib/gcc/arm-none-eabi/12.3.1/../../../../arm-none-eabi/lib/thumb/v7e-m+fp/hard\libc_nano.a(libc_a-findfp.o)
 .text.stdio_exit_handler
                0x0801db74       0x18 C:/ST/STM32CubeIDE_1.16.0/STM32CubeIDE/plugins/com.st.stm32cube.ide.mcu.externaltools.gnu-tools-for-stm32.12.3.rel1.win32_1.0.200.202406191623/tools/bin/../lib/gcc/arm-none-eabi/12.3.1/../../../../arm-none-eabi/lib/thumb/v7e-m+fp/hard\libc_nano.a(libc_a-findfp.o)
 .text.cleanup_stdio
                0x0801db8c       0x40 C:/ST/STM32CubeIDE_1.16.0/STM32CubeIDE/plugins/com.st.stm32cube.ide.mcu.externaltools.gnu-tools-for-stm32.12.3.rel1.win32_1.0.200.202406191623/tools/bin/../lib/gcc/arm-none-eabi/12.3.1/../../../../arm-none-eabi/lib/thumb/v7e-m+fp/hard\libc_nano.a(libc_a-findfp.o)
 .text.global_stdio_init.part.0
                0x0801dbcc       0x3c C:/ST/STM32CubeIDE_1.16.0/STM32CubeIDE/plugins/com.st.stm32cube.ide.mcu.externaltools.gnu-tools-for-stm32.12.3.rel1.win32_1.0.200.202406191623/tools/bin/../lib/gcc/arm-none-eabi/12.3.1/../../../../arm-none-eabi/lib/thumb/v7e-m+fp/hard\libc_nano.a(libc_a-findfp.o)
 .text.__sfp_lock_acquire
                0x0801dc08        0xc C:/ST/STM32CubeIDE_1.16.0/STM32CubeIDE/plugins/com.st.stm32cube.ide.mcu.externaltools.gnu-tools-for-stm32.12.3.rel1.win32_1.0.200.202406191623/tools/bin/../lib/gcc/arm-none-eabi/12.3.1/../../../../arm-none-eabi/lib/thumb/v7e-m+fp/hard\libc_nano.a(libc_a-findfp.o)
                0x0801dc08                __sfp_lock_acquire
 .text.__sfp_lock_release
                0x0801dc14        0xc C:/ST/STM32CubeIDE_1.16.0/STM32CubeIDE/plugins/com.st.stm32cube.ide.mcu.externaltools.gnu-tools-for-stm32.12.3.rel1.win32_1.0.200.202406191623/tools/bin/../lib/gcc/arm-none-eabi/12.3.1/../../../../arm-none-eabi/lib/thumb/v7e-m+fp/hard\libc_nano.a(libc_a-findfp.o)
                0x0801dc14                __sfp_lock_release
 .text.__sinit  0x0801dc20       0x30 C:/ST/STM32CubeIDE_1.16.0/STM32CubeIDE/plugins/com.st.stm32cube.ide.mcu.externaltools.gnu-tools-for-stm32.12.3.rel1.win32_1.0.200.202406191623/tools/bin/../lib/gcc/arm-none-eabi/12.3.1/../../../../arm-none-eabi/lib/thumb/v7e-m+fp/hard\libc_nano.a(libc_a-findfp.o)
                0x0801dc20                __sinit
 .text._fwalk_sglue
                0x0801dc50       0x3c C:/ST/STM32CubeIDE_1.16.0/STM32CubeIDE/plugins/com.st.stm32cube.ide.mcu.externaltools.gnu-tools-for-stm32.12.3.rel1.win32_1.0.200.202406191623/tools/bin/../lib/gcc/arm-none-eabi/12.3.1/../../../../arm-none-eabi/lib/thumb/v7e-m+fp/hard\libc_nano.a(libc_a-fwalk.o)
                0x0801dc50                _fwalk_sglue
 .text.printf   0x0801dc8c       0x24 C:/ST/STM32CubeIDE_1.16.0/STM32CubeIDE/plugins/com.st.stm32cube.ide.mcu.externaltools.gnu-tools-for-stm32.12.3.rel1.win32_1.0.200.202406191623/tools/bin/../lib/gcc/arm-none-eabi/12.3.1/../../../../arm-none-eabi/lib/thumb/v7e-m+fp/hard\libc_nano.a(libc_a-printf.o)
                0x0801dc8c                iprintf
                0x0801dc8c                printf
 .text.putchar  0x0801dcb0       0x10 C:/ST/STM32CubeIDE_1.16.0/STM32CubeIDE/plugins/com.st.stm32cube.ide.mcu.externaltools.gnu-tools-for-stm32.12.3.rel1.win32_1.0.200.202406191623/tools/bin/../lib/gcc/arm-none-eabi/12.3.1/../../../../arm-none-eabi/lib/thumb/v7e-m+fp/hard\libc_nano.a(libc_a-putchar.o)
                0x0801dcb0                putchar
 .text._puts_r  0x0801dcc0       0xaa C:/ST/STM32CubeIDE_1.16.0/STM32CubeIDE/plugins/com.st.stm32cube.ide.mcu.externaltools.gnu-tools-for-stm32.12.3.rel1.win32_1.0.200.202406191623/tools/bin/../lib/gcc/arm-none-eabi/12.3.1/../../../../arm-none-eabi/lib/thumb/v7e-m+fp/hard\libc_nano.a(libc_a-puts.o)
                0x0801dcc0                _puts_r
 *fill*         0x0801dd6a        0x2 
 .text.puts     0x0801dd6c       0x10 C:/ST/STM32CubeIDE_1.16.0/STM32CubeIDE/plugins/com.st.stm32cube.ide.mcu.externaltools.gnu-tools-for-stm32.12.3.rel1.win32_1.0.200.202406191623/tools/bin/../lib/gcc/arm-none-eabi/12.3.1/../../../../arm-none-eabi/lib/thumb/v7e-m+fp/hard\libc_nano.a(libc_a-puts.o)
                0x0801dd6c                puts
 .text.setbuf   0x0801dd7c       0x10 C:/ST/STM32CubeIDE_1.16.0/STM32CubeIDE/plugins/com.st.stm32cube.ide.mcu.externaltools.gnu-tools-for-stm32.12.3.rel1.win32_1.0.200.202406191623/tools/bin/../lib/gcc/arm-none-eabi/12.3.1/../../../../arm-none-eabi/lib/thumb/v7e-m+fp/hard\libc_nano.a(libc_a-setbuf.o)
                0x0801dd7c                setbuf
 .text.setvbuf  0x0801dd8c      0x168 C:/ST/STM32CubeIDE_1.16.0/STM32CubeIDE/plugins/com.st.stm32cube.ide.mcu.externaltools.gnu-tools-for-stm32.12.3.rel1.win32_1.0.200.202406191623/tools/bin/../lib/gcc/arm-none-eabi/12.3.1/../../../../arm-none-eabi/lib/thumb/v7e-m+fp/hard\libc_nano.a(libc_a-setvbuf.o)
                0x0801dd8c                setvbuf
 .text.sprintf  0x0801def4       0x40 C:/ST/STM32CubeIDE_1.16.0/STM32CubeIDE/plugins/com.st.stm32cube.ide.mcu.externaltools.gnu-tools-for-stm32.12.3.rel1.win32_1.0.200.202406191623/tools/bin/../lib/gcc/arm-none-eabi/12.3.1/../../../../arm-none-eabi/lib/thumb/v7e-m+fp/hard\libc_nano.a(libc_a-sprintf.o)
                0x0801def4                siprintf
                0x0801def4                sprintf
 .text.__sread  0x0801df34       0x22 C:/ST/STM32CubeIDE_1.16.0/STM32CubeIDE/plugins/com.st.stm32cube.ide.mcu.externaltools.gnu-tools-for-stm32.12.3.rel1.win32_1.0.200.202406191623/tools/bin/../lib/gcc/arm-none-eabi/12.3.1/../../../../arm-none-eabi/lib/thumb/v7e-m+fp/hard\libc_nano.a(libc_a-stdio.o)
                0x0801df34                __sread
 .text.__swrite
                0x0801df56       0x38 C:/ST/STM32CubeIDE_1.16.0/STM32CubeIDE/plugins/com.st.stm32cube.ide.mcu.externaltools.gnu-tools-for-stm32.12.3.rel1.win32_1.0.200.202406191623/tools/bin/../lib/gcc/arm-none-eabi/12.3.1/../../../../arm-none-eabi/lib/thumb/v7e-m+fp/hard\libc_nano.a(libc_a-stdio.o)
                0x0801df56                __swrite
 .text.__sseek  0x0801df8e       0x24 C:/ST/STM32CubeIDE_1.16.0/STM32CubeIDE/plugins/com.st.stm32cube.ide.mcu.externaltools.gnu-tools-for-stm32.12.3.rel1.win32_1.0.200.202406191623/tools/bin/../lib/gcc/arm-none-eabi/12.3.1/../../../../arm-none-eabi/lib/thumb/v7e-m+fp/hard\libc_nano.a(libc_a-stdio.o)
                0x0801df8e                __sseek
 .text.__sclose
                0x0801dfb2        0x8 C:/ST/STM32CubeIDE_1.16.0/STM32CubeIDE/plugins/com.st.stm32cube.ide.mcu.externaltools.gnu-tools-for-stm32.12.3.rel1.win32_1.0.200.202406191623/tools/bin/../lib/gcc/arm-none-eabi/12.3.1/../../../../arm-none-eabi/lib/thumb/v7e-m+fp/hard\libc_nano.a(libc_a-stdio.o)
                0x0801dfb2                __sclose
 .text.__swbuf_r
                0x0801dfba       0x7c C:/ST/STM32CubeIDE_1.16.0/STM32CubeIDE/plugins/com.st.stm32cube.ide.mcu.externaltools.gnu-tools-for-stm32.12.3.rel1.win32_1.0.200.202406191623/tools/bin/../lib/gcc/arm-none-eabi/12.3.1/../../../../arm-none-eabi/lib/thumb/v7e-m+fp/hard\libc_nano.a(libc_a-wbuf.o)
                0x0801dfba                __swbuf_r
 *fill*         0x0801e036        0x2 
 .text.__swsetup_r
                0x0801e038       0xac C:/ST/STM32CubeIDE_1.16.0/STM32CubeIDE/plugins/com.st.stm32cube.ide.mcu.externaltools.gnu-tools-for-stm32.12.3.rel1.win32_1.0.200.202406191623/tools/bin/../lib/gcc/arm-none-eabi/12.3.1/../../../../arm-none-eabi/lib/thumb/v7e-m+fp/hard\libc_nano.a(libc_a-wsetup.o)
                0x0801e038                __swsetup_r
 .text.memset   0x0801e0e4       0x10 C:/ST/STM32CubeIDE_1.16.0/STM32CubeIDE/plugins/com.st.stm32cube.ide.mcu.externaltools.gnu-tools-for-stm32.12.3.rel1.win32_1.0.200.202406191623/tools/bin/../lib/gcc/arm-none-eabi/12.3.1/../../../../arm-none-eabi/lib/thumb/v7e-m+fp/hard\libc_nano.a(libc_a-memset.o)
                0x0801e0e4                memset
 .text._localeconv_r
                0x0801e0f4        0x8 C:/ST/STM32CubeIDE_1.16.0/STM32CubeIDE/plugins/com.st.stm32cube.ide.mcu.externaltools.gnu-tools-for-stm32.12.3.rel1.win32_1.0.200.202406191623/tools/bin/../lib/gcc/arm-none-eabi/12.3.1/../../../../arm-none-eabi/lib/thumb/v7e-m+fp/hard\libc_nano.a(libc_a-localeconv.o)
                0x0801e0f4                _localeconv_r
 .text._close_r
                0x0801e0fc       0x20 C:/ST/STM32CubeIDE_1.16.0/STM32CubeIDE/plugins/com.st.stm32cube.ide.mcu.externaltools.gnu-tools-for-stm32.12.3.rel1.win32_1.0.200.202406191623/tools/bin/../lib/gcc/arm-none-eabi/12.3.1/../../../../arm-none-eabi/lib/thumb/v7e-m+fp/hard\libc_nano.a(libc_a-closer.o)
                0x0801e0fc                _close_r
 .text._lseek_r
                0x0801e11c       0x24 C:/ST/STM32CubeIDE_1.16.0/STM32CubeIDE/plugins/com.st.stm32cube.ide.mcu.externaltools.gnu-tools-for-stm32.12.3.rel1.win32_1.0.200.202406191623/tools/bin/../lib/gcc/arm-none-eabi/12.3.1/../../../../arm-none-eabi/lib/thumb/v7e-m+fp/hard\libc_nano.a(libc_a-lseekr.o)
                0x0801e11c                _lseek_r
 .text._read_r  0x0801e140       0x24 C:/ST/STM32CubeIDE_1.16.0/STM32CubeIDE/plugins/com.st.stm32cube.ide.mcu.externaltools.gnu-tools-for-stm32.12.3.rel1.win32_1.0.200.202406191623/tools/bin/../lib/gcc/arm-none-eabi/12.3.1/../../../../arm-none-eabi/lib/thumb/v7e-m+fp/hard\libc_nano.a(libc_a-readr.o)
                0x0801e140                _read_r
 .text._write_r
                0x0801e164       0x24 C:/ST/STM32CubeIDE_1.16.0/STM32CubeIDE/plugins/com.st.stm32cube.ide.mcu.externaltools.gnu-tools-for-stm32.12.3.rel1.win32_1.0.200.202406191623/tools/bin/../lib/gcc/arm-none-eabi/12.3.1/../../../../arm-none-eabi/lib/thumb/v7e-m+fp/hard\libc_nano.a(libc_a-writer.o)
                0x0801e164                _write_r
 .text.__errno  0x0801e188        0xc C:/ST/STM32CubeIDE_1.16.0/STM32CubeIDE/plugins/com.st.stm32cube.ide.mcu.externaltools.gnu-tools-for-stm32.12.3.rel1.win32_1.0.200.202406191623/tools/bin/../lib/gcc/arm-none-eabi/12.3.1/../../../../arm-none-eabi/lib/thumb/v7e-m+fp/hard\libc_nano.a(libc_a-errno.o)
                0x0801e188                __errno
 .text.__libc_init_array
                0x0801e194       0x48 C:/ST/STM32CubeIDE_1.16.0/STM32CubeIDE/plugins/com.st.stm32cube.ide.mcu.externaltools.gnu-tools-for-stm32.12.3.rel1.win32_1.0.200.202406191623/tools/bin/../lib/gcc/arm-none-eabi/12.3.1/../../../../arm-none-eabi/lib/thumb/v7e-m+fp/hard\libc_nano.a(libc_a-init.o)
                0x0801e194                __libc_init_array
 .text.__retarget_lock_init_recursive
                0x0801e1dc        0x2 C:/ST/STM32CubeIDE_1.16.0/STM32CubeIDE/plugins/com.st.stm32cube.ide.mcu.externaltools.gnu-tools-for-stm32.12.3.rel1.win32_1.0.200.202406191623/tools/bin/../lib/gcc/arm-none-eabi/12.3.1/../../../../arm-none-eabi/lib/thumb/v7e-m+fp/hard\libc_nano.a(libc_a-lock.o)
                0x0801e1dc                __retarget_lock_init_recursive
 .text.__retarget_lock_acquire_recursive
                0x0801e1de        0x2 C:/ST/STM32CubeIDE_1.16.0/STM32CubeIDE/plugins/com.st.stm32cube.ide.mcu.externaltools.gnu-tools-for-stm32.12.3.rel1.win32_1.0.200.202406191623/tools/bin/../lib/gcc/arm-none-eabi/12.3.1/../../../../arm-none-eabi/lib/thumb/v7e-m+fp/hard\libc_nano.a(libc_a-lock.o)
                0x0801e1de                __retarget_lock_acquire_recursive