../Core/Src/search/search.c:59:6:Is_Known_Accel	4	static
../Core/Src/search/search.c:63:6:MAP_init	8	static
../Core/Src/search/search.c:81:6:MAP_Goal_init	4	static
../Core/Src/search/search.c:87:6:MAP_Goal_change_x	8	static
../Core/Src/search/search.c:107:6:MAP_Goal_change_y	8	static
../Core/Src/search/search.c:127:6:MAP_ClearMapData	8	static
../Core/Src/search/search.c:142:6:MAP_setPos	16	static
../Core/Src/search/search.c:152:6:MAP_showLog	16	static
../Core/Src/search/search.c:207:6:MAP_showcountLog	16	static
../Core/Src/search/search.c:229:6:MAP_clearMap	16	static
../Core/Src/search/search.c:253:9:MAP_getWallData	16	static
../Core/Src/search/search.c:296:6:MAP_makeMapData	16	static
../Core/Src/search/search.c:325:9:MAP_get_refPos_WallData	16	static
../Core/Src/search/search.c:363:6:MAP_make_refPos_MapData	24	static
../Core/Src/search/search.c:504:6:setStep	16	static
../Core/Src/search/search.c:513:7:MAP_makeContourMap_queue	320	static
../Core/Src/search/search.c:600:7:MAP_makeContourMap_run	32	static
../Core/Src/search/search.c:796:6:MAP_calcMouseDir	24	static
../Core/Src/search/search.c:866:6:MAP_refMousePos	16	static
../Core/Src/search/search.c:887:6:MAP_moveNextBlock	16	static
../Core/Src/search/search.c:945:6:MAP_moveNextBlock_Sla	16	static
../Core/Src/search/search.c:1082:6:MAP_moveNextBlock_frontmiss	16	static
../Core/Src/search/search.c:1119:6:MAP_actGoal	8	static
../Core/Src/search/search.c:1134:6:MAP_actGoalLED	16	static
../Core/Src/search/search.c:1155:6:MAP_Goalsize	16	static
../Core/Src/search/search.c:1168:7:MAP_makeReturnContourMap	312	static
../Core/Src/search/search.c:1246:6:MAP_KnownAcc	16	static
../Core/Src/search/search.c:1281:6:MAP_moveNextBlock_acc	16	static
../Core/Src/search/search.c:1557:6:MAP_searchGoal	40	static
../Core/Src/search/search.c:1699:6:MAP_searchGoalKnown	40	static
../Core/Src/search/search.c:1881:6:MAP_searchGoalKnown_AllSection	40	static
../Core/Src/search/search.c:2043:6:MAP_clearMap_direction	16	static
../Core/Src/search/search.c:2058:7:MAP_makeContourMap_dijkstra_modoki	32	static
