../Drivers/STM32G4xx_HAL_Driver/Inc/stm32g4xx_ll_adc.h:4471:22:LL_ADC_SetGainCompensation	16	static
../Drivers/STM32G4xx_HAL_Driver/Inc/stm32g4xx_ll_adc.h:5043:22:LL_ADC_REG_SetSequencerRanks	32	static
../Drivers/STM32G4xx_HAL_Driver/Inc/stm32g4xx_ll_adc.h:6319:22:LL_ADC_SetChannelSamplingTime	32	static
../Drivers/STM32G4xx_HAL_Driver/Inc/stm32g4xx_ll_adc.h:6490:22:LL_ADC_SetChannelSingleDiff	24	static
../Drivers/STM32G4xx_HAL_Driver/Inc/stm32g4xx_ll_adc.h:7192:22:LL_ADC_SetOverSamplingScope	16	static
../Drivers/STM32G4xx_HAL_Driver/Inc/stm32g4xx_ll_adc.h:7621:22:LL_ADC_DisableDeepPowerDown	16	static
../Drivers/STM32G4xx_HAL_Driver/Inc/stm32g4xx_ll_adc.h:7635:26:LL_ADC_IsDeepPowerDownEnabled	16	static
../Drivers/STM32G4xx_HAL_Driver/Inc/stm32g4xx_ll_adc.h:7654:22:LL_ADC_EnableInternalRegulator	16	static
../Drivers/STM32G4xx_HAL_Driver/Inc/stm32g4xx_ll_adc.h:7684:26:LL_ADC_IsInternalRegulatorEnabled	16	static
../Drivers/STM32G4xx_HAL_Driver/Inc/stm32g4xx_ll_adc.h:7705:22:LL_ADC_Enable	16	static
../Drivers/STM32G4xx_HAL_Driver/Inc/stm32g4xx_ll_adc.h:7725:22:LL_ADC_Disable	16	static
../Drivers/STM32G4xx_HAL_Driver/Inc/stm32g4xx_ll_adc.h:7744:26:LL_ADC_IsEnabled	16	static
../Drivers/STM32G4xx_HAL_Driver/Inc/stm32g4xx_ll_adc.h:7783:22:LL_ADC_StartCalibration	16	static
../Drivers/STM32G4xx_HAL_Driver/Inc/stm32g4xx_ll_adc.h:7799:26:LL_ADC_IsCalibrationOnGoing	16	static
../Drivers/STM32G4xx_HAL_Driver/Inc/stm32g4xx_ll_adc.h:7830:22:LL_ADC_REG_StartConversion	16	static
../Drivers/STM32G4xx_HAL_Driver/Inc/stm32g4xx_ll_adc.h:7948:26:LL_ADC_REG_ReadConversionData12	16	static
../Drivers/STM32G4xx_HAL_Driver/Inc/stm32g4xx_ll_adc.h:8275:26:LL_ADC_IsActiveFlag_EOC	16	static
../Drivers/STM32G4xx_HAL_Driver/Inc/stm32g4xx_ll_adc.h:8399:22:LL_ADC_ClearFlag_EOC	16	static
../Drivers/STM32G4xx_HAL_Driver/Inc/stm32g4xx_ll_adc.h:8410:22:LL_ADC_ClearFlag_EOS	16	static
../Drivers/STM32G4xx_HAL_Driver/Inc/stm32g4xx_ll_rcc.h:1694:22:LL_RCC_SetADCClockSource	16	static
../Drivers/STM32G4xx_HAL_Driver/Inc/stm32g4xx_ll_bus.h:451:22:LL_AHB2_GRP1_EnableClock	24	static
../Core/Src/adc.c:28:6:MX_ADC1_Init	88	static
../Core/Src/adc.c:106:6:MX_ADC2_Init	72	static
../Core/Src/adc.c:223:6:MX_ADC3_Init	88	static
../Core/Src/adc.c:312:6:ADC1_Calibration	8	static
../Core/Src/adc.c:323:6:ADC2_Calibration	8	static
../Core/Src/adc.c:334:6:ADC3_Calibration	8	static
../Core/Src/adc.c:345:6:ADC3_Start	8	static
../Core/Src/adc.c:350:6:ADC2_Start	8	static
../Core/Src/adc.c:355:6:ADC1_Start	8	static
../Core/Src/adc.c:360:10:GetSensor_FL	8	static
../Core/Src/adc.c:367:6:ADC3_clearEOS	8	static
../Core/Src/adc.c:371:6:ADC2_clearEOS	8	static
../Core/Src/adc.c:375:6:ADC1_clearEOS	8	static
../Core/Src/adc.c:380:10:GetSensor_SL	8	static
../Core/Src/adc.c:387:10:GetSensor_SR	8	static
../Core/Src/adc.c:394:10:GetSensor_FR	8	static
../Core/Src/adc.c:401:10:GetBatVal	8	static
