../Drivers/STM32G4xx_HAL_Driver/Inc/stm32g4xx_ll_bus.h:451:22:LL_AHB2_GRP1_EnableClock	24	static
../Drivers/STM32G4xx_HAL_Driver/Inc/stm32g4xx_ll_gpio.h:813:26:LL_GPIO_IsInputPinSet	16	static
../Drivers/STM32G4xx_HAL_Driver/Inc/stm32g4xx_ll_gpio.h:894:22:LL_GPIO_SetOutputPin	16	static
../Drivers/STM32G4xx_HAL_Driver/Inc/stm32g4xx_ll_gpio.h:923:22:LL_GPIO_ResetOutputPin	16	static
../Core/Src/gpio.c:42:6:MX_GPIO_Init	32	static
../Core/Src/gpio.c:210:6:SetLED	16	static
../Core/Src/gpio.c:228:6:SetBatLED	16	static
../Core/Src/gpio.c:233:8:SW_IsOn_0	8	static
../Core/Src/gpio.c:237:8:SW_IsOn_1	8	static
../Core/Src/gpio.c:241:6:Set_SenFL	16	static
../Core/Src/gpio.c:246:6:Set_SenSL	16	static
../Core/Src/gpio.c:251:6:Set_SenSR	16	static
../Core/Src/gpio.c:256:6:Set_SenFR	16	static
../Core/Src/gpio.c:261:6:Set_MOT0	16	static
../Core/Src/gpio.c:266:6:Set_MOT1	16	static
