../Drivers/STM32G4xx_HAL_Driver/Inc/stm32g4xx_ll_dma.h:1685:26:LL_DMA_IsActiveFlag_TC3	16	static
../Drivers/STM32G4xx_HAL_Driver/Inc/stm32g4xx_ll_dma.h:1696:26:LL_DMA_IsActiveFlag_TC4	16	static
../Drivers/STM32G4xx_HAL_Driver/Inc/stm32g4xx_ll_dma.h:1973:22:LL_DMA_ClearFlag_GI3	16	static
../Drivers/STM32G4xx_HAL_Driver/Inc/stm32g4xx_ll_dma.h:1988:22:LL_DMA_ClearFlag_GI4	16	static
../Drivers/STM32G4xx_HAL_Driver/Inc/stm32g4xx_ll_tim.h:5455:22:LL_TIM_ClearFlag_UPDATE	16	static
../Drivers/STM32G4xx_HAL_Driver/Inc/stm32g4xx_ll_tim.h:5466:26:LL_TIM_IsActiveFlag_UPDATE	16	static
../Core/Src/stm32g4xx_it.c:80:6:NMI_Handler	4	static
../Core/Src/stm32g4xx_it.c:95:6:HardFault_Handler	4	static
../Core/Src/stm32g4xx_it.c:110:6:MemManage_Handler	4	static
../Core/Src/stm32g4xx_it.c:125:6:BusFault_Handler	4	static
../Core/Src/stm32g4xx_it.c:140:6:UsageFault_Handler	4	static
../Core/Src/stm32g4xx_it.c:155:6:SVC_Handler	4	static
../Core/Src/stm32g4xx_it.c:168:6:DebugMon_Handler	4	static
../Core/Src/stm32g4xx_it.c:181:6:PendSV_Handler	4	static
../Core/Src/stm32g4xx_it.c:194:6:SysTick_Handler	4	static
../Core/Src/stm32g4xx_it.c:215:6:DMA1_Channel3_IRQHandler	8	static
../Core/Src/stm32g4xx_it.c:234:6:DMA1_Channel4_IRQHandler	8	static
../Core/Src/stm32g4xx_it.c:252:6:TIM1_BRK_TIM15_IRQHandler	8	static
../Core/Src/stm32g4xx_it.c:270:6:TIM4_IRQHandler	8	static
../Core/Src/stm32g4xx_it.c:287:6:TIM6_DAC_IRQHandler	8	static
../Core/Src/stm32g4xx_it.c:319:6:TIM7_DAC_IRQHandler	8	static
