../Drivers/CMSIS/Include/core_cm4.h:1667:26:__NVIC_GetPriorityGrouping	4	static
../Drivers/CMSIS/Include/core_cm4.h:1679:22:__NVIC_EnableIRQ	16	static,ignoring_inline_asm
../Drivers/CMSIS/Include/core_cm4.h:1809:22:__NVIC_SetPriority	16	static
../Drivers/CMSIS/Include/core_cm4.h:1856:26:NVIC_EncodePriority	40	static
../Drivers/STM32G4xx_HAL_Driver/Inc/stm32g4xx_ll_bus.h:451:22:LL_AHB2_GRP1_EnableClock	24	static
../Drivers/STM32G4xx_HAL_Driver/Inc/stm32g4xx_ll_bus.h:913:22:LL_APB1_GRP1_EnableClock	24	static
../Drivers/STM32G4xx_HAL_Driver/Inc/stm32g4xx_ll_bus.h:1427:22:LL_APB2_GRP1_EnableClock	24	static
../Drivers/STM32G4xx_HAL_Driver/Inc/stm32g4xx_ll_tim.h:2023:22:LL_TIM_EnableCounter	16	static
../Drivers/STM32G4xx_HAL_Driver/Inc/stm32g4xx_ll_tim.h:2034:22:LL_TIM_DisableCounter	16	static
../Drivers/STM32G4xx_HAL_Driver/Inc/stm32g4xx_ll_tim.h:2203:22:LL_TIM_EnableARRPreload	16	static
../Drivers/STM32G4xx_HAL_Driver/Inc/stm32g4xx_ll_tim.h:2214:22:LL_TIM_DisableARRPreload	16	static
../Drivers/STM32G4xx_HAL_Driver/Inc/stm32g4xx_ll_tim.h:2277:22:LL_TIM_SetCounter	16	static
../Drivers/STM32G4xx_HAL_Driver/Inc/stm32g4xx_ll_tim.h:2291:26:LL_TIM_GetCounter	16	static
../Drivers/STM32G4xx_HAL_Driver/Inc/stm32g4xx_ll_tim.h:2604:22:LL_TIM_CC_EnableChannel	16	static
../Drivers/STM32G4xx_HAL_Driver/Inc/stm32g4xx_ll_tim.h:2993:22:LL_TIM_OC_DisableFast	24	static
../Drivers/STM32G4xx_HAL_Driver/Inc/stm32g4xx_ll_tim.h:3045:22:LL_TIM_OC_EnablePreload	24	static
../Drivers/STM32G4xx_HAL_Driver/Inc/stm32g4xx_ll_tim.h:3235:22:LL_TIM_OC_SetCompareCH2	16	static
../Drivers/STM32G4xx_HAL_Driver/Inc/stm32g4xx_ll_tim.h:3253:22:LL_TIM_OC_SetCompareCH3	16	static
../Drivers/STM32G4xx_HAL_Driver/Inc/stm32g4xx_ll_tim.h:3567:22:LL_TIM_IC_SetActiveInput	32	static
../Drivers/STM32G4xx_HAL_Driver/Inc/stm32g4xx_ll_tim.h:3617:22:LL_TIM_IC_SetPrescaler	32	static
../Drivers/STM32G4xx_HAL_Driver/Inc/stm32g4xx_ll_tim.h:3680:22:LL_TIM_IC_SetFilter	32	static
../Drivers/STM32G4xx_HAL_Driver/Inc/stm32g4xx_ll_tim.h:3746:22:LL_TIM_IC_SetPolarity	32	static
../Drivers/STM32G4xx_HAL_Driver/Inc/stm32g4xx_ll_tim.h:3954:22:LL_TIM_SetClockSource	16	static
../Drivers/STM32G4xx_HAL_Driver/Inc/stm32g4xx_ll_tim.h:3977:22:LL_TIM_SetEncoderMode	16	static
../Drivers/STM32G4xx_HAL_Driver/Inc/stm32g4xx_ll_tim.h:4007:22:LL_TIM_SetTriggerOutput	16	static
../Drivers/STM32G4xx_HAL_Driver/Inc/stm32g4xx_ll_tim.h:4037:22:LL_TIM_SetTriggerOutput2	16	static
../Drivers/STM32G4xx_HAL_Driver/Inc/stm32g4xx_ll_tim.h:4113:22:LL_TIM_DisableMasterSlaveMode	16	static
../Drivers/STM32G4xx_HAL_Driver/Inc/stm32g4xx_ll_tim.h:4623:22:LL_TIM_EnableAllOutputs	16	static
../Drivers/STM32G4xx_HAL_Driver/Inc/stm32g4xx_ll_tim.h:5921:22:LL_TIM_EnableIT_UPDATE	16	static
../Core/Src/tim.c:28:6:MX_TIM1_Init	56	static
../Core/Src/tim.c:95:6:MX_TIM2_Init	88	static
../Core/Src/tim.c:145:6:MX_TIM3_Init	88	static
../Core/Src/tim.c:195:6:MX_TIM4_Init	32	static
../Core/Src/tim.c:229:6:MX_TIM5_Init	56	static
../Core/Src/tim.c:290:6:MX_TIM6_Init	32	static
../Core/Src/tim.c:322:6:MX_TIM7_Init	32	static
../Core/Src/tim.c:354:6:MX_TIM8_Init	136	static
../Core/Src/tim.c:424:6:MX_TIM15_Init	32	static
../Core/Src/tim.c:460:6:TIMER_init	8	static
../Core/Src/tim.c:489:6:Enable_TIM2	8	static
../Core/Src/tim.c:493:6:Disable_TIM2	8	static
../Core/Src/tim.c:497:6:Enable_TIM3	8	static
../Core/Src/tim.c:501:6:Disable_TIM3	8	static
../Core/Src/tim.c:505:6:Enable_TIM1	8	static
../Core/Src/tim.c:509:6:Disable_TIM1	8	static
../Core/Src/tim.c:513:6:Enable_TIM5	8	static
../Core/Src/tim.c:517:6:Disable_TIM5	8	static
../Core/Src/tim.c:521:6:Set_DutyTIM2	24	static
../Core/Src/tim.c:529:6:Set_DutyTIM3	24	static
../Core/Src/tim.c:537:6:Clear_CounterTIM2	8	static
../Core/Src/tim.c:542:6:Clear_CounterTIM3	8	static
../Core/Src/tim.c:547:6:Clear_CounterTIM1	8	static
../Core/Src/tim.c:552:6:Clear_CounterTIM5	8	static
../Core/Src/tim.c:557:6:Clear_CounterTIM8	8	static
../Core/Src/tim.c:562:6:Enable_TIM8	8	static
../Core/Src/tim.c:566:6:Disable_TIM8	8	static
../Core/Src/tim.c:570:6:Set_DutyTIM8	24	static
../Core/Src/tim.c:578:10:Get_CounterTIM1	8	static
../Core/Src/tim.c:582:10:Get_CounterTIM5	8	static
